Component: ARM Compiler 5.06 update 7 (build 960) Tool: armlink [4d3601]

==============================================================================

Section Cross References

    main.o(i.main) refers to peripheralinit.o(i.PeripheralInit) for PeripheralInit
    main.o(i.main) refers to fflti.o(.text) for __aeabi_i2f
    main.o(i.main) refers to fadd.o(.text) for __aeabi_fadd
    main.o(i.main) refers to fdiv.o(.text) for __aeabi_fdiv
    main.o(i.main) refers to fmul.o(.text) for __aeabi_fmul
    main.o(i.main) refers to ffixi.o(.text) for __aeabi_f2iz
    main.o(i.main) refers to dac8563.o(i.DAC8563_Write_CHA) for DAC8563_Write_CHA
    main.o(i.main) refers to dac8563.o(i.DAC8563_Write_CHB) for DAC8563_Write_CHB
    main.o(i.main) refers to lze_lcd.o(i.LCD_Clear) for LCD_Clear
    main.o(i.main) refers to lze_lcd.o(i.LCD_WriteString) for LCD_WriteString
    main.o(i.main) refers to f2d.o(.text) for __aeabi_f2d
    main.o(i.main) refers to printfa.o(i.__0sprintf) for __2sprintf
    main.o(i.main) refers to key.o(i.Key_Scan) for Key_Scan
    main.o(i.main) refers to cfrcmple.o(.text) for __aeabi_cfrcmple
    main.o(i.main) refers to cfcmple.o(.text) for __aeabi_cfcmple
    main.o(i.main) refers to ffixui.o(.text) for __aeabi_f2uiz
    main.o(i.main) refers to dac8563.o(.data) for ZeroCode_Error
    peripheralinit.o(i.PeripheralInit) refers to key.o(i.Key_Init) for Key_Init
    peripheralinit.o(i.PeripheralInit) refers to lze_lcd.o(i.LCD_Init) for LCD_Init
    peripheralinit.o(i.PeripheralInit) refers to dac8563.o(i.DAC8563_GPIO_Init) for DAC8563_GPIO_Init
    key.o(i.Key_Init) refers to stm32f10x_rcc.o(i.RCC_APB2PeriphClockCmd) for RCC_APB2PeriphClockCmd
    key.o(i.Key_Init) refers to stm32f10x_gpio.o(i.GPIO_Init) for GPIO_Init
    key.o(i.Key_Scan) refers to stm32f10x_gpio.o(i.GPIO_ReadInputDataBit) for GPIO_ReadInputDataBit
    key.o(i.Key_Scan) refers to delay.o(i.Delay_1ms) for Delay_1ms
    lze_lcd.o(i.GetChineseCode) refers to lze_lcd.o(.data) for LCD_Currentfonts_CN
    lze_lcd.o(i.LCD_Clear) refers to lze_lcd.o(i.LCD_SetDisplayWindow) for LCD_SetDisplayWindow
    lze_lcd.o(i.LCD_Clear) refers to lze_lcd.o(i.LCD_WriteRAM_Prepare) for LCD_WriteRAM_Prepare
    lze_lcd.o(i.LCD_Clear) refers to lze_lcd.o(.bss) for LCD_Dev
    lze_lcd.o(i.LCD_CtrlLinesConfig) refers to stm32f10x_rcc.o(i.RCC_APB2PeriphClockCmd) for RCC_APB2PeriphClockCmd
    lze_lcd.o(i.LCD_CtrlLinesConfig) refers to stm32f10x_gpio.o(i.GPIO_Init) for GPIO_Init
    lze_lcd.o(i.LCD_CtrlLinesConfig) refers to stm32f10x_gpio.o(i.GPIO_SetBits) for GPIO_SetBits
    lze_lcd.o(i.LCD_DisplayChar) refers to lze_lcd.o(i.LCD_DrawChar) for LCD_DrawChar
    lze_lcd.o(i.LCD_DisplayChar) refers to lze_lcd.o(.data) for LCD_Currentfonts
    lze_lcd.o(i.LCD_DisplayChineseChar) refers to lze_lcd.o(i.GetChineseCode) for GetChineseCode
    lze_lcd.o(i.LCD_DisplayChineseChar) refers to lze_lcd.o(i.LCD_DrawChineseChar) for LCD_DrawChineseChar
    lze_lcd.o(i.LCD_DisplayOff) refers to lze_lcd.o(i.LCD_WR_REG) for LCD_WR_REG
    lze_lcd.o(i.LCD_DisplayOff) refers to lze_lcd.o(i.LCD_WriteReg) for LCD_WriteReg
    lze_lcd.o(i.LCD_DisplayOff) refers to lze_lcd.o(.bss) for LCD_Dev
    lze_lcd.o(i.LCD_DisplayOn) refers to lze_lcd.o(i.LCD_WR_REG) for LCD_WR_REG
    lze_lcd.o(i.LCD_DisplayOn) refers to lze_lcd.o(i.LCD_WriteReg) for LCD_WriteReg
    lze_lcd.o(i.LCD_DisplayOn) refers to lze_lcd.o(.bss) for LCD_Dev
    lze_lcd.o(i.LCD_DisplayString) refers to lze_lcd.o(i.LCD_DisplayChar) for LCD_DisplayChar
    lze_lcd.o(i.LCD_DisplayString) refers to lze_lcd.o(i.LCD_DisplayChineseChar) for LCD_DisplayChineseChar
    lze_lcd.o(i.LCD_DisplayString) refers to lze_lcd.o(.bss) for LCD_Dev
    lze_lcd.o(i.LCD_DisplayString) refers to lze_lcd.o(.data) for LCD_Currentfonts
    lze_lcd.o(i.LCD_Display_Dir) refers to lze_lcd.o(.bss) for LCD_Dev
    lze_lcd.o(i.LCD_DotLine_H) refers to lze_lcd.o(i.LCD_SetColors) for LCD_SetColors
    lze_lcd.o(i.LCD_DotLine_H) refers to lze_lcd.o(i.LCD_DrawDotHLine) for LCD_DrawDotHLine
    lze_lcd.o(i.LCD_DotLine_V) refers to lze_lcd.o(i.LCD_SetColors) for LCD_SetColors
    lze_lcd.o(i.LCD_DotLine_V) refers to lze_lcd.o(i.LCD_DrawDotVLine) for LCD_DrawDotVLine
    lze_lcd.o(i.LCD_DrawChar) refers to lze_lcd.o(i.LCD_SetDisplayWindow) for LCD_SetDisplayWindow
    lze_lcd.o(i.LCD_DrawChar) refers to lze_lcd.o(i.LCD_WriteRAM_Prepare) for LCD_WriteRAM_Prepare
    lze_lcd.o(i.LCD_DrawChar) refers to lze_lcd.o(i.LCD_WriteRAM) for LCD_WriteRAM
    lze_lcd.o(i.LCD_DrawChar) refers to lze_lcd.o(.data) for LCD_Currentfonts
    lze_lcd.o(i.LCD_DrawChar) refers to lze_lcd.o(.bss) for LCD_Dev
    lze_lcd.o(i.LCD_DrawChineseChar) refers to lze_lcd.o(i.LCD_SetDisplayWindow) for LCD_SetDisplayWindow
    lze_lcd.o(i.LCD_DrawChineseChar) refers to lze_lcd.o(i.LCD_WriteRAM_Prepare) for LCD_WriteRAM_Prepare
    lze_lcd.o(i.LCD_DrawChineseChar) refers to lze_lcd.o(i.LCD_WriteRAM) for LCD_WriteRAM
[...]
    lze_lcd.o(i.LCD_WriteChinese24x24string) refers to lze_lcd.o(.data) for Font24_CN
    lze_lcd.o(i.LCD_WriteNumChar) refers to printfa.o(i.__0sprintf) for __2sprintf
    lze_lcd.o(i.LCD_WriteNumChar) refers to lze_lcd.o(i.LCD_WriteString) for LCD_WriteString
    lze_lcd.o(i.LCD_WriteNumInt) refers to printfa.o(i.__0sprintf) for __2sprintf
    lze_lcd.o(i.LCD_WriteNumInt) refers to lze_lcd.o(i.LCD_WriteString) for LCD_WriteString
    lze_lcd.o(i.LCD_WriteNumLong) refers to printfa.o(i.__0sprintf) for __2sprintf
    lze_lcd.o(i.LCD_WriteNumLong) refers to lze_lcd.o(i.LCD_WriteString) for LCD_WriteString
    lze_lcd.o(i.LCD_WriteRAM_Prepare) refers to lze_lcd.o(.bss) for LCD_Dev
    lze_lcd.o(i.LCD_WriteString) refers to lze_lcd.o(i.LCD_SetColors) for LCD_SetColors
    lze_lcd.o(i.LCD_WriteString) refers to lze_lcd.o(i.LCD_DisplayString) for LCD_DisplayString
    lze_lcd.o(i.PutPixel) refers to lze_lcd.o(i.LCD_DrawHLine) for LCD_DrawHLine
    lze_lcd.o(i.PutPixel) refers to lze_lcd.o(.bss) for LCD_Dev
    lze_lcd.o(.data) refers to lze_lcd.o(.constdata) for Font8_Table
    spi.o(i.SPI2_Init) refers to stm32f10x_rcc.o(i.RCC_APB2PeriphClockCmd) for RCC_APB2PeriphClockCmd
    spi.o(i.SPI2_Init) refers to stm32f10x_rcc.o(i.RCC_APB1PeriphClockCmd) for RCC_APB1PeriphClockCmd
    spi.o(i.SPI2_Init) refers to stm32f10x_gpio.o(i.GPIO_Init) for GPIO_Init
    spi.o(i.SPI2_Init) refers to stm32f10x_gpio.o(i.GPIO_SetBits) for GPIO_SetBits
    spi.o(i.SPI2_Init) refers to stm32f10x_spi.o(i.SPI_Init) for SPI_Init
    spi.o(i.SPI2_Init) refers to stm32f10x_spi.o(i.SPI_Cmd) for SPI_Cmd
    spi.o(i.SPI2_Init) refers to spi.o(i.SPI2_ReadWriteByte) for SPI2_ReadWriteByte
    spi.o(i.SPI2_ReadByte) refers to stm32f10x_spi.o(i.SPI_I2S_GetFlagStatus) for SPI_I2S_GetFlagStatus
    spi.o(i.SPI2_ReadByte) refers to stm32f10x_spi.o(i.SPI_I2S_ReceiveData) for SPI_I2S_ReceiveData
    spi.o(i.SPI2_ReadWriteByte) refers to stm32f10x_spi.o(i.SPI_I2S_GetFlagStatus) for SPI_I2S_GetFlagStatus
    spi.o(i.SPI2_ReadWriteByte) refers to stm32f10x_spi.o(i.SPI_I2S_SendData) for SPI_I2S_SendData
    spi.o(i.SPI2_ReadWriteByte) refers to stm32f10x_spi.o(i.SPI_I2S_ReceiveData) for SPI_I2S_ReceiveData
    spi.o(i.SPI2_SetSpeed) refers to stm32f10x_spi.o(i.SPI_Cmd) for SPI_Cmd
    spi.o(i.SPI2_WriteByte) refers to stm32f10x_spi.o(i.SPI_I2S_GetFlagStatus) for SPI_I2S_GetFlagStatus
    spi.o(i.SPI2_WriteByte) refers to stm32f10x_spi.o(i.SPI_I2S_SendData) for SPI_I2S_SendData
    dac8563.o(i.DAC8563_GPIO_Init) refers to stm32f10x_rcc.o(i.RCC_APB2PeriphClockCmd) for RCC_APB2PeriphClockCmd
    dac8563.o(i.DAC8563_GPIO_Init) refers to stm32f10x_gpio.o(i.GPIO_Init) for GPIO_Init
    dac8563.o(i.DAC8563_GPIO_Init) refers to stm32f10x_gpio.o(i.GPIO_SetBits) for GPIO_SetBits
    dac8563.o(i.DAC8563_GPIO_Init) refers to spi.o(i.SPI2_Init) for SPI2_Init
    dac8563.o(i.DAC8563_GPIO_Init) refers to dac8563.o(i.DAC8563_Write_Reg) for DAC8563_Write_Reg
    dac8563.o(i.DAC8563_Write_CHA) refers to dac8563.o(i.DAC8563_Write_Reg) for DAC8563_Write_Reg
    dac8563.o(i.DAC8563_Write_CHA_CHB) refers to dac8563.o(i.DAC8563_Write_Reg) for DAC8563_Write_Reg
    dac8563.o(i.DAC8563_Write_CHB) refers to dac8563.o(i.DAC8563_Write_Reg) for DAC8563_Write_Reg
    dac8563.o(i.DAC8563_Write_Reg) refers to stm32f10x_gpio.o(i.GPIO_ResetBits) for GPIO_ResetBits
    dac8563.o(i.DAC8563_Write_Reg) refers to spi.o(i.SPI2_ReadWriteByte) for SPI2_ReadWriteByte
    dac8563.o(i.DAC8563_Write_Reg) refers to stm32f10x_gpio.o(i.GPIO_SetBits) for GPIO_SetBits
    stm32f10x_gpio.o(i.GPIO_AFIODeInit) refers to stm32f10x_rcc.o(i.RCC_APB2PeriphResetCmd) for RCC_APB2PeriphResetCmd
    stm32f10x_gpio.o(i.GPIO_DeInit) refers to stm32f10x_rcc.o(i.RCC_APB2PeriphResetCmd) for RCC_APB2PeriphResetCmd
    stm32f10x_rcc.o(i.RCC_GetClocksFreq) refers to stm32f10x_rcc.o(.data) for APBAHBPrescTable
    stm32f10x_rcc.o(i.RCC_WaitForHSEStartUp) refers to stm32f10x_rcc.o(i.RCC_GetFlagStatus) for RCC_GetFlagStatus
    stm32f10x_spi.o(i.I2S_Init) refers to stm32f10x_rcc.o(i.RCC_GetClocksFreq) for RCC_GetClocksFreq
    stm32f10x_spi.o(i.SPI_I2S_DeInit) refers to stm32f10x_rcc.o(i.RCC_APB2PeriphResetCmd) for RCC_APB2PeriphResetCmd
    stm32f10x_spi.o(i.SPI_I2S_DeInit) refers to stm32f10x_rcc.o(i.RCC_APB1PeriphResetCmd) for RCC_APB1PeriphResetCmd
    system_stm32f10x.o(i.SetSysClock) refers to system_stm32f10x.o(i.SetSysClockTo72) for SetSysClockTo72
    system_stm32f10x.o(i.SystemCoreClockUpdate) refers to system_stm32f10x.o(.data) for SystemCoreClock
    system_stm32f10x.o(i.SystemInit) refers to system_stm32f10x.o(i.SetSysClock) for SetSysClock
    startup_stm32f10x_hd.o(RESET) refers to startup_stm32f10x_hd.o(STACK) for __initial_sp
    startup_stm32f10x_hd.o(RESET) refers to startup_stm32f10x_hd.o(.text) for Reset_Handler
    startup_stm32f10x_hd.o(.text) refers to system_stm32f10x.o(i.SystemInit) for SystemInit
    startup_stm32f10x_hd.o(.text) refers to entry.o(.ARM.Collect$$$$00000000) for __main
    entry.o(.ARM.Collect$$$$00000000) refers (Special) to entry10a.o(.ARM.Collect$$$$0000000F) for __rt_final_cpp
    entry.o(.ARM.Collect$$$$00000000) refers (Special) to entry11a.o(.ARM.Collect$$$$00000011) for __rt_final_exit
    entry.o(.ARM.Collect$$$$00000000) refers (Special) to entry12b.o(.ARM.Collect$$$$0000000E) for __rt_lib_shutdown_fini
    entry.o(.ARM.Collect$$$$00000000) refers (Special) to entry7b.o(.ARM.Collect$$$$00000008) for _main_clock
    entry.o(.ARM.Collect$$$$00000000) refers (Special) to entry8b.o(.ARM.Collect$$$$0000000A) for _main_cpp_init
    entry.o(.ARM.Collect$$$$00000000) refers (Special) to entry9a.o(.ARM.Collect$$$$0000000B) for _main_init
    entry.o(.ARM.Collect$$$$00000000) refers (Special) to entry5.o(.ARM.Collect$$$$00000004) for _main_scatterload
    entry.o(.ARM.Collect$$$$00000000) refers (Special) to entry2.o(.ARM.Collect$$$$00000001) for _main_stk
    printfb.o(i.__0fprintf$bare) refers to printfb.o(i._printf_core) for _printf_core
    printfb.o(i.__0fprintf$bare) refers to fputc.o(i.fputc) for fputc
    printfb.o(i.__0printf$bare) refers to printfb.o(i._printf_core) for _printf_core
    printfb.o(i.__0printf$bare) refers to fputc.o(i.fputc) for fputc
    printfb.o(i.__0printf$bare) refers to stdout.o(.data) for __stdout
    printfb.o(i.__0snprintf$bare) refers to printfb.o(i._printf_core) for _printf_core
    printfb.o(i.__0snprintf$bare) refers to printfb.o(i._snputc) for _snputc
    printfb.o(i.__0sprintf$bare) refers to printfb.o(i._printf_core) for _printf_core
    printfb.o(i.__0sprintf$bare) refers to printfb.o(i._sputc) for _sputc
    printfb.o(i.__0vfprintf$bare) refers to printfb.o(i._printf_core) for _printf_core
    printfb.o(i.__0vfprintf$bare) refers to fputc.o(i.fputc) for fputc
    printfb.o(i.__0vprintf$bare) refers to printfb.o(i._printf_core) for _printf_core
    printfb.o(i.__0vprintf$bare) refers to fputc.o(i.fputc) for fputc
    printfb.o(i.__0vprintf$bare) refers to stdout.o(.data) for __stdout
    printfb.o(i.__0vsnprintf$bare) refers to printfb.o(i._printf_core) for _printf_core
    printfb.o(i.__0vsnprintf$bare) refers to printfb.o(i._snputc) for _snputc
    printfb.o(i.__0vsprintf$bare) refers to printfb.o(i._printf_core) for _printf_core
    printfb.o(i.__0vsprintf$bare) refers to printfb.o(i._sputc) for _sputc
    printf0.o(i.__0fprintf$0) refers to printf0.o(i._printf_core) for _printf_core
    printf0.o(i.__0fprintf$0) refers to fputc.o(i.fputc) for fputc
    printf0.o(i.__0printf$0) refers to printf0.o(i._printf_core) for _printf_core
    printf0.o(i.__0printf$0) refers to fputc.o(i.fputc) for fputc
    printf0.o(i.__0printf$0) refers to stdout.o(.data) for __stdout
    printf0.o(i.__0snprintf$0) refers to printf0.o(i._printf_core) for _printf_core
    printf0.o(i.__0snprintf$0) refers to printf0.o(i._snputc) for _snputc
    printf0.o(i.__0sprintf$0) refers to printf0.o(i._printf_core) for _printf_core
    printf0.o(i.__0sprintf$0) refers to printf0.o(i._sputc) for _sputc
    printf0.o(i.__0vfprintf$0) refers to printf0.o(i._printf_core) for _printf_core
    printf0.o(i.__0vfprintf$0) refers to fputc.o(i.fputc) for fputc
    printf0.o(i.__0vprintf$0) refers to printf0.o(i._printf_core) for _printf_core
    printf0.o(i.__0vprintf$0) refers to fputc.o(i.fputc) for fputc
    printf0.o(i.__0vprintf$0) refers to stdout.o(.data) for __stdout
    printf0.o(i.__0vsnprintf$0) refers to printf0.o(i._printf_core) for _printf_core
    printf0.o(i.__0vsnprintf$0) refers to printf0.o(i._snputc) for _snputc
    printf0.o(i.__0vsprintf$0) refers to printf0.o(i._printf_core) for _printf_core
    printf0.o(i.__0vsprintf$0) refers to printf0.o(i._sputc) for _sputc
    printf1.o(i.__0fprintf$1) refers to printf1.o(i._printf_core) for _printf_core
    printf1.o(i.__0fprintf$1) refers to fputc.o(i.fputc) for fputc
    printf1.o(i.__0printf$1) refers to printf1.o(i._printf_core) for _printf_core
    printf1.o(i.__0printf$1) refers to fputc.o(i.fputc) for fputc
    printf1.o(i.__0printf$1) refers to stdout.o(.data) for __stdout
    printf1.o(i.__0snprintf$1) refers to printf1.o(i._printf_core) for _printf_core
    printf1.o(i.__0snprintf$1) refers to printf1.o(i._snputc) for _snputc
    printf1.o(i.__0sprintf$1) refers to printf1.o(i._printf_core) for _printf_core
    printf1.o(i.__0sprintf$1) refers to printf1.o(i._sputc) for _sputc
    printf1.o(i.__0vfprintf$1) refers to printf1.o(i._printf_core) for _printf_core
    printf1.o(i.__0vfprintf$1) refers to fputc.o(i.fputc) for fputc
    printf1.o(i.__0vprintf$1) refers to printf1.o(i._printf_core) for _printf_core
    printf1.o(i.__0vprintf$1) refers to fputc.o(i.fputc) for fputc
    printf1.o(i.__0vprintf$1) refers to stdout.o(.data) for __stdout
    printf1.o(i.__0vsnprintf$1) refers to printf1.o(i._printf_core) for _printf_core
    printf1.o(i.__0vsnprintf$1) refers to printf1.o(i._snputc) for _snputc
    printf1.o(i.__0vsprintf$1) refers to printf1.o(i._printf_core) for _printf_core
    printf1.o(i.__0vsprintf$1) refers to printf1.o(i._sputc) for _sputc
    printf1.o(i._printf_core) refers to uidiv.o(.text) for __aeabi_uidivmod
    printf2.o(i.__0fprintf$2) refers to printf2.o(i._printf_core) for _printf_core
    printf2.o(i.__0fprintf$2) refers to fputc.o(i.fputc) for fputc
    printf2.o(i.__0printf$2) refers to printf2.o(i._printf_core) for _printf_core
    printf2.o(i.__0printf$2) refers to fputc.o(i.fputc) for fputc
    printf2.o(i.__0printf$2) refers to stdout.o(.data) for __stdout
    printf2.o(i.__0snprintf$2) refers to printf2.o(i._printf_core) for _printf_core
    printf2.o(i.__0snprintf$2) refers to printf2.o(i._snputc) for _snputc
    printf2.o(i.__0sprintf$2) refers to printf2.o(i._printf_core) for _printf_core
    printf2.o(i.__0sprintf$2) refers to printf2.o(i._sputc) for _sputc
    printf2.o(i.__0vfprintf$2) refers to printf2.o(i._printf_core) for _printf_core
    printf2.o(i.__0vfprintf$2) refers to fputc.o(i.fputc) for fputc
    printf2.o(i.__0vprintf$2) refers to printf2.o(i._printf_core) for _printf_core
    printf2.o(i.__0vprintf$2) refers to fputc.o(i.fputc) for fputc
    printf2.o(i.__0vprintf$2) refers to stdout.o(.data) for __stdout
    printf2.o(i.__0vsnprintf$2) refers to printf2.o(i._printf_core) for _printf_core
    printf2.o(i.__0vsnprintf$2) refers to printf2.o(i._snputc) for _snputc
    printf2.o(i.__0vsprintf$2) refers to printf2.o(i._printf_core) for _printf_core
    printf2.o(i.__0vsprintf$2) refers to printf2.o(i._sputc) for _sputc
    printf3.o(i.__0fprintf$3) refers to printf3.o(i._printf_core) for _printf_core
    printf3.o(i.__0fprintf$3) refers to fputc.o(i.fputc) for fputc
    printf3.o(i.__0printf$3) refers to printf3.o(i._printf_core) for _printf_core
    printf3.o(i.__0printf$3) refers to fputc.o(i.fputc) for fputc
    printf3.o(i.__0printf$3) refers to stdout.o(.data) for __stdout
    printf3.o(i.__0snprintf$3) refers to printf3.o(i._printf_core) for _printf_core
    printf3.o(i.__0snprintf$3) refers to printf3.o(i._snputc) for _snputc
    printf3.o(i.__0sprintf$3) refers to printf3.o(i._printf_core) for _printf_core
    printf3.o(i.__0sprintf$3) refers to printf3.o(i._sputc) for _sputc
    printf3.o(i.__0vfprintf$3) refers to printf3.o(i._printf_core) for _printf_core
    printf3.o(i.__0vfprintf$3) refers to fputc.o(i.fputc) for fputc
    printf3.o(i.__0vprintf$3) refers to printf3.o(i._printf_core) for _printf_core
    printf3.o(i.__0vprintf$3) refers to fputc.o(i.fputc) for fputc
    printf3.o(i.__0vprintf$3) refers to stdout.o(.data) for __stdout
    printf3.o(i.__0vsnprintf$3) refers to printf3.o(i._printf_core) for _printf_core
    printf3.o(i.__0vsnprintf$3) refers to printf3.o(i._snputc) for _snputc
    printf3.o(i.__0vsprintf$3) refers to printf3.o(i._printf_core) for _printf_core
    printf3.o(i.__0vsprintf$3) refers to printf3.o(i._sputc) for _sputc
    printf3.o(i._printf_core) refers to uidiv.o(.text) for __aeabi_uidivmod
    printf4.o(i.__0fprintf$4) refers to printf4.o(i._printf_core) for _printf_core
    printf4.o(i.__0fprintf$4) refers to fputc.o(i.fputc) for fputc
    printf4.o(i.__0printf$4) refers to printf4.o(i._printf_core) for _printf_core
    printf4.o(i.__0printf$4) refers to fputc.o(i.fputc) for fputc
    printf4.o(i.__0printf$4) refers to stdout.o(.data) for __stdout
    printf4.o(i.__0snprintf$4) refers to printf4.o(i._printf_core) for _printf_core
    printf4.o(i.__0snprintf$4) refers to printf4.o(i._snputc) for _snputc
    printf4.o(i.__0sprintf$4) refers to printf4.o(i._printf_core) for _printf_core
    printf4.o(i.__0sprintf$4) refers to printf4.o(i._sputc) for _sputc
    printf4.o(i.__0vfprintf$4) refers to printf4.o(i._printf_core) for _printf_core
    printf4.o(i.__0vfprintf$4) refers to fputc.o(i.fputc) for fputc
    printf4.o(i.__0vprintf$4) refers to printf4.o(i._printf_core) for _printf_core
    printf4.o(i.__0vprintf$4) refers to fputc.o(i.fputc) for fputc
    printf4.o(i.__0vprintf$4) refers to stdout.o(.data) for __stdout
    printf4.o(i.__0vsnprintf$4) refers to printf4.o(i._printf_core) for _printf_core
    printf4.o(i.__0vsnprintf$4) refers to printf4.o(i._snputc) for _snputc
    printf4.o(i.__0vsprintf$4) refers to printf4.o(i._printf_core) for _printf_core
    printf4.o(i.__0vsprintf$4) refers to printf4.o(i._sputc) for _sputc
    printf4.o(i._printf_core) refers to uldiv.o(.text) for __aeabi_uldivmod
    printf5.o(i.__0fprintf$5) refers to printf5.o(i._printf_core) for _printf_core
    printf5.o(i.__0fprintf$5) refers to fputc.o(i.fputc) for fputc
    printf5.o(i.__0printf$5) refers to printf5.o(i._printf_core) for _printf_core
    printf5.o(i.__0printf$5) refers to fputc.o(i.fputc) for fputc
    printf5.o(i.__0printf$5) refers to stdout.o(.data) for __stdout
    printf5.o(i.__0snprintf$5) refers to printf5.o(i._printf_core) for _printf_core
    printf5.o(i.__0snprintf$5) refers to printf5.o(i._snputc) for _snputc
    printf5.o(i.__0sprintf$5) refers to printf5.o(i._printf_core) for _printf_core
    printf5.o(i.__0sprintf$5) refers to printf5.o(i._sputc) for _sputc
    printf5.o(i.__0vfprintf$5) refers to printf5.o(i._printf_core) for _printf_core
    printf5.o(i.__0vfprintf$5) refers to fputc.o(i.fputc) for fputc
    printf5.o(i.__0vprintf$5) refers to printf5.o(i._printf_core) for _printf_core
    printf5.o(i.__0vprintf$5) refers to fputc.o(i.fputc) for fputc
    printf5.o(i.__0vprintf$5) refers to stdout.o(.data) for __stdout
    printf5.o(i.__0vsnprintf$5) refers to printf5.o(i._printf_core) for _printf_core
    printf5.o(i.__0vsnprintf$5) refers to printf5.o(i._snputc) for _snputc
    printf5.o(i.__0vsprintf$5) refers to printf5.o(i._printf_core) for _printf_core
    printf5.o(i.__0vsprintf$5) refers to printf5.o(i._sputc) for _sputc
    printf5.o(i._printf_core) refers to uldiv.o(.text) for __aeabi_uldivmod
    printf6.o(i.__0fprintf$6) refers to printf6.o(i._printf_core) for _printf_core
    printf6.o(i.__0fprintf$6) refers to fputc.o(i.fputc) for fputc
    printf6.o(i.__0printf$6) refers to printf6.o(i._printf_core) for _printf_core
    printf6.o(i.__0printf$6) refers to fputc.o(i.fputc) for fputc
    printf6.o(i.__0printf$6) refers to stdout.o(.data) for __stdout
    printf6.o(i.__0snprintf$6) refers to printf6.o(i._printf_core) for _printf_core
    printf6.o(i.__0snprintf$6) refers to printf6.o(i._snputc) for _snputc
    printf6.o(i.__0sprintf$6) refers to printf6.o(i._printf_core) for _printf_core
    printf6.o(i.__0sprintf$6) refers to printf6.o(i._sputc) for _sputc
    printf6.o(i.__0vfprintf$6) refers to printf6.o(i._printf_core) for _printf_core
    printf6.o(i.__0vfprintf$6) refers to fputc.o(i.fputc) for fputc
    printf6.o(i.__0vprintf$6) refers to printf6.o(i._printf_core) for _printf_core
    printf6.o(i.__0vprintf$6) refers to fputc.o(i.fputc) for fputc
    printf6.o(i.__0vprintf$6) refers to stdout.o(.data) for __stdout
    printf6.o(i.__0vsnprintf$6) refers to printf6.o(i._printf_core) for _printf_core
    printf6.o(i.__0vsnprintf$6) refers to printf6.o(i._snputc) for _snputc
    printf6.o(i.__0vsprintf$6) refers to printf6.o(i._printf_core) for _printf_core
    printf6.o(i.__0vsprintf$6) refers to printf6.o(i._sputc) for _sputc
    printf6.o(i._printf_core) refers to printf6.o(i._printf_pre_padding) for _printf_pre_padding
    printf6.o(i._printf_core) refers to uidiv.o(.text) for __aeabi_uidivmod
    printf6.o(i._printf_core) refers to printf6.o(i._printf_post_padding) for _printf_post_padding
    printf7.o(i.__0fprintf$7) refers to printf7.o(i._printf_core) for _printf_core
    printf7.o(i.__0fprintf$7) refers to fputc.o(i.fputc) for fputc
    printf7.o(i.__0printf$7) refers to printf7.o(i._printf_core) for _printf_core
    printf7.o(i.__0printf$7) refers to fputc.o(i.fputc) for fputc
    printf7.o(i.__0printf$7) refers to stdout.o(.data) for __stdout
    printf7.o(i.__0snprintf$7) refers to printf7.o(i._printf_core) for _printf_core
    printf7.o(i.__0snprintf$7) refers to printf7.o(i._snputc) for _snputc
    printf7.o(i.__0sprintf$7) refers to printf7.o(i._printf_core) for _printf_core
    printf7.o(i.__0sprintf$7) refers to printf7.o(i._sputc) for _sputc
    printf7.o(i.__0vfprintf$7) refers to printf7.o(i._printf_core) for _printf_core
    printf7.o(i.__0vfprintf$7) refers to fputc.o(i.fputc) for fputc
    printf7.o(i.__0vprintf$7) refers to printf7.o(i._printf_core) for _printf_core
    printf7.o(i.__0vprintf$7) refers to fputc.o(i.fputc) for fputc
    printf7.o(i.__0vprintf$7) refers to stdout.o(.data) for __stdout
    printf7.o(i.__0vsnprintf$7) refers to printf7.o(i._printf_core) for _printf_core
    printf7.o(i.__0vsnprintf$7) refers to printf7.o(i._snputc) for _snputc
    printf7.o(i.__0vsprintf$7) refers to printf7.o(i._printf_core) for _printf_core
    printf7.o(i.__0vsprintf$7) refers to printf7.o(i._sputc) for _sputc
    printf7.o(i._printf_core) refers to printf7.o(i._printf_pre_padding) for _printf_pre_padding
    printf7.o(i._printf_core) refers to uldiv.o(.text) for __aeabi_uldivmod
    printf7.o(i._printf_core) refers to printf7.o(i._printf_post_padding) for _printf_post_padding
    printf8.o(i.__0fprintf$8) refers to printf8.o(i._printf_core) for _printf_core
    printf8.o(i.__0fprintf$8) refers to fputc.o(i.fputc) for fputc
    printf8.o(i.__0printf$8) refers to printf8.o(i._printf_core) for _printf_core
    printf8.o(i.__0printf$8) refers to fputc.o(i.fputc) for fputc
    printf8.o(i.__0printf$8) refers to stdout.o(.data) for __stdout
    printf8.o(i.__0snprintf$8) refers to printf8.o(i._printf_core) for _printf_core
    printf8.o(i.__0snprintf$8) refers to printf8.o(i._snputc) for _snputc
    printf8.o(i.__0sprintf$8) refers to printf8.o(i._printf_core) for _printf_core
    printf8.o(i.__0sprintf$8) refers to printf8.o(i._sputc) for _sputc
    printf8.o(i.__0vfprintf$8) refers to printf8.o(i._printf_core) for _printf_core
    printf8.o(i.__0vfprintf$8) refers to fputc.o(i.fputc) for fputc
    printf8.o(i.__0vprintf$8) refers to printf8.o(i._printf_core) for _printf_core
    printf8.o(i.__0vprintf$8) refers to fputc.o(i.fputc) for fputc
    printf8.o(i.__0vprintf$8) refers to stdout.o(.data) for __stdout
    printf8.o(i.__0vsnprintf$8) refers to printf8.o(i._printf_core) for _printf_core
    printf8.o(i.__0vsnprintf$8) refers to printf8.o(i._snputc) for _snputc
    printf8.o(i.__0vsprintf$8) refers to printf8.o(i._printf_core) for _printf_core
    printf8.o(i.__0vsprintf$8) refers to printf8.o(i._sputc) for _sputc
    printf8.o(i._printf_core) refers to printf8.o(i._printf_pre_padding) for _printf_pre_padding
    printf8.o(i._printf_core) refers to uldiv.o(.text) for __aeabi_uldivmod
    printf8.o(i._printf_core) refers to printf8.o(i._printf_post_padding) for _printf_post_padding
    printfa.o(i.__0fprintf) refers (Special) to iusefp.o(.text) for __I$use$fp
    printfa.o(i.__0fprintf) refers to printfa.o(i._printf_core) for _printf_core
    printfa.o(i.__0fprintf) refers to fputc.o(i.fputc) for fputc
    printfa.o(i.__0printf) refers (Special) to iusefp.o(.text) for __I$use$fp
    printfa.o(i.__0printf) refers to printfa.o(i._printf_core) for _printf_core
    printfa.o(i.__0printf) refers to fputc.o(i.fputc) for fputc
    printfa.o(i.__0printf) refers to stdout.o(.data) for __stdout
    printfa.o(i.__0snprintf) refers (Special) to iusefp.o(.text) for __I$use$fp
    printfa.o(i.__0snprintf) refers to printfa.o(i._printf_core) for _printf_core
    printfa.o(i.__0snprintf) refers to printfa.o(i._snputc) for _snputc
    printfa.o(i.__0sprintf) refers (Special) to iusefp.o(.text) for __I$use$fp
    printfa.o(i.__0sprintf) refers to printfa.o(i._printf_core) for _printf_core
    printfa.o(i.__0sprintf) refers to printfa.o(i._sputc) for _sputc
    printfa.o(i.__0vfprintf) refers (Special) to iusefp.o(.text) for __I$use$fp
    printfa.o(i.__0vfprintf) refers to printfa.o(i._printf_core) for _printf_core
    printfa.o(i.__0vfprintf) refers to fputc.o(i.fputc) for fputc
    printfa.o(i.__0vprintf) refers (Special) to iusefp.o(.text) for __I$use$fp
    printfa.o(i.__0vprintf) refers to printfa.o(i._printf_core) for _printf_core
    printfa.o(i.__0vprintf) refers to fputc.o(i.fputc) for fputc
    printfa.o(i.__0vprintf) refers to stdout.o(.data) for __stdout
    printfa.o(i.__0vsnprintf) refers (Special) to iusefp.o(.text) for __I$use$fp
    printfa.o(i.__0vsnprintf) refers to printfa.o(i._printf_core) for _printf_core
    printfa.o(i.__0vsnprintf) refers to printfa.o(i._snputc) for _snputc
    printfa.o(i.__0vsprintf) refers (Special) to iusefp.o(.text) for __I$use$fp
    printfa.o(i.__0vsprintf) refers to printfa.o(i._printf_core) for _printf_core
    printfa.o(i.__0vsprintf) refers to printfa.o(i._sputc) for _sputc
    printfa.o(i._fp_digits) refers (Special) to iusefp.o(.text) for __I$use$fp
    printfa.o(i._fp_digits) refers to dmul.o(.text) for __aeabi_dmul
    printfa.o(i._fp_digits) refers to ddiv.o(.text) for __aeabi_ddiv
    printfa.o(i._fp_digits) refers to cdrcmple.o(.text) for __aeabi_cdrcmple
    printfa.o(i._fp_digits) refers to dadd.o(.text) for __aeabi_dadd
    printfa.o(i._fp_digits) refers to dfixul.o(.text) for __aeabi_d2ulz
    printfa.o(i._fp_digits) refers to uldiv.o(.text) for __aeabi_uldivmod
    printfa.o(i._printf_core) refers (Special) to iusefp.o(.text) for __I$use$fp
    printfa.o(i._printf_core) refers to printfa.o(i._printf_pre_padding) for _printf_pre_padding
    printfa.o(i._printf_core) refers to uldiv.o(.text) for __aeabi_uldivmod
    printfa.o(i._printf_core) refers to printfa.o(i._printf_post_padding) for _printf_post_padding
    printfa.o(i._printf_core) refers to printfa.o(i._fp_digits) for _fp_digits
    printfa.o(i._printf_core) refers to uidiv.o(.text) for __aeabi_uidivmod
    printfa.o(i._printf_post_padding) refers (Special) to iusefp.o(.text) for __I$use$fp
    printfa.o(i._printf_pre_padding) refers (Special) to iusefp.o(.text) for __I$use$fp
    printfa.o(i._snputc) refers (Special) to iusefp.o(.text) for __I$use$fp
    printfa.o(i._sputc) refers (Special) to iusefp.o(.text) for __I$use$fp
    fadd.o(.text) refers (Special) to iusefp.o(.text) for __I$use$fp
    fadd.o(.text) refers to fepilogue.o(.text) for _float_epilogue
    fmul.o(.text) refers (Special) to iusefp.o(.text) for __I$use$fp
    fdiv.o(.text) refers (Special) to iusefp.o(.text) for __I$use$fp
    fdiv.o(.text) refers to fepilogue.o(.text) for _float_round
    fflti.o(.text) refers (Special) to iusefp.o(.text) for __I$use$fp
    fflti.o(.text) refers to fepilogue.o(.text) for _float_epilogue
    ffixi.o(.text) refers (Special) to iusefp.o(.text) for __I$use$fp
    ffixui.o(.text) refers (Special) to iusefp.o(.text) for __I$use$fp
    f2d.o(.text) refers (Special) to iusefp.o(.text) for __I$use$fp
    cfcmple.o(.text) refers (Special) to iusefp.o(.text) for __I$use$fp
    cfrcmple.o(.text) refers (Special) to iusefp.o(.text) for __I$use$fp
    entry2.o(.ARM.Collect$$$$00000001) refers to entry2.o(.ARM.Collect$$$$00002712) for __lit__00000000
    entry2.o(.ARM.Collect$$$$00002712) refers to startup_stm32f10x_hd.o(STACK) for __initial_sp
    entry2.o(__vectab_stack_and_reset_area) refers to startup_stm32f10x_hd.o(STACK) for __initial_sp
    entry2.o(__vectab_stack_and_reset_area) refers to entry.o(.ARM.Collect$$$$00000000) for __main
    entry5.o(.ARM.Collect$$$$00000004) refers to init.o(.text) for __scatterload
    entry9a.o(.ARM.Collect$$$$0000000B) refers to main.o(i.main) for main
    entry9b.o(.ARM.Collect$$$$0000000C) refers to main.o(i.main) for main
    fputc.o(i.fputc) refers (Special) to iusesemip.o(.text) for __I$use$semihosting$fputc
    fputc.o(i.fputc) refers (Special) to semi.o(.text) for __semihosting_library_function
    uldiv.o(.text) refers to llushr.o(.text) for __aeabi_llsr
    uldiv.o(.text) refers to llshl.o(.text) for __aeabi_llsl
    dadd.o(.text) refers to llshl.o(.text) for __aeabi_llsl
    dadd.o(.text) refers to llsshr.o(.text) for __aeabi_lasr
    dadd.o(.text) refers to depilogue.o(.text) for _double_epilogue
    dmul.o(.text) refers to depilogue.o(.text) for _double_epilogue
    ddiv.o(.text) refers to depilogue.o(.text) for _double_round
    dfixul.o(.text) refers to llushr.o(.text) for __aeabi_llsr
    dfixul.o(.text) refers to llshl.o(.text) for __aeabi_llsl
    init.o(.text) refers to entry5.o(.ARM.Collect$$$$00000004) for __main_after_scatterload
    depilogue.o(.text) refers to llshl.o(.text) for __aeabi_llsl
    depilogue.o(.text) refers to llushr.o(.text) for __aeabi_llsr


==============================================================================

Removing Unused input sections from the image.

    Removing delay.o(i.Delay), (18 bytes).
    Removing delay.o(i.Delay_10us), (36 bytes).
    Removing delay.o(i.Delay_1us), (26 bytes).
    Removing delay.o(i.Delay_250us), (36 bytes).
    Removing delay.o(i.Delay_2us), (26 bytes).
    Removing delay.o(i.Delay_50ms), (40 bytes).
    Removing delay.o(i.Delay_5ms), (38 bytes).
    Removing delay.o(i.Delay_882us), (26 bytes).
    Removing delay.o(i.Delay_ns), (12 bytes).
    Removing delay.o(i.TimingDelay_Decrement), (2 bytes).
    Removing lze_lcd.o(i.LCD_DisplayOff), (36 bytes).
    Removing lze_lcd.o(i.LCD_DisplayOn), (40 bytes).
    Removing lze_lcd.o(i.LCD_DotLine_H), (38 bytes).
    Removing lze_lcd.o(i.LCD_DotLine_V), (38 bytes).
    Removing lze_lcd.o(i.LCD_DrawDotHLine), (100 bytes).
    Removing lze_lcd.o(i.LCD_DrawDotVLine), (100 bytes).
    Removing lze_lcd.o(i.LCD_DrawFullRect), (80 bytes).
    Removing lze_lcd.o(i.LCD_DrawHLine), (72 bytes).
    Removing lze_lcd.o(i.LCD_DrawMonoPict), (124 bytes).
    Removing lze_lcd.o(i.LCD_DrawRect), (64 bytes).
    Removing lze_lcd.o(i.LCD_DrawRgbPict), (92 bytes).
    Removing lze_lcd.o(i.LCD_DrawVLine), (72 bytes).
    Removing lze_lcd.o(i.LCD_FillBox), (48 bytes).
    Removing lze_lcd.o(i.LCD_GetColors), (24 bytes).
    Removing lze_lcd.o(i.LCD_LineBox), (48 bytes).
    Removing lze_lcd.o(i.LCD_Line_H), (40 bytes).
    Removing lze_lcd.o(i.LCD_Line_V), (40 bytes).
    Removing lze_lcd.o(i.LCD_PowerOn), (136 bytes).
    Removing lze_lcd.o(i.LCD_SetBackColor), (16 bytes).
    Removing lze_lcd.o(i.LCD_SetPoint), (136 bytes).
    Removing lze_lcd.o(i.LCD_SetTextColor), (16 bytes).
    Removing lze_lcd.o(i.LCD_WindowModeDisable), (28 bytes).
    Removing lze_lcd.o(i.LCD_WriteChinese24x24string), (68 bytes).
    Removing lze_lcd.o(i.LCD_WriteNumChar), (52 bytes).
    Removing lze_lcd.o(i.LCD_WriteNumInt), (52 bytes).
    Removing lze_lcd.o(i.LCD_WriteNumLong), (56 bytes).
    Removing lze_lcd.o(i.PutPixel), (56 bytes).
    Removing spi.o(i.SPI2_ReadByte), (44 bytes).
    Removing spi.o(i.SPI2_SetSpeed), (40 bytes).
    Removing spi.o(i.SPI2_WriteByte), (48 bytes).
    Removing dac8563.o(i.DAC8563_Write_CHA_CHB), (14 bytes).
    Removing misc.o(i.NVIC_Init), (112 bytes).
    Removing misc.o(i.NVIC_PriorityGroupConfig), (20 bytes).
    Removing misc.o(i.NVIC_SetVectorTable), (20 bytes).
    Removing misc.o(i.NVIC_SystemLPConfig), (32 bytes).
    Removing misc.o(i.SysTick_CLKSourceConfig), (40 bytes).
    Removing stm32f10x_gpio.o(i.GPIO_AFIODeInit), (20 bytes).
    Removing stm32f10x_gpio.o(i.GPIO_DeInit), (200 bytes).
    Removing stm32f10x_gpio.o(i.GPIO_ETH_MediaInterfaceConfig), (12 bytes).
    Removing stm32f10x_gpio.o(i.GPIO_EXTILineConfig), (64 bytes).
    Removing stm32f10x_gpio.o(i.GPIO_EventOutputCmd), (12 bytes).
    Removing stm32f10x_gpio.o(i.GPIO_EventOutputConfig), (32 bytes).
    Removing stm32f10x_gpio.o(i.GPIO_PinLockConfig), (18 bytes).
    Removing stm32f10x_gpio.o(i.GPIO_PinRemapConfig), (144 bytes).
    Removing stm32f10x_gpio.o(i.GPIO_ReadInputData), (8 bytes).
    Removing stm32f10x_gpio.o(i.GPIO_ReadOutputData), (8 bytes).
    Removing stm32f10x_gpio.o(i.GPIO_ReadOutputDataBit), (18 bytes).
    Removing stm32f10x_gpio.o(i.GPIO_StructInit), (16 bytes).
    Removing stm32f10x_gpio.o(i.GPIO_Write), (4 bytes).
    Removing stm32f10x_gpio.o(i.GPIO_WriteBit), (10 bytes).
    Removing stm32f10x_rcc.o(i.RCC_ADCCLKConfig), (24 bytes).
    Removing stm32f10x_rcc.o(i.RCC_APB1PeriphResetCmd), (32 bytes).
    Removing stm32f10x_rcc.o(i.RCC_APB2PeriphResetCmd), (32 bytes).
    Removing stm32f10x_rcc.o(i.RCC_AdjustHSICalibrationValue), (24 bytes).
    Removing stm32f10x_rcc.o(i.RCC_BackupResetCmd), (12 bytes).
    Removing stm32f10x_rcc.o(i.RCC_ClearFlag), (20 bytes).
    Removing stm32f10x_rcc.o(i.RCC_ClearITPendingBit), (12 bytes).
    Removing stm32f10x_rcc.o(i.RCC_ClockSecuritySystemCmd), (12 bytes).
    Removing stm32f10x_rcc.o(i.RCC_DeInit), (76 bytes).
    Removing stm32f10x_rcc.o(i.RCC_GetClocksFreq), (212 bytes).
    Removing stm32f10x_rcc.o(i.RCC_GetFlagStatus), (60 bytes).
    Removing stm32f10x_rcc.o(i.RCC_GetITStatus), (24 bytes).
    Removing stm32f10x_rcc.o(i.RCC_GetSYSCLKSource), (16 bytes).
    Removing stm32f10x_rcc.o(i.RCC_HCLKConfig), (24 bytes).
    Removing stm32f10x_rcc.o(i.RCC_HSEConfig), (76 bytes).
    Removing stm32f10x_rcc.o(i.RCC_HSICmd), (12 bytes).
    Removing stm32f10x_rcc.o(i.RCC_ITConfig), (32 bytes).
    Removing stm32f10x_rcc.o(i.RCC_LSEConfig), (52 bytes).
    Removing stm32f10x_rcc.o(i.RCC_LSICmd), (12 bytes).
    Removing stm32f10x_rcc.o(i.RCC_MCOConfig), (12 bytes).
    Removing stm32f10x_rcc.o(i.RCC_PCLK1Config), (24 bytes).
    Removing stm32f10x_rcc.o(i.RCC_PCLK2Config), (24 bytes).
    Removing stm32f10x_rcc.o(i.RCC_PLLCmd), (12 bytes).
    Removing stm32f10x_rcc.o(i.RCC_PLLConfig), (28 bytes).
    Removing stm32f10x_rcc.o(i.RCC_RTCCLKCmd), (12 bytes).
    Removing stm32f10x_rcc.o(i.RCC_RTCCLKConfig), (16 bytes).
    Removing stm32f10x_rcc.o(i.RCC_SYSCLKConfig), (24 bytes).
    Removing stm32f10x_rcc.o(i.RCC_USBCLKConfig), (12 bytes).
    Removing stm32f10x_rcc.o(i.RCC_WaitForHSEStartUp), (56 bytes).
    Removing stm32f10x_rcc.o(.data), (20 bytes).
    Removing stm32f10x_fsmc.o(i.FSMC_ClearFlag), (64 bytes).
    Removing stm32f10x_fsmc.o(i.FSMC_ClearITPendingBit), (72 bytes).
    Removing stm32f10x_fsmc.o(i.FSMC_GetECC), (28 bytes).
    Removing stm32f10x_fsmc.o(i.FSMC_GetFlagStatus), (56 bytes).
    Removing stm32f10x_fsmc.o(i.FSMC_GetITStatus), (68 bytes).
    Removing stm32f10x_fsmc.o(i.FSMC_ITConfig), (128 bytes).
    Removing stm32f10x_fsmc.o(i.FSMC_NANDCmd), (92 bytes).
    Removing stm32f10x_fsmc.o(i.FSMC_NANDDeInit), (68 bytes).
    Removing stm32f10x_fsmc.o(i.FSMC_NANDECCCmd), (92 bytes).
    Removing stm32f10x_fsmc.o(i.FSMC_NANDInit), (136 bytes).
    Removing stm32f10x_fsmc.o(i.FSMC_NANDStructInit), (54 bytes).
    Removing stm32f10x_fsmc.o(i.FSMC_NORSRAMDeInit), (54 bytes).
    Removing stm32f10x_fsmc.o(i.FSMC_NORSRAMStructInit), (114 bytes).
    Removing stm32f10x_fsmc.o(i.FSMC_PCCARDCmd), (48 bytes).
    Removing stm32f10x_fsmc.o(i.FSMC_PCCARDDeInit), (40 bytes).
    Removing stm32f10x_fsmc.o(i.FSMC_PCCARDInit), (132 bytes).
    Removing stm32f10x_fsmc.o(i.FSMC_PCCARDStructInit), (60 bytes).
    Removing stm32f10x_spi.o(i.I2S_Cmd), (24 bytes).
    Removing stm32f10x_spi.o(i.I2S_Init), (232 bytes).
    Removing stm32f10x_spi.o(i.I2S_StructInit), (20 bytes).
    Removing stm32f10x_spi.o(i.SPI_BiDirectionalLineConfig), (28 bytes).
    Removing stm32f10x_spi.o(i.SPI_CalculateCRC), (24 bytes).
    Removing stm32f10x_spi.o(i.SPI_DataSizeConfig), (18 bytes).
    Removing stm32f10x_spi.o(i.SPI_GetCRC), (16 bytes).
    Removing stm32f10x_spi.o(i.SPI_GetCRCPolynomial), (6 bytes).
    Removing stm32f10x_spi.o(i.SPI_I2S_ClearFlag), (6 bytes).
    Removing stm32f10x_spi.o(i.SPI_I2S_ClearITPendingBit), (20 bytes).
    Removing stm32f10x_spi.o(i.SPI_I2S_DMACmd), (18 bytes).
    Removing stm32f10x_spi.o(i.SPI_I2S_DeInit), (88 bytes).
    Removing stm32f10x_spi.o(i.SPI_I2S_GetITStatus), (52 bytes).
    Removing stm32f10x_spi.o(i.SPI_I2S_ITConfig), (32 bytes).
    Removing stm32f10x_spi.o(i.SPI_NSSInternalSoftwareConfig), (30 bytes).
    Removing stm32f10x_spi.o(i.SPI_SSOutputCmd), (24 bytes).
    Removing stm32f10x_spi.o(i.SPI_StructInit), (24 bytes).
    Removing stm32f10x_spi.o(i.SPI_TransmitCRC), (10 bytes).
    Removing core_cm3.o(.emb_text), (32 bytes).
    Removing system_stm32f10x.o(i.SystemCoreClockUpdate), (164 bytes).
    Removing system_stm32f10x.o(.data), (20 bytes).
    Removing startup_stm32f10x_hd.o(HEAP), (512 bytes).

129 unused section(s) (total 6578 bytes) removed from the image.

==============================================================================

Image Symbol Table

    Local Symbols

    Symbol Name                              Value     Ov Type        Size  Object(Section)

    ../clib/microlib/division.c              0x00000000   Number         0  uldiv.o ABSOLUTE
    ../clib/microlib/division.c              0x00000000   Number         0  uidiv.o ABSOLUTE
    ../clib/microlib/init/entry.s            0x00000000   Number         0  entry12a.o ABSOLUTE
    ../clib/microlib/init/entry.s            0x00000000   Number         0  entry11b.o ABSOLUTE
    ../clib/microlib/init/entry.s            0x00000000   Number         0  entry5.o ABSOLUTE
    ../clib/microlib/init/entry.s            0x00000000   Number         0  entry.o ABSOLUTE
    ../clib/microlib/init/entry.s            0x00000000   Number         0  entry12b.o ABSOLUTE
    ../clib/microlib/init/entry.s            0x00000000   Number         0  entry8a.o ABSOLUTE
    ../clib/microlib/init/entry.s            0x00000000   Number         0  entry7b.o ABSOLUTE
    ../clib/microlib/init/entry.s            0x00000000   Number         0  entry2.o ABSOLUTE
    ../clib/microlib/init/entry.s            0x00000000   Number         0  entry8b.o ABSOLUTE
    ../clib/microlib/init/entry.s            0x00000000   Number         0  entry9a.o ABSOLUTE
    ../clib/microlib/init/entry.s            0x00000000   Number         0  entry9b.o ABSOLUTE
    ../clib/microlib/init/entry.s            0x00000000   Number         0  entry10a.o ABSOLUTE
    ../clib/microlib/init/entry.s            0x00000000   Number         0  entry10b.o ABSOLUTE
    ../clib/microlib/init/entry.s            0x00000000   Number         0  entry11a.o ABSOLUTE
    ../clib/microlib/init/entry.s            0x00000000   Number         0  entry7a.o ABSOLUTE
    ../clib/microlib/longlong.c              0x00000000   Number         0  llsshr.o ABSOLUTE
    ../clib/microlib/longlong.c              0x00000000   Number         0  llushr.o ABSOLUTE
    ../clib/microlib/longlong.c              0x00000000   Number         0  llshl.o ABSOLUTE
    ../clib/microlib/printf/printf.c         0x00000000   Number         0  printf8.o ABSOLUTE
    ../clib/microlib/printf/printf.c         0x00000000   Number         0  printf7.o ABSOLUTE
    ../clib/microlib/printf/printf.c         0x00000000   Number         0  printf6.o ABSOLUTE
    ../clib/microlib/printf/printf.c         0x00000000   Number         0  printf5.o ABSOLUTE
    ../clib/microlib/printf/printf.c         0x00000000   Number         0  printf4.o ABSOLUTE
    ../clib/microlib/printf/printf.c         0x00000000   Number         0  printf2.o ABSOLUTE
    ../clib/microlib/printf/printf.c         0x00000000   Number         0  printf1.o ABSOLUTE
    ../clib/microlib/printf/printf.c         0x00000000   Number         0  printf0.o ABSOLUTE
    ../clib/microlib/printf/printf.c         0x00000000   Number         0  printfb.o ABSOLUTE
    ../clib/microlib/printf/printf.c         0x00000000   Number         0  printf3.o ABSOLUTE
    ../clib/microlib/printf/printf.c         0x00000000   Number         0  printfa.o ABSOLUTE
    ../clib/microlib/printf/stubs.s          0x00000000   Number         0  stubs.o ABSOLUTE
    ../clib/microlib/stdio/fputc.c           0x00000000   Number         0  fputc.o ABSOLUTE
    ../clib/microlib/stdio/semi.s            0x00000000   Number         0  semi.o ABSOLUTE
    ../clib/microlib/stdio/streams.c         0x00000000   Number         0  stdout.o ABSOLUTE
    ../clib/microlib/stubs.s                 0x00000000   Number         0  iusesemip.o ABSOLUTE
    ../clib/microlib/stubs.s                 0x00000000   Number         0  iusefp.o ABSOLUTE
    ../fplib/microlib/f2d.c                  0x00000000   Number         0  f2d.o ABSOLUTE
    ../fplib/microlib/fpadd.c                0x00000000   Number         0  dadd.o ABSOLUTE
    ../fplib/microlib/fpadd.c                0x00000000   Number         0  fadd.o ABSOLUTE
    ../fplib/microlib/fpdiv.c                0x00000000   Number         0  ddiv.o ABSOLUTE
    ../fplib/microlib/fpdiv.c                0x00000000   Number         0  fdiv.o ABSOLUTE
    ../fplib/microlib/fpepilogue.c           0x00000000   Number         0  depilogue.o ABSOLUTE
    ../fplib/microlib/fpepilogue.c           0x00000000   Number         0  fepilogue.o ABSOLUTE
    ../fplib/microlib/fpfix.c                0x00000000   Number         0  dfixul.o ABSOLUTE
    ../fplib/microlib/fpfix.c                0x00000000   Number         0  ffixi.o ABSOLUTE
    ../fplib/microlib/fpfix.c                0x00000000   Number         0  ffixui.o ABSOLUTE
    ../fplib/microlib/fpflt.c                0x00000000   Number         0  fflti.o ABSOLUTE
    ../fplib/microlib/fpmul.c                0x00000000   Number         0  dmul.o ABSOLUTE
    ../fplib/microlib/fpmul.c                0x00000000   Number         0  fmul.o ABSOLUTE
    ..\CMSIS\CoreSupport\core_cm3.c          0x00000000   Number         0  core_cm3.o ABSOLUTE
    ..\CMSIS\DeviceSupport\STM32F10x\startup_stm32f10x_hd.s 0x00000000   Number         0  startup_stm32f10x_hd.o ABSOLUTE
    ..\CMSIS\DeviceSupport\STM32F10x\system_stm32f10x.c 0x00000000   Number         0  system_stm32f10x.o ABSOLUTE
    ..\STM32F10x_StdPeriph_Driver\src\misc.c 0x00000000   Number         0  misc.o ABSOLUTE
    ..\STM32F10x_StdPeriph_Driver\src\stm32f10x_fsmc.c 0x00000000   Number         0  stm32f10x_fsmc.o ABSOLUTE
    ..\STM32F10x_StdPeriph_Driver\src\stm32f10x_gpio.c 0x00000000   Number         0  stm32f10x_gpio.o ABSOLUTE
    ..\STM32F10x_StdPeriph_Driver\src\stm32f10x_rcc.c 0x00000000   Number         0  stm32f10x_rcc.o ABSOLUTE
    ..\STM32F10x_StdPeriph_Driver\src\stm32f10x_spi.c 0x00000000   Number         0  stm32f10x_spi.o ABSOLUTE
    ..\User\Delay.c                          0x00000000   Number         0  delay.o ABSOLUTE
    ..\User\PeripheralInit.c                 0x00000000   Number         0  peripheralinit.o ABSOLUTE
    ..\User\dac8563.c                        0x00000000   Number         0  dac8563.o ABSOLUTE
    ..\User\key.c                            0x00000000   Number         0  key.o ABSOLUTE
    ..\User\lze_lcd.c                        0x00000000   Number         0  lze_lcd.o ABSOLUTE
    ..\User\main.c                           0x00000000   Number         0  main.o ABSOLUTE
    ..\User\spi.c                            0x00000000   Number         0  spi.o ABSOLUTE
    ..\\CMSIS\\CoreSupport\\core_cm3.c       0x00000000   Number         0  core_cm3.o ABSOLUTE
    cdrcmple.s                               0x00000000   Number         0  cdrcmple.o ABSOLUTE
    cfcmple.s                                0x00000000   Number         0  cfcmple.o ABSOLUTE
    cfrcmple.s                               0x00000000   Number         0  cfrcmple.o ABSOLUTE
    dc.s                                     0x00000000   Number         0  dc.o ABSOLUTE
    handlers.s                               0x00000000   Number         0  handlers.o ABSOLUTE
    init.s                                   0x00000000   Number         0  init.o ABSOLUTE
    RESET                                    0x08000000   Section      304  startup_stm32f10x_hd.o(RESET)
    .ARM.Collect$$$$00000000                 0x08000130   Section        0  entry.o(.ARM.Collect$$$$00000000)
    .ARM.Collect$$$$00000001                 0x08000130   Section        4  entry2.o(.ARM.Collect$$$$00000001)
    .ARM.Collect$$$$00000004                 0x08000134   Section        4  entry5.o(.ARM.Collect$$$$00000004)
    .ARM.Collect$$$$00000008                 0x08000138   Section        0  entry7b.o(.ARM.Collect$$$$00000008)
    .ARM.Collect$$$$0000000A                 0x08000138   Section        0  entry8b.o(.ARM.Collect$$$$0000000A)
    .ARM.Collect$$$$0000000B                 0x08000138   Section        8  entry9a.o(.ARM.Collect$$$$0000000B)
    .ARM.Collect$$$$0000000E                 0x08000140   Section        4  entry12b.o(.ARM.Collect$$$$0000000E)
    .ARM.Collect$$$$0000000F                 0x08000144   Section        0  entry10a.o(.ARM.Collect$$$$0000000F)
    .ARM.Collect$$$$00000011                 0x08000144   Section        0  entry11a.o(.ARM.Collect$$$$00000011)
    .ARM.Collect$$$$00002712                 0x08000144   Section        4  entry2.o(.ARM.Collect$$$$00002712)
    __lit__00000000                          0x08000144   Data           4  entry2.o(.ARM.Collect$$$$00002712)
    .text                                    0x08000148   Section       36  startup_stm32f10x_hd.o(.text)
    .text                                    0x0800016c   Section        0  fadd.o(.text)
    .text                                    0x0800021c   Section        0  fmul.o(.text)
    .text                                    0x08000280   Section        0  fdiv.o(.text)
    .text                                    0x080002fc   Section        0  fflti.o(.text)
    .text                                    0x0800030e   Section        0  ffixi.o(.text)
    .text                                    0x08000340   Section        0  ffixui.o(.text)
    .text                                    0x08000368   Section        0  f2d.o(.text)
    .text                                    0x08000390   Section       20  cfcmple.o(.text)
    .text                                    0x080003a4   Section       20  cfrcmple.o(.text)
    .text                                    0x080003b8   Section        0  uidiv.o(.text)
    .text                                    0x080003e4   Section        0  uldiv.o(.text)
    .text                                    0x08000446   Section        0  iusefp.o(.text)
    .text                                    0x08000446   Section        0  fepilogue.o(.text)
    .text                                    0x080004b4   Section        0  dadd.o(.text)
    .text                                    0x08000602   Section        0  dmul.o(.text)
    .text                                    0x080006e6   Section        0  ddiv.o(.text)
    .text                                    0x080007c4   Section        0  dfixul.o(.text)
    .text                                    0x080007f4   Section       48  cdrcmple.o(.text)
    .text                                    0x08000824   Section       36  init.o(.text)
    .text                                    0x08000848   Section        0  llshl.o(.text)
    .text                                    0x08000866   Section        0  llushr.o(.text)
    .text                                    0x08000886   Section        0  llsshr.o(.text)
    .text                                    0x080008aa   Section        0  depilogue.o(.text)
    i.DAC8563_GPIO_Init                      0x08000964   Section        0  dac8563.o(i.DAC8563_GPIO_Init)
    i.DAC8563_Write_CHA                      0x080009b8   Section        0  dac8563.o(i.DAC8563_Write_CHA)
    i.DAC8563_Write_CHB                      0x080009c6   Section        0  dac8563.o(i.DAC8563_Write_CHB)
    i.DAC8563_Write_Reg                      0x080009d4   Section        0  dac8563.o(i.DAC8563_Write_Reg)
    i.Delay_1ms                              0x08000a08   Section        0  delay.o(i.Delay_1ms)
    i.FSMC_NORSRAMCmd                        0x08000a2c   Section        0  stm32f10x_fsmc.o(i.FSMC_NORSRAMCmd)
    i.FSMC_NORSRAMInit                       0x08000a60   Section        0  stm32f10x_fsmc.o(i.FSMC_NORSRAMInit)
    i.GPIO_Init                              0x08000b46   Section        0  stm32f10x_gpio.o(i.GPIO_Init)
    i.GPIO_ReadInputDataBit                  0x08000c5c   Section        0  stm32f10x_gpio.o(i.GPIO_ReadInputDataBit)
    i.GPIO_ResetBits                         0x08000c6e   Section        0  stm32f10x_gpio.o(i.GPIO_ResetBits)
    i.GPIO_SetBits                           0x08000c72   Section        0  stm32f10x_gpio.o(i.GPIO_SetBits)
    i.GetChineseCode                         0x08000c78   Section        0  lze_lcd.o(i.GetChineseCode)
    i.Key_Init                               0x08000cd4   Section        0  key.o(i.Key_Init)
    i.Key_Scan                               0x08000d00   Section        0  key.o(i.Key_Scan)
    i.LCD_Clear                              0x08000da8   Section        0  lze_lcd.o(i.LCD_Clear)
    i.LCD_CtrlLinesConfig                    0x08000de4   Section        0  lze_lcd.o(i.LCD_CtrlLinesConfig)
    i.LCD_DisplayChar                        0x08000e58   Section        0  lze_lcd.o(i.LCD_DisplayChar)
    i.LCD_DisplayChineseChar                 0x08000e9c   Section        0  lze_lcd.o(i.LCD_DisplayChineseChar)
    i.LCD_DisplayString                      0x08000ec0   Section        0  lze_lcd.o(i.LCD_DisplayString)
    i.LCD_Display_Dir                        0x08000f3c   Section        0  lze_lcd.o(i.LCD_Display_Dir)
    i.LCD_DrawChar                           0x08001088   Section        0  lze_lcd.o(i.LCD_DrawChar)
    LCD_DrawChar                             0x08001089   Thumb Code   140  lze_lcd.o(i.LCD_DrawChar)
    i.LCD_DrawChineseChar                    0x08001124   Section        0  lze_lcd.o(i.LCD_DrawChineseChar)
    LCD_DrawChineseChar                      0x08001125   Thumb Code   164  lze_lcd.o(i.LCD_DrawChineseChar)
    i.LCD_FSMCConfig                         0x080011d8   Section        0  lze_lcd.o(i.LCD_FSMCConfig)
    i.LCD_Init                               0x08001244   Section        0  lze_lcd.o(i.LCD_Init)
    i.LCD_ReadRAM                            0x080016d8   Section        0  lze_lcd.o(i.LCD_ReadRAM)
    i.LCD_ReadReg                            0x080016e4   Section        0  lze_lcd.o(i.LCD_ReadReg)
    i.LCD_SetColors                          0x080016f4   Section        0  lze_lcd.o(i.LCD_SetColors)
    i.LCD_SetCursor                          0x08001710   Section        0  lze_lcd.o(i.LCD_SetCursor)
    LCD_SetCursor                            0x08001711   Thumb Code   100  lze_lcd.o(i.LCD_SetCursor)
    i.LCD_SetDisplayWindow                   0x08001778   Section        0  lze_lcd.o(i.LCD_SetDisplayWindow)
    i.LCD_SetFont                            0x08001908   Section        0  lze_lcd.o(i.LCD_SetFont)
    i.LCD_WR_DATA                            0x0800191c   Section        0  lze_lcd.o(i.LCD_WR_DATA)
    i.LCD_WR_REG                             0x08001928   Section        0  lze_lcd.o(i.LCD_WR_REG)
    i.LCD_WriteRAM                           0x08001934   Section        0  lze_lcd.o(i.LCD_WriteRAM)
    i.LCD_WriteRAM_Prepare                   0x08001940   Section        0  lze_lcd.o(i.LCD_WriteRAM_Prepare)
    i.LCD_WriteReg                           0x08001954   Section        0  lze_lcd.o(i.LCD_WriteReg)
    i.LCD_WriteString                        0x08001964   Section        0  lze_lcd.o(i.LCD_WriteString)
    i.PeripheralInit                         0x0800198a   Section        0  peripheralinit.o(i.PeripheralInit)
    i.RCC_AHBPeriphClockCmd                  0x0800199c   Section        0  stm32f10x_rcc.o(i.RCC_AHBPeriphClockCmd)
    i.RCC_APB1PeriphClockCmd                 0x080019bc   Section        0  stm32f10x_rcc.o(i.RCC_APB1PeriphClockCmd)
    i.RCC_APB2PeriphClockCmd                 0x080019dc   Section        0  stm32f10x_rcc.o(i.RCC_APB2PeriphClockCmd)
    i.SPI2_Init                              0x080019fc   Section        0  spi.o(i.SPI2_Init)
    i.SPI2_ReadWriteByte                     0x08001a90   Section        0  spi.o(i.SPI2_ReadWriteByte)
    i.SPI_Cmd                                0x08001ae4   Section        0  stm32f10x_spi.o(i.SPI_Cmd)
    i.SPI_I2S_GetFlagStatus                  0x08001afc   Section        0  stm32f10x_spi.o(i.SPI_I2S_GetFlagStatus)
    i.SPI_I2S_ReceiveData                    0x08001b0e   Section        0  stm32f10x_spi.o(i.SPI_I2S_ReceiveData)
    i.SPI_I2S_SendData                       0x08001b14   Section        0  stm32f10x_spi.o(i.SPI_I2S_SendData)
    i.SPI_Init                               0x08001b18   Section        0  stm32f10x_spi.o(i.SPI_Init)
    i.SetSysClock                            0x08001b54   Section        0  system_stm32f10x.o(i.SetSysClock)
    SetSysClock                              0x08001b55   Thumb Code     8  system_stm32f10x.o(i.SetSysClock)
    i.SetSysClockTo72                        0x08001b5c   Section        0  system_stm32f10x.o(i.SetSysClockTo72)
    SetSysClockTo72                          0x08001b5d   Thumb Code   214  system_stm32f10x.o(i.SetSysClockTo72)
    i.SystemInit                             0x08001c3c   Section        0  system_stm32f10x.o(i.SystemInit)
    i.__0sprintf                             0x08001c9c   Section        0  printfa.o(i.__0sprintf)
    i.__scatterload_copy                     0x08001cc4   Section       14  handlers.o(i.__scatterload_copy)
    i.__scatterload_null                     0x08001cd2   Section        2  handlers.o(i.__scatterload_null)
    i.__scatterload_zeroinit                 0x08001cd4   Section       14  handlers.o(i.__scatterload_zeroinit)
    i._fp_digits                             0x08001ce4   Section        0  printfa.o(i._fp_digits)
    _fp_digits                               0x08001ce5   Thumb Code   366  printfa.o(i._fp_digits)
    i._printf_core                           0x08001e68   Section        0  printfa.o(i._printf_core)
    _printf_core                             0x08001e69   Thumb Code  1704  printfa.o(i._printf_core)
    i._printf_post_padding                   0x0800251c   Section        0  printfa.o(i._printf_post_padding)
    _printf_post_padding                     0x0800251d   Thumb Code    36  printfa.o(i._printf_post_padding)
    i._printf_pre_padding                    0x08002540   Section        0  printfa.o(i._printf_pre_padding)
    _printf_pre_padding                      0x08002541   Thumb Code    46  printfa.o(i._printf_pre_padding)
    i._sputc                                 0x0800256e   Section        0  printfa.o(i._sputc)
    _sputc                                   0x0800256f   Thumb Code    10  printfa.o(i._sputc)
    i.main                                   0x08002578   Section        0  main.o(i.main)
    .constdata                               0x08002ab8   Section    19780  lze_lcd.o(.constdata)
    .data                                    0x20000000   Section       76  lze_lcd.o(.data)
    .data                                    0x2000004c   Section        2  dac8563.o(.data)
    .bss                                     0x20000050   Section       16  lze_lcd.o(.bss)
    STACK                                    0x20000060   Section     1024  startup_stm32f10x_hd.o(STACK)

    Global Symbols

    Symbol Name                              Value     Ov Type        Size  Object(Section)

    BuildAttributes$$THM_ISAv4$P$D$K$B$S$PE$A:L22UL41UL21$X:L11$S22US41US21$IEEE1$IW$USESV6$~STKCKD$USESV7$~SHL$OTIME$ROPI$EBA8$MICROLIB$REQ8$PRES8$EABIv2 0x00000000   Number         0  anon$$obj.o ABSOLUTE
    __ARM_use_no_argv                        0x00000000   Number         0  main.o ABSOLUTE
    _printf_a                                0x00000000   Number         0  stubs.o ABSOLUTE
    _printf_c                                0x00000000   Number         0  stubs.o ABSOLUTE
    _printf_charcount                        0x00000000   Number         0  stubs.o ABSOLUTE
    _printf_d                                0x00000000   Number         0  stubs.o ABSOLUTE
    _printf_e                                0x00000000   Number         0  stubs.o ABSOLUTE
    _printf_f                                0x00000000   Number         0  stubs.o ABSOLUTE
    _printf_flags                            0x00000000   Number         0  stubs.o ABSOLUTE
    _printf_fp_dec                           0x00000000   Number         0  stubs.o ABSOLUTE
    _printf_fp_hex                           0x00000000   Number         0  stubs.o ABSOLUTE
    _printf_g                                0x00000000   Number         0  stubs.o ABSOLUTE
    _printf_i                                0x00000000   Number         0  stubs.o ABSOLUTE
    _printf_int_dec                          0x00000000   Number         0  stubs.o ABSOLUTE
    _printf_l                                0x00000000   Number         0  stubs.o ABSOLUTE
    _printf_lc                               0x00000000   Number         0  stubs.o ABSOLUTE
    _printf_ll                               0x00000000   Number         0  stubs.o ABSOLUTE
    _printf_lld                              0x00000000   Number         0  stubs.o ABSOLUTE
    _printf_lli                              0x00000000   Number         0  stubs.o ABSOLUTE
    _printf_llo                              0x00000000   Number         0  stubs.o ABSOLUTE
    _printf_llu                              0x00000000   Number         0  stubs.o ABSOLUTE
    _printf_llx                              0x00000000   Number         0  stubs.o ABSOLUTE
    _printf_longlong_dec                     0x00000000   Number         0  stubs.o ABSOLUTE
    _printf_longlong_hex                     0x00000000   Number         0  stubs.o ABSOLUTE
    _printf_longlong_oct                     0x00000000   Number         0  stubs.o ABSOLUTE
    _printf_ls                               0x00000000   Number         0  stubs.o ABSOLUTE
    _printf_mbtowc                           0x00000000   Number         0  stubs.o ABSOLUTE
    _printf_n                                0x00000000   Number         0  stubs.o ABSOLUTE
    _printf_o                                0x00000000   Number         0  stubs.o ABSOLUTE
    _printf_p                                0x00000000   Number         0  stubs.o ABSOLUTE
    _printf_percent                          0x00000000   Number         0  stubs.o ABSOLUTE
    _printf_pre_padding                      0x00000000   Number         0  stubs.o ABSOLUTE
    _printf_return_value                     0x00000000   Number         0  stubs.o ABSOLUTE
    _printf_s                                0x00000000   Number         0  stubs.o ABSOLUTE
    _printf_sizespec                         0x00000000   Number         0  stubs.o ABSOLUTE
    _printf_str                              0x00000000   Number         0  stubs.o ABSOLUTE
    _printf_truncate_signed                  0x00000000   Number         0  stubs.o ABSOLUTE
    _printf_truncate_unsigned                0x00000000   Number         0  stubs.o ABSOLUTE
    _printf_u                                0x00000000   Number         0  stubs.o ABSOLUTE
    _printf_wc                               0x00000000   Number         0  stubs.o ABSOLUTE
    _printf_wctomb                           0x00000000   Number         0  stubs.o ABSOLUTE
    _printf_widthprec                        0x00000000   Number         0  stubs.o ABSOLUTE
    _printf_x                                0x00000000   Number         0  stubs.o ABSOLUTE
    __arm_fini_                               - Undefined Weak Reference
    __cpp_initialize__aeabi_                  - Undefined Weak Reference
    __cxa_finalize                            - Undefined Weak Reference
    __decompress                              - Undefined Weak Reference
    _clock_init                               - Undefined Weak Reference
    _microlib_exit                            - Undefined Weak Reference
    __Vectors_Size                           0x00000130   Number         0  startup_stm32f10x_hd.o ABSOLUTE
    __Vectors                                0x08000000   Data           4  startup_stm32f10x_hd.o(RESET)
    __Vectors_End                            0x08000130   Data           0  startup_stm32f10x_hd.o(RESET)
    __main                                   0x08000131   Thumb Code     0  entry.o(.ARM.Collect$$$$00000000)
    _main_stk                                0x08000131   Thumb Code     0  entry2.o(.ARM.Collect$$$$00000001)
    _main_scatterload                        0x08000135   Thumb Code     0  entry5.o(.ARM.Collect$$$$00000004)
    __main_after_scatterload                 0x08000139   Thumb Code     0  entry5.o(.ARM.Collect$$$$00000004)
    _main_clock                              0x08000139   Thumb Code     0  entry7b.o(.ARM.Collect$$$$00000008)
    _main_cpp_init                           0x08000139   Thumb Code     0  entry8b.o(.ARM.Collect$$$$0000000A)
    _main_init                               0x08000139   Thumb Code     0  entry9a.o(.ARM.Collect$$$$0000000B)
    __rt_lib_shutdown_fini                   0x08000141   Thumb Code     0  entry12b.o(.ARM.Collect$$$$0000000E)
    __rt_final_cpp                           0x08000145   Thumb Code     0  entry10a.o(.ARM.Collect$$$$0000000F)
    __rt_final_exit                          0x08000145   Thumb Code     0  entry11a.o(.ARM.Collect$$$$00000011)
    Reset_Handler                            0x08000149   Thumb Code     8  startup_stm32f10x_hd.o(.text)
    NMI_Handler                              0x08000151   Thumb Code     2  startup_stm32f10x_hd.o(.text)
    HardFault_Handler                        0x08000153   Thumb Code     2  startup_stm32f10x_hd.o(.text)
    MemManage_Handler                        0x08000155   Thumb Code     2  startup_stm32f10x_hd.o(.text)
    BusFault_Handler                         0x08000157   Thumb Code     2  startup_stm32f10x_hd.o(.text)
    UsageFault_Handler                       0x08000159   Thumb Code     2  startup_stm32f10x_hd.o(.text)
    SVC_Handler                              0x0800015b   Thumb Code     2  startup_stm32f10x_hd.o(.text)
    DebugMon_Handler                         0x0800015d   Thumb Code     2  startup_stm32f10x_hd.o(.text)
    PendSV_Handler                           0x0800015f   Thumb Code     2  startup_stm32f10x_hd.o(.text)
    SysTick_Handler                          0x08000161   Thumb Code     2  startup_stm32f10x_hd.o(.text)
    ADC1_2_IRQHandler                        0x08000163   Thumb Code     0  startup_stm32f10x_hd.o(.text)
    ADC3_IRQHandler                          0x08000163   Thumb Code     0  startup_stm32f10x_hd.o(.text)
    CAN1_RX1_IRQHandler                      0x08000163   Thumb Code     0  startup_stm32f10x_hd.o(.text)
    CAN1_SCE_IRQHandler                      0x08000163   Thumb Code     0  startup_stm32f10x_hd.o(.text)
    DMA1_Channel1_IRQHandler                 0x08000163   Thumb Code     0  startup_stm32f10x_hd.o(.text)
    DMA1_Channel2_IRQHandler                 0x08000163   Thumb Code     0  startup_stm32f10x_hd.o(.text)
    DMA1_Channel3_IRQHandler                 0x08000163   Thumb Code     0  startup_stm32f10x_hd.o(.text)
    DMA1_Channel4_IRQHandler                 0x08000163   Thumb Code     0  startup_stm32f10x_hd.o(.text)
    DMA1_Channel5_IRQHandler                 0x08000163   Thumb Code     0  startup_stm32f10x_hd.o(.text)
    DMA1_Channel6_IRQHandler                 0x08000163   Thumb Code     0  startup_stm32f10x_hd.o(.text)
    DMA1_Channel7_IRQHandler                 0x08000163   Thumb Code     0  startup_stm32f10x_hd.o(.text)
    DMA2_Channel1_IRQHandler                 0x08000163   Thumb Code     0  startup_stm32f10x_hd.o(.text)
    DMA2_Channel2_IRQHandler                 0x08000163   Thumb Code     0  startup_stm32f10x_hd.o(.text)
    DMA2_Channel3_IRQHandler                 0x08000163   Thumb Code     0  startup_stm32f10x_hd.o(.text)
    DMA2_Channel4_5_IRQHandler               0x08000163   Thumb Code     0  startup_stm32f10x_hd.o(.text)
    EXTI0_IRQHandler                         0x08000163   Thumb Code     0  startup_stm32f10x_hd.o(.text)
    EXTI15_10_IRQHandler                     0x08000163   Thumb Code     0  startup_stm32f10x_hd.o(.text)
    EXTI1_IRQHandler                         0x08000163   Thumb Code     0  startup_stm32f10x_hd.o(.text)
    EXTI2_IRQHandler                         0x08000163   Thumb Code     0  startup_stm32f10x_hd.o(.text)
    EXTI3_IRQHandler                         0x08000163   Thumb Code     0  startup_stm32f10x_hd.o(.text)
    EXTI4_IRQHandler                         0x08000163   Thumb Code     0  startup_stm32f10x_hd.o(.text)
    EXTI9_5_IRQHandler                       0x08000163   Thumb Code     0  startup_stm32f10x_hd.o(.text)
    FLASH_IRQHandler                         0x08000163   Thumb Code     0  startup_stm32f10x_hd.o(.text)
    FSMC_IRQHandler                          0x08000163   Thumb Code     0  startup_stm32f10x_hd.o(.text)
    I2C1_ER_IRQHandler                       0x08000163   Thumb Code     0  startup_stm32f10x_hd.o(.text)
    I2C1_EV_IRQHandler                       0x08000163   Thumb Code     0  startup_stm32f10x_hd.o(.text)
    I2C2_ER_IRQHandler                       0x08000163   Thumb Code     0  startup_stm32f10x_hd.o(.text)
    I2C2_EV_IRQHandler                       0x08000163   Thumb Code     0  startup_stm32f10x_hd.o(.text)
    PVD_IRQHandler                           0x08000163   Thumb Code     0  startup_stm32f10x_hd.o(.text)
    RCC_IRQHandler                           0x08000163   Thumb Code     0  startup_stm32f10x_hd.o(.text)
    RTCAlarm_IRQHandler                      0x08000163   Thumb Code     0  startup_stm32f10x_hd.o(.text)
    RTC_IRQHandler                           0x08000163   Thumb Code     0  startup_stm32f10x_hd.o(.text)
    SDIO_IRQHandler                          0x08000163   Thumb Code     0  startup_stm32f10x_hd.o(.text)
    SPI1_IRQHandler                          0x08000163   Thumb Code     0  startup_stm32f10x_hd.o(.text)
    SPI2_IRQHandler                          0x08000163   Thumb Code     0  startup_stm32f10x_hd.o(.text)
    SPI3_IRQHandler                          0x08000163   Thumb Code     0  startup_stm32f10x_hd.o(.text)
    TAMPER_IRQHandler                        0x08000163   Thumb Code     0  startup_stm32f10x_hd.o(.text)
    TIM1_BRK_IRQHandler                      0x08000163   Thumb Code     0  startup_stm32f10x_hd.o(.text)
    TIM1_CC_IRQHandler                       0x08000163   Thumb Code     0  startup_stm32f10x_hd.o(.text)
    TIM1_TRG_COM_IRQHandler                  0x08000163   Thumb Code     0  startup_stm32f10x_hd.o(.text)
    TIM1_UP_IRQHandler                       0x08000163   Thumb Code     0  startup_stm32f10x_hd.o(.text)
    TIM2_IRQHandler                          0x08000163   Thumb Code     0  startup_stm32f10x_hd.o(.text)
    TIM3_IRQHandler                          0x08000163   Thumb Code     0  startup_stm32f10x_hd.o(.text)
    TIM4_IRQHandler                          0x08000163   Thumb Code     0  startup_stm32f10x_hd.o(.text)
    TIM5_IRQHandler                          0x08000163   Thumb Code     0  startup_stm32f10x_hd.o(.text)
    TIM6_IRQHandler                          0x08000163   Thumb Code     0  startup_stm32f10x_hd.o(.text)
    TIM7_IRQHandler                          0x08000163   Thumb Code     0  startup_stm32f10x_hd.o(.text)
    TIM8_BRK_IRQHandler                      0x08000163   Thumb Code     0  startup_stm32f10x_hd.o(.text)
    TIM8_CC_IRQHandler                       0x08000163   Thumb Code     0  startup_stm32f10x_hd.o(.text)
    TIM8_TRG_COM_IRQHandler                  0x08000163   Thumb Code     0  startup_stm32f10x_hd.o(.text)
    TIM8_UP_IRQHandler                       0x08000163   Thumb Code     0  startup_stm32f10x_hd.o(.text)
    UART4_IRQHandler                         0x08000163   Thumb Code     0  startup_stm32f10x_hd.o(.text)
    UART5_IRQHandler                         0x08000163   Thumb Code     0  startup_stm32f10x_hd.o(.text)
    USART1_IRQHandler                        0x08000163   Thumb Code     0  startup_stm32f10x_hd.o(.text)
    USART2_IRQHandler                        0x08000163   Thumb Code     0  startup_stm32f10x_hd.o(.text)
    USART3_IRQHandler                        0x08000163   Thumb Code     0  startup_stm32f10x_hd.o(.text)
    USBWakeUp_IRQHandler                     0x08000163   Thumb Code     0  startup_stm32f10x_hd.o(.text)
    USB_HP_CAN1_TX_IRQHandler                0x08000163   Thumb Code     0  startup_stm32f10x_hd.o(.text)
    USB_LP_CAN1_RX0_IRQHandler               0x08000163   Thumb Code     0  startup_stm32f10x_hd.o(.text)
    WWDG_IRQHandler                          0x08000163   Thumb Code     0  startup_stm32f10x_hd.o(.text)
    __aeabi_fadd                             0x0800016d   Thumb Code   164  fadd.o(.text)
    __aeabi_fsub                             0x08000211   Thumb Code     6  fadd.o(.text)
    __aeabi_frsub                            0x08000217   Thumb Code     6  fadd.o(.text)
    __aeabi_fmul                             0x0800021d   Thumb Code   100  fmul.o(.text)
    __aeabi_fdiv                             0x08000281   Thumb Code   124  fdiv.o(.text)
    __aeabi_i2f                              0x080002fd   Thumb Code    18  fflti.o(.text)
    __aeabi_f2iz                             0x0800030f   Thumb Code    50  ffixi.o(.text)
    __aeabi_f2uiz                            0x08000341   Thumb Code    40  ffixui.o(.text)
    __aeabi_f2d                              0x08000369   Thumb Code    38  f2d.o(.text)
    __aeabi_cfcmpeq                          0x08000391   Thumb Code     0  cfcmple.o(.text)
    __aeabi_cfcmple                          0x08000391   Thumb Code    20  cfcmple.o(.text)
    __aeabi_cfrcmple                         0x080003a5   Thumb Code    20  cfrcmple.o(.text)
    __aeabi_uidiv                            0x080003b9   Thumb Code     0  uidiv.o(.text)
    __aeabi_uidivmod                         0x080003b9   Thumb Code    44  uidiv.o(.text)
    __aeabi_uldivmod                         0x080003e5   Thumb Code    98  uldiv.o(.text)
    __I$use$fp                               0x08000447   Thumb Code     0  iusefp.o(.text)
    _float_round                             0x08000447   Thumb Code    18  fepilogue.o(.text)
    _float_epilogue                          0x08000459   Thumb Code    92  fepilogue.o(.text)
    __aeabi_dadd                             0x080004b5   Thumb Code   322  dadd.o(.text)
    __aeabi_dsub                             0x080005f7   Thumb Code     6  dadd.o(.text)
    __aeabi_drsub                            0x080005fd   Thumb Code     6  dadd.o(.text)
    __aeabi_dmul                             0x08000603   Thumb Code   228  dmul.o(.text)
    __aeabi_ddiv                             0x080006e7   Thumb Code   222  ddiv.o(.text)
    __aeabi_d2ulz                            0x080007c5   Thumb Code    48  dfixul.o(.text)
    __aeabi_cdrcmple                         0x080007f5   Thumb Code    48  cdrcmple.o(.text)
    __scatterload                            0x08000825   Thumb Code    28  init.o(.text)
    __scatterload_rt2                        0x08000825   Thumb Code     0  init.o(.text)
    __aeabi_llsl                             0x08000849   Thumb Code    30  llshl.o(.text)
    _ll_shift_l                              0x08000849   Thumb Code     0  llshl.o(.text)
    __aeabi_llsr                             0x08000867   Thumb Code    32  llushr.o(.text)
    _ll_ushift_r                             0x08000867   Thumb Code     0  llushr.o(.text)
    __aeabi_lasr                             0x08000887   Thumb Code    36  llsshr.o(.text)
    _ll_sshift_r                             0x08000887   Thumb Code     0  llsshr.o(.text)
    _double_round                            0x080008ab   Thumb Code    30  depilogue.o(.text)
    _double_epilogue                         0x080008c9   Thumb Code   156  depilogue.o(.text)
    DAC8563_GPIO_Init                        0x08000965   Thumb Code    78  dac8563.o(i.DAC8563_GPIO_Init)
    DAC8563_Write_CHA                        0x080009b9   Thumb Code    14  dac8563.o(i.DAC8563_Write_CHA)
    DAC8563_Write_CHB                        0x080009c7   Thumb Code    14  dac8563.o(i.DAC8563_Write_CHB)
    DAC8563_Write_Reg                        0x080009d5   Thumb Code    46  dac8563.o(i.DAC8563_Write_Reg)
    Delay_1ms                                0x08000a09   Thumb Code    36  delay.o(i.Delay_1ms)
    FSMC_NORSRAMCmd                          0x08000a2d   Thumb Code    46  stm32f10x_fsmc.o(i.FSMC_NORSRAMCmd)
    FSMC_NORSRAMInit                         0x08000a61   Thumb Code   230  stm32f10x_fsmc.o(i.FSMC_NORSRAMInit)
    GPIO_Init                                0x08000b47   Thumb Code   278  stm32f10x_gpio.o(i.GPIO_Init)
    GPIO_ReadInputDataBit                    0x08000c5d   Thumb Code    18  stm32f10x_gpio.o(i.GPIO_ReadInputDataBit)
    GPIO_ResetBits                           0x08000c6f   Thumb Code     4  stm32f10x_gpio.o(i.GPIO_ResetBits)
    GPIO_SetBits                             0x08000c73   Thumb Code     4  stm32f10x_gpio.o(i.GPIO_SetBits)
    GetChineseCode                           0x08000c79   Thumb Code    88  lze_lcd.o(i.GetChineseCode)
    Key_Init                                 0x08000cd5   Thumb Code    38  key.o(i.Key_Init)
    Key_Scan                                 0x08000d01   Thumb Code   164  key.o(i.Key_Scan)
    LCD_Clear                                0x08000da9   Thumb Code    50  lze_lcd.o(i.LCD_Clear)
    LCD_CtrlLinesConfig                      0x08000de5   Thumb Code   106  lze_lcd.o(i.LCD_CtrlLinesConfig)
    LCD_DisplayChar                          0x08000e59   Thumb Code    62  lze_lcd.o(i.LCD_DisplayChar)
    LCD_DisplayChineseChar                   0x08000e9d   Thumb Code    34  lze_lcd.o(i.LCD_DisplayChineseChar)
    LCD_DisplayString                        0x08000ec1   Thumb Code   110  lze_lcd.o(i.LCD_DisplayString)
    LCD_Display_Dir                          0x08000f3d   Thumb Code   328  lze_lcd.o(i.LCD_Display_Dir)
    LCD_FSMCConfig                           0x080011d9   Thumb Code   108  lze_lcd.o(i.LCD_FSMCConfig)
    LCD_Init                                 0x08001245   Thumb Code  1154  lze_lcd.o(i.LCD_Init)
    LCD_ReadRAM                              0x080016d9   Thumb Code     6  lze_lcd.o(i.LCD_ReadRAM)
    LCD_ReadReg                              0x080016e5   Thumb Code    12  lze_lcd.o(i.LCD_ReadReg)
    LCD_SetColors                            0x080016f5   Thumb Code    20  lze_lcd.o(i.LCD_SetColors)
    LCD_SetDisplayWindow                     0x08001779   Thumb Code   396  lze_lcd.o(i.LCD_SetDisplayWindow)
    LCD_SetFont                              0x08001909   Thumb Code    10  lze_lcd.o(i.LCD_SetFont)
    LCD_WR_DATA                              0x0800191d   Thumb Code     6  lze_lcd.o(i.LCD_WR_DATA)
    LCD_WR_REG                               0x08001929   Thumb Code     6  lze_lcd.o(i.LCD_WR_REG)
    LCD_WriteRAM                             0x08001935   Thumb Code     6  lze_lcd.o(i.LCD_WriteRAM)
    LCD_WriteRAM_Prepare                     0x08001941   Thumb Code    10  lze_lcd.o(i.LCD_WriteRAM_Prepare)
    LCD_WriteReg                             0x08001955   Thumb Code    10  lze_lcd.o(i.LCD_WriteReg)
    LCD_WriteString                          0x08001965   Thumb Code    38  lze_lcd.o(i.LCD_WriteString)
    PeripheralInit                           0x0800198b   Thumb Code    16  peripheralinit.o(i.PeripheralInit)
    RCC_AHBPeriphClockCmd                    0x0800199d   Thumb Code    26  stm32f10x_rcc.o(i.RCC_AHBPeriphClockCmd)
    RCC_APB1PeriphClockCmd                   0x080019bd   Thumb Code    26  stm32f10x_rcc.o(i.RCC_APB1PeriphClockCmd)
    RCC_APB2PeriphClockCmd                   0x080019dd   Thumb Code    26  stm32f10x_rcc.o(i.RCC_APB2PeriphClockCmd)
    SPI2_Init                                0x080019fd   Thumb Code   138  spi.o(i.SPI2_Init)
    SPI2_ReadWriteByte                       0x08001a91   Thumb Code    78  spi.o(i.SPI2_ReadWriteByte)
    SPI_Cmd                                  0x08001ae5   Thumb Code    24  stm32f10x_spi.o(i.SPI_Cmd)
    SPI_I2S_GetFlagStatus                    0x08001afd   Thumb Code    18  stm32f10x_spi.o(i.SPI_I2S_GetFlagStatus)
    SPI_I2S_ReceiveData                      0x08001b0f   Thumb Code     6  stm32f10x_spi.o(i.SPI_I2S_ReceiveData)
    SPI_I2S_SendData                         0x08001b15   Thumb Code     4  stm32f10x_spi.o(i.SPI_I2S_SendData)
    SPI_Init                                 0x08001b19   Thumb Code    60  stm32f10x_spi.o(i.SPI_Init)
    SystemInit                               0x08001c3d   Thumb Code    78  system_stm32f10x.o(i.SystemInit)
    __0sprintf                               0x08001c9d   Thumb Code    34  printfa.o(i.__0sprintf)
    __1sprintf                               0x08001c9d   Thumb Code     0  printfa.o(i.__0sprintf)
    __2sprintf                               0x08001c9d   Thumb Code     0  printfa.o(i.__0sprintf)
    __c89sprintf                             0x08001c9d   Thumb Code     0  printfa.o(i.__0sprintf)
    sprintf                                  0x08001c9d   Thumb Code     0  printfa.o(i.__0sprintf)
    __scatterload_copy                       0x08001cc5   Thumb Code    14  handlers.o(i.__scatterload_copy)
    __scatterload_null                       0x08001cd3   Thumb Code     2  handlers.o(i.__scatterload_null)
    __scatterload_zeroinit                   0x08001cd5   Thumb Code    14  handlers.o(i.__scatterload_zeroinit)
    main                                     0x08002579   Thumb Code  1328  main.o(i.main)
    Font8_Table                              0x08002ab8   Data         760  lze_lcd.o(.constdata)
    Font12_Table                             0x08002db0   Data        1140  lze_lcd.o(.constdata)
    Font16_Table                             0x08003224   Data        1520  lze_lcd.o(.constdata)
    Font20_Table                             0x08003814   Data        3800  lze_lcd.o(.constdata)
    Font24_Table                             0x080046ec   Data        6840  lze_lcd.o(.constdata)
    codeGB_16                                0x080061a4   Data        5200  lze_lcd.o(.constdata)
    codeGB_24                                0x080075f4   Data         520  lze_lcd.o(.constdata)
    Region$$Table$$Base                      0x080077fc   Number         0  anon$$obj.o(Region$$Table)
    Region$$Table$$Limit                     0x0800781c   Number         0  anon$$obj.o(Region$$Table)
    Font8                                    0x20000000   Data           8  lze_lcd.o(.data)
    Font12                                   0x20000008   Data           8  lze_lcd.o(.data)
    Font16                                   0x20000010   Data           8  lze_lcd.o(.data)
    Font20                                   0x20000018   Data           8  lze_lcd.o(.data)
    Font24                                   0x20000020   Data           8  lze_lcd.o(.data)
    Font16_CN                                0x20000028   Data          12  lze_lcd.o(.data)
    Font24_CN                                0x20000034   Data          12  lze_lcd.o(.data)
    LCD_Currentfonts                         0x20000040   Data           4  lze_lcd.o(.data)
    LCD_Currentfonts_CN                      0x20000044   Data           4  lze_lcd.o(.data)
    TextColor                                0x20000048   Data           2  lze_lcd.o(.data)
    BackColor                                0x2000004a   Data           2  lze_lcd.o(.data)
    ZeroCode_Error                           0x2000004c   Data           2  dac8563.o(.data)
    LCD_Dev                                  0x20000050   Data          16  lze_lcd.o(.bss)
    __initial_sp                             0x20000460   Data           0  startup_stm32f10x_hd.o(STACK)



==============================================================================

Memory Map of the image

  Image Entry point : 0x08000131

  Load Region LR_IROM1 (Base: 0x08000000, Size: 0x0000786c, Max: 0x00040000, ABSOLUTE)

    Execution Region ER_IROM1 (Exec base: 0x08000000, Load base: 0x08000000, Size: 0x0000781c, Max: 0x00040000, ABSOLUTE)

    Exec Addr    Load Addr    Size         Type   Attr      Idx    E Section Name        Object

    0x08000000   0x08000000   0x00000130   Data   RO         1254    RESET               startup_stm32f10x_hd.o
    0x08000130   0x08000130   0x00000000   Code   RO         1259  * .ARM.Collect$$$$00000000  mc_w.l(entry.o)
    0x08000130   0x08000130   0x00000004   Code   RO         1541    .ARM.Collect$$$$00000001  mc_w.l(entry2.o)
    0x08000134   0x08000134   0x00000004   Code   RO         1544    .ARM.Collect$$$$00000004  mc_w.l(entry5.o)
    0x08000138   0x08000138   0x00000000   Code   RO         1546    .ARM.Collect$$$$00000008  mc_w.l(entry7b.o)
    0x08000138   0x08000138   0x00000000   Code   RO         1548    .ARM.Collect$$$$0000000A  mc_w.l(entry8b.o)
    0x08000138   0x08000138   0x00000008   Code   RO         1549    .ARM.Collect$$$$0000000B  mc_w.l(entry9a.o)
    0x08000140   0x08000140   0x00000004   Code   RO         1556    .ARM.Collect$$$$0000000E  mc_w.l(entry12b.o)
    0x08000144   0x08000144   0x00000000   Code   RO         1551    .ARM.Collect$$$$0000000F  mc_w.l(entry10a.o)
    0x08000144   0x08000144   0x00000000   Code   RO         1553    .ARM.Collect$$$$00000011  mc_w.l(entry11a.o)
    0x08000144   0x08000144   0x00000004   Code   RO         1542    .ARM.Collect$$$$00002712  mc_w.l(entry2.o)
    0x08000148   0x08000148   0x00000024   Code   RO         1255    .text               startup_stm32f10x_hd.o
    0x0800016c   0x0800016c   0x000000b0   Code   RO         1523    .text               mf_w.l(fadd.o)
    0x0800021c   0x0800021c   0x00000064   Code   RO         1525    .text               mf_w.l(fmul.o)
    0x08000280   0x08000280   0x0000007c   Code   RO         1527    .text               mf_w.l(fdiv.o)
    0x080002fc   0x080002fc   0x00000012   Code   RO         1529    .text               mf_w.l(fflti.o)
    0x0800030e   0x0800030e   0x00000032   Code   RO         1531    .text               mf_w.l(ffixi.o)
    0x08000340   0x08000340   0x00000028   Code   RO         1533    .text               mf_w.l(ffixui.o)
    0x08000368   0x08000368   0x00000026   Code   RO         1535    .text               mf_w.l(f2d.o)
    0x0800038e   0x0800038e   0x00000002   PAD
    0x08000390   0x08000390   0x00000014   Code   RO         1537    .text               mf_w.l(cfcmple.o)
    0x080003a4   0x080003a4   0x00000014   Code   RO         1539    .text               mf_w.l(cfrcmple.o)
    0x080003b8   0x080003b8   0x0000002c   Code   RO         1560    .text               mc_w.l(uidiv.o)
    0x080003e4   0x080003e4   0x00000062   Code   RO         1562    .text               mc_w.l(uldiv.o)
    0x08000446   0x08000446   0x00000000   Code   RO         1564    .text               mc_w.l(iusefp.o)
    0x08000446   0x08000446   0x0000006e   Code   RO         1565    .text               mf_w.l(fepilogue.o)
    0x080004b4   0x080004b4   0x0000014e   Code   RO         1567    .text               mf_w.l(dadd.o)
    0x08000602   0x08000602   0x000000e4   Code   RO         1569    .text               mf_w.l(dmul.o)
    0x080006e6   0x080006e6   0x000000de   Code   RO         1571    .text               mf_w.l(ddiv.o)
    0x080007c4   0x080007c4   0x00000030   Code   RO         1573    .text               mf_w.l(dfixul.o)
    0x080007f4   0x080007f4   0x00000030   Code   RO         1575    .text               mf_w.l(cdrcmple.o)
    0x08000824   0x08000824   0x00000024   Code   RO         1577    .text               mc_w.l(init.o)
    0x08000848   0x08000848   0x0000001e   Code   RO         1580    .text               mc_w.l(llshl.o)
    0x08000866   0x08000866   0x00000020   Code   RO         1582    .text               mc_w.l(llushr.o)
    0x08000886   0x08000886   0x00000024   Code   RO         1584    .text               mc_w.l(llsshr.o)
    0x080008aa   0x080008aa   0x000000ba   Code   RO         1587    .text               mf_w.l(depilogue.o)
    0x08000964   0x08000964   0x00000054   Code   RO          551    i.DAC8563_GPIO_Init  dac8563.o
    0x080009b8   0x080009b8   0x0000000e   Code   RO          552    i.DAC8563_Write_CHA  dac8563.o
    0x080009c6   0x080009c6   0x0000000e   Code   RO          554    i.DAC8563_Write_CHB  dac8563.o
    0x080009d4   0x080009d4   0x00000034   Code   RO          555    i.DAC8563_Write_Reg  dac8563.o
    0x08000a08   0x08000a08   0x00000024   Code   RO           83    i.Delay_1ms         delay.o
    0x08000a2c   0x08000a2c   0x00000034   Code   RO          954    i.FSMC_NORSRAMCmd   stm32f10x_fsmc.o
    0x08000a60   0x08000a60   0x000000e6   Code   RO          956    i.FSMC_NORSRAMInit  stm32f10x_fsmc.o
    0x08000b46   0x08000b46   0x00000116   Code   RO          635    i.GPIO_Init         stm32f10x_gpio.o
    0x08000c5c   0x08000c5c   0x00000012   Code   RO          639    i.GPIO_ReadInputDataBit  stm32f10x_gpio.o
    0x08000c6e   0x08000c6e   0x00000004   Code   RO          642    i.GPIO_ResetBits    stm32f10x_gpio.o
    0x08000c72   0x08000c72   0x00000004   Code   RO          643    i.GPIO_SetBits      stm32f10x_gpio.o
    0x08000c76   0x08000c76   0x00000002   PAD
    0x08000c78   0x08000c78   0x0000005c   Code   RO          174    i.GetChineseCode    lze_lcd.o
    0x08000cd4   0x08000cd4   0x0000002c   Code   RO          153    i.Key_Init          key.o
    0x08000d00   0x08000d00   0x000000a8   Code   RO          154    i.Key_Scan          key.o
    0x08000da8   0x08000da8   0x0000003c   Code   RO          175    i.LCD_Clear         lze_lcd.o
    0x08000de4   0x08000de4   0x00000074   Code   RO          176    i.LCD_CtrlLinesConfig  lze_lcd.o
    0x08000e58   0x08000e58   0x00000044   Code   RO          177    i.LCD_DisplayChar   lze_lcd.o
    0x08000e9c   0x08000e9c   0x00000022   Code   RO          178    i.LCD_DisplayChineseChar  lze_lcd.o
    0x08000ebe   0x08000ebe   0x00000002   PAD
    0x08000ec0   0x08000ec0   0x0000007c   Code   RO          181    i.LCD_DisplayString  lze_lcd.o
    0x08000f3c   0x08000f3c   0x0000014c   Code   RO          182    i.LCD_Display_Dir   lze_lcd.o
    0x08001088   0x08001088   0x0000009c   Code   RO          185    i.LCD_DrawChar      lze_lcd.o
    0x08001124   0x08001124   0x000000b4   Code   RO          186    i.LCD_DrawChineseChar  lze_lcd.o
    0x080011d8   0x080011d8   0x0000006c   Code   RO          195    i.LCD_FSMCConfig    lze_lcd.o
    0x08001244   0x08001244   0x00000494   Code   RO          198    i.LCD_Init          lze_lcd.o
    0x080016d8   0x080016d8   0x0000000c   Code   RO          203    i.LCD_ReadRAM       lze_lcd.o
    0x080016e4   0x080016e4   0x00000010   Code   RO          204    i.LCD_ReadReg       lze_lcd.o
    0x080016f4   0x080016f4   0x0000001c   Code   RO          206    i.LCD_SetColors     lze_lcd.o
    0x08001710   0x08001710   0x00000068   Code   RO          207    i.LCD_SetCursor     lze_lcd.o
    0x08001778   0x08001778   0x00000190   Code   RO          208    i.LCD_SetDisplayWindow  lze_lcd.o
    0x08001908   0x08001908   0x00000014   Code   RO          209    i.LCD_SetFont       lze_lcd.o
    0x0800191c   0x0800191c   0x0000000c   Code   RO          212    i.LCD_WR_DATA       lze_lcd.o
    0x08001928   0x08001928   0x0000000c   Code   RO          213    i.LCD_WR_REG        lze_lcd.o
    0x08001934   0x08001934   0x0000000c   Code   RO          219    i.LCD_WriteRAM      lze_lcd.o
    0x08001940   0x08001940   0x00000014   Code   RO          220    i.LCD_WriteRAM_Prepare  lze_lcd.o
    0x08001954   0x08001954   0x00000010   Code   RO          221    i.LCD_WriteReg      lze_lcd.o
    0x08001964   0x08001964   0x00000026   Code   RO          222    i.LCD_WriteString   lze_lcd.o
    0x0800198a   0x0800198a   0x00000010   Code   RO           69    i.PeripheralInit    peripheralinit.o
    0x0800199a   0x0800199a   0x00000002   PAD
    0x0800199c   0x0800199c   0x00000020   Code   RO          744    i.RCC_AHBPeriphClockCmd  stm32f10x_rcc.o
    0x080019bc   0x080019bc   0x00000020   Code   RO          745    i.RCC_APB1PeriphClockCmd  stm32f10x_rcc.o
    0x080019dc   0x080019dc   0x00000020   Code   RO          747    i.RCC_APB2PeriphClockCmd  stm32f10x_rcc.o
    0x080019fc   0x080019fc   0x00000094   Code   RO          509    i.SPI2_Init         spi.o
    0x08001a90   0x08001a90   0x00000054   Code   RO          511    i.SPI2_ReadWriteByte  spi.o
    0x08001ae4   0x08001ae4   0x00000018   Code   RO         1068    i.SPI_Cmd           stm32f10x_spi.o
    0x08001afc   0x08001afc   0x00000012   Code   RO         1076    i.SPI_I2S_GetFlagStatus  stm32f10x_spi.o
    0x08001b0e   0x08001b0e   0x00000006   Code   RO         1079    i.SPI_I2S_ReceiveData  stm32f10x_spi.o
    0x08001b14   0x08001b14   0x00000004   Code   RO         1080    i.SPI_I2S_SendData  stm32f10x_spi.o
    0x08001b18   0x08001b18   0x0000003c   Code   RO         1081    i.SPI_Init          stm32f10x_spi.o
    0x08001b54   0x08001b54   0x00000008   Code   RO         1218    i.SetSysClock       system_stm32f10x.o
    0x08001b5c   0x08001b5c   0x000000e0   Code   RO         1219    i.SetSysClockTo72   system_stm32f10x.o
    0x08001c3c   0x08001c3c   0x00000060   Code   RO         1221    i.SystemInit        system_stm32f10x.o
    0x08001c9c   0x08001c9c   0x00000028   Code   RO         1497    i.__0sprintf        mc_w.l(printfa.o)
    0x08001cc4   0x08001cc4   0x0000000e   Code   RO         1591    i.__scatterload_copy  mc_w.l(handlers.o)
    0x08001cd2   0x08001cd2   0x00000002   Code   RO         1592    i.__scatterload_null  mc_w.l(handlers.o)
    0x08001cd4   0x08001cd4   0x0000000e   Code   RO         1593    i.__scatterload_zeroinit  mc_w.l(handlers.o)
    0x08001ce2   0x08001ce2   0x00000002   PAD
    0x08001ce4   0x08001ce4   0x00000184   Code   RO         1502    i._fp_digits        mc_w.l(printfa.o)
    0x08001e68   0x08001e68   0x000006b4   Code   RO         1503    i._printf_core      mc_w.l(printfa.o)
    0x0800251c   0x0800251c   0x00000024   Code   RO         1504    i._printf_post_padding  mc_w.l(printfa.o)
    0x08002540   0x08002540   0x0000002e   Code   RO         1505    i._printf_pre_padding  mc_w.l(printfa.o)
    0x0800256e   0x0800256e   0x0000000a   Code   RO         1507    i._sputc            mc_w.l(printfa.o)
    0x08002578   0x08002578   0x00000540   Code   RO            1    i.main              main.o
    0x08002ab8   0x08002ab8   0x00004d44   Data   RO          225    .constdata          lze_lcd.o
    0x080077fc   0x080077fc   0x00000020   Data   RO         1589    Region$$Table       anon$$obj.o


    Execution Region RW_IRAM1 (Exec base: 0x20000000, Load base: 0x0800781c, Size: 0x00000460, Max: 0x0000c000, ABSOLUTE)

    Exec Addr    Load Addr    Size         Type   Attr      Idx    E Section Name        Object

    0x20000000   0x0800781c   0x0000004c   Data   RW          226    .data               lze_lcd.o
    0x2000004c   0x08007868   0x00000002   Data   RW          556    .data               dac8563.o
    0x2000004e   0x0800786a   0x00000002   PAD
    0x20000050        -       0x00000010   Zero   RW          224    .bss                lze_lcd.o
    0x20000060        -       0x00000400   Zero   RW         1252    STACK               startup_stm32f10x_hd.o


==============================================================================

Image component sizes


      Code (inc. data)   RO Data    RW Data    ZI Data      Debug   Object Name

         0          0          0          0          0         32   core_cm3.o
       164         12          0          2          0       2529   dac8563.o
        36          0          0          0          0        528   delay.o
       212         10          0          0          0       1110   key.o
      3132        176      19780         76         16      23752   lze_lcd.o
      1344        184          0          0          0     225139   main.o
        16          0          0          0          0        509   peripheralinit.o
       232         16          0          0          0       8325   spi.o
        36          8        304          0       1024        880   startup_stm32f10x_hd.o
       282          6          0          0          0       2017   stm32f10x_fsmc.o
       304          0          0          0          0       3988   stm32f10x_gpio.o
        96         18          0          0          0       1906   stm32f10x_rcc.o
       112          0          0          0          0       4230   stm32f10x_spi.o
       328         28          0          0          0       2261   system_stm32f10x.o

    ----------------------------------------------------------------------
      6300        458      20116         80       1040     277206   Object Totals
         0          0         32          0          0          0   (incl. Generated)
         6          0          0          2          0          0   (incl. Padding)

    ----------------------------------------------------------------------

      Code (inc. data)   RO Data    RW Data    ZI Data      Debug   Library Member Name

         0          0          0          0          0          0   entry.o
         0          0          0          0          0          0   entry10a.o
         0          0          0          0          0          0   entry11a.o
         4          0          0          0          0          0   entry12b.o
         8          4          0          0          0          0   entry2.o
         4          0          0          0          0          0   entry5.o
         0          0          0          0          0          0   entry7b.o
         0          0          0          0          0          0   entry8b.o
         8          4          0          0          0          0   entry9a.o
        30          0          0          0          0          0   handlers.o
        36          8          0          0          0         68   init.o
         0          0          0          0          0          0   iusefp.o
        30          0          0          0          0         68   llshl.o
        36          0          0          0          0         68   llsshr.o
        32          0          0          0          0         68   llushr.o
      2236         86          0          0          0        532   printfa.o
        44          0          0          0          0         80   uidiv.o
        98          0          0          0          0         92   uldiv.o
        48          0          0          0          0         68   cdrcmple.o
        20          0          0          0          0         68   cfcmple.o
        20          0          0          0          0         68   cfrcmple.o
       334          0          0          0          0        148   dadd.o
       222          0          0          0          0        100   ddiv.o
       186          0          0          0          0        176   depilogue.o
        48          0          0          0          0         68   dfixul.o
       228          0          0          0          0         96   dmul.o
        38          0          0          0          0         68   f2d.o
       176          0          0          0          0        140   fadd.o
       124          0          0          0          0         88   fdiv.o
       110          0          0          0          0        168   fepilogue.o
        50          0          0          0          0         68   ffixi.o
        40          0          0          0          0         68   ffixui.o
        18          0          0          0          0         68   fflti.o
       100          0          0          0          0         76   fmul.o

    ----------------------------------------------------------------------
      4332        102          0          0          0       2512   Library Totals
         4          0          0          0          0          0   (incl. Padding)

    ----------------------------------------------------------------------

      Code (inc. data)   RO Data    RW Data    ZI Data      Debug   Library Name

      2566        102          0          0          0        976   mc_w.l
      1762          0          0          0          0       1536   mf_w.l

    ----------------------------------------------------------------------
      4332        102          0          0          0       2512   Library Totals

    ----------------------------------------------------------------------

==============================================================================


      Code (inc. data)   RO Data    RW Data    ZI Data      Debug   

     10632        560      20116         80       1040     276074   Grand Totals
     10632        560      20116         80       1040     276074   ELF Image Totals
     10632        560      20116         80          0          0   ROM Totals

==============================================================================

    Total RO  Size (Code + RO Data)                30748 (  30.03kB)
    Total RW  Size (RW Data + ZI Data)              1120 (   1.09kB)
    Total ROM Size (Code + RO Data + RW Data)      30828 (  30.11kB)

==============================================================================

