<html>
<body>
<pre>
<h1>礦ision Build Log</h1>
<h2>Tool Versions:</h2>
IDE-Version: μVision V5.39.0.0
Copyright (C) 2023 ARM Ltd and ARM Germany GmbH. All rights reserved.
License Information: 312 cui, 123, LIC=SDA0P-M442N-63EMB-2V5NE-QP61Z-WPZWQ
 
Tool Versions:
Toolchain:       MDK-ARM Plus  Version: 5.39.0.0
Toolchain Path:  C:\Keil_v5\ARM\ARMCC\Bin
C Compiler:      Armcc.exe V5.06 update 7 (build 960)
Assembler:       Armasm.exe V5.06 update 7 (build 960)
Linker/Locator:  ArmLink.exe V5.06 update 7 (build 960)
Library Manager: ArmAr.exe V5.06 update 7 (build 960)
Hex Converter:   FromElf.exe V5.06 update 7 (build 960)
CPU DLL:         SARMCM3.DLL V5.39.0.0
Dialog DLL:      DCM.DLL V1.17.5.0
Target DLL:      STLink\ST-LINKIII-KEIL_SWO.dll V3.2.0.0
Dialog DLL:      TCM.DLL V1.56.4.0
 
<h2>Project:</h2>
E:\OneDrive\work_OD\Project\URT\keil5_project\阶段一：解读抄袭程序\复制的项目\STM32F103_DAC8563_WAVE_SPI\Project\DAC8563.uvprojx
Project File Date:  10/27/2024

<h2>Output:</h2>
*** Using Compiler 'V5.06 update 7 (build 960)', folder: 'C:\Keil_v5\ARM\ARMCC\Bin'
Rebuild target 'DAC8563'
assembling startup_stm32f10x_hd.s...
compiling AD.c...
compiling main.c...
compiling core_cm3.c...
compiling Delay.c...
compiling system_stm32f10x.c...
compiling key.c...
compiling stm32f10x_gpio.c...
compiling dac8563.c...
compiling stm32f10x_adc.c...
compiling misc.c...
compiling stm32f10x_fsmc.c...
compiling spi.c...
compiling PeripheralInit.c...
compiling stm32f10x_spi.c...
compiling stm32f10x_rcc.c...
compiling lze_lcd.c...
linking...
Program Size: Code=3792 RO-data=320 RW-data=0 ZI-data=1024  
FromELF: creating hex file...
".\Obj\DAC8563.axf" - 0 Error(s), 0 Warning(s).

<h2>Software Packages used:</h2>

Package Vendor: Keil
                https://www.keil.com/pack/Keil.STM32F1xx_DFP.2.4.1.pack
                Keil::STM32F1xx_DFP@2.4.1
                STMicroelectronics STM32F1 Series Device Support, Drivers and Examples

<h2>Collection of Component include folders:</h2>
  C:/Users/cui/AppData/Local/Arm/Packs/Keil/STM32F1xx_DFP/2.4.1/Device/Include

<h2>Collection of Component Files used:</h2>
Build Time Elapsed:  00:00:01
</pre>
</body>
</html>
