Component: ARM Compiler 5.06 update 7 (build 960) Tool: armlink [4d3601]

==============================================================================

Section Cross References

    main.o(i.main) refers to peripheralinit.o(i.PeripheralInit) for PeripheralInit
    main.o(i.main) refers to ad.o(i.AD_GetValue) for AD_GetValue
    main.o(i.main) refers to ffltui.o(.text) for __aeabi_ui2f
    main.o(i.main) refers to fdiv.o(.text) for __aeabi_fdiv
    main.o(i.main) refers to f2d.o(.text) for __aeabi_f2d
    main.o(i.main) refers to dmul.o(.text) for __aeabi_dmul
    main.o(i.main) refers to dadd.o(.text) for __aeabi_dadd
    main.o(i.main) refers to d2f.o(.text) for __aeabi_d2f
    main.o(i.main) refers to ddiv.o(.text) for __aeabi_ddiv
    main.o(i.main) refers to ffixui.o(.text) for __aeabi_f2uiz
    main.o(i.main) refers to dac8563.o(i.DAC8563_Write_CHA) for DAC8563_Write_CHA
    main.o(i.main) refers to dac8563.o(i.DAC8563_Write_CHB) for DAC8563_Write_CHB
    peripheralinit.o(i.PeripheralInit) refers to dac8563.o(i.DAC8563_GPIO_Init) for DAC8563_GPIO_Init
    peripheralinit.o(i.PeripheralInit) refers to ad.o(i.AD_Init) for AD_Init
    key.o(i.Key_Init) refers to stm32f10x_rcc.o(i.RCC_APB2PeriphClockCmd) for RCC_APB2PeriphClockCmd
    key.o(i.Key_Init) refers to stm32f10x_gpio.o(i.GPIO_Init) for GPIO_Init
    key.o(i.Key_Scan) refers to stm32f10x_gpio.o(i.GPIO_ReadInputDataBit) for GPIO_ReadInputDataBit
    key.o(i.Key_Scan) refers to delay.o(i.Delay_1ms) for Delay_1ms
    lze_lcd.o(i.GetChineseCode) refers to lze_lcd.o(.data) for LCD_Currentfonts_CN
    lze_lcd.o(i.LCD_Clear) refers to lze_lcd.o(i.LCD_SetDisplayWindow) for LCD_SetDisplayWindow
    lze_lcd.o(i.LCD_Clear) refers to lze_lcd.o(i.LCD_WriteRAM_Prepare) for LCD_WriteRAM_Prepare
    lze_lcd.o(i.LCD_Clear) refers to lze_lcd.o(.bss) for LCD_Dev
    lze_lcd.o(i.LCD_CtrlLinesConfig) refers to stm32f10x_rcc.o(i.RCC_APB2PeriphClockCmd) for RCC_APB2PeriphClockCmd
    lze_lcd.o(i.LCD_CtrlLinesConfig) refers to stm32f10x_gpio.o(i.GPIO_Init) for GPIO_Init
    lze_lcd.o(i.LCD_CtrlLinesConfig) refers to stm32f10x_gpio.o(i.GPIO_SetBits) for GPIO_SetBits
    lze_lcd.o(i.LCD_DisplayChar) refers to lze_lcd.o(i.LCD_DrawChar) for LCD_DrawChar
    lze_lcd.o(i.LCD_DisplayChar) refers to lze_lcd.o(.data) for LCD_Currentfonts
    lze_lcd.o(i.LCD_DisplayChineseChar) refers to lze_lcd.o(i.GetChineseCode) for GetChineseCode
    lze_lcd.o(i.LCD_DisplayChineseChar) refers to lze_lcd.o(i.LCD_DrawChineseChar) for LCD_DrawChineseChar
    lze_lcd.o(i.LCD_DisplayOff) refers to lze_lcd.o(i.LCD_WR_REG) for LCD_WR_REG
    lze_lcd.o(i.LCD_DisplayOff) refers to lze_lcd.o(i.LCD_WriteReg) for LCD_WriteReg
    lze_lcd.o(i.LCD_DisplayOff) refers to lze_lcd.o(.bss) for LCD_Dev
    lze_lcd.o(i.LCD_DisplayOn) refers to lze_lcd.o(i.LCD_WR_REG) for LCD_WR_REG
    lze_lcd.o(i.LCD_DisplayOn) refers to lze_lcd.o(i.LCD_WriteReg) for LCD_WriteReg
    lze_lcd.o(i.LCD_DisplayOn) refers to lze_lcd.o(.bss) for LCD_Dev
    lze_lcd.o(i.LCD_DisplayString) refers to lze_lcd.o(i.LCD_DisplayChar) for LCD_DisplayChar
    lze_lcd.o(i.LCD_DisplayString) refers to lze_lcd.o(i.LCD_DisplayChineseChar) for LCD_DisplayChineseChar
    lze_lcd.o(i.LCD_DisplayString) refers to lze_lcd.o(.bss) for LCD_Dev
    lze_lcd.o(i.LCD_DisplayString) refers to lze_lcd.o(.data) for LCD_Currentfonts
    lze_lcd.o(i.LCD_Display_Dir) refers to lze_lcd.o(.bss) for LCD_Dev
    lze_lcd.o(i.LCD_DotLine_H) refers to lze_lcd.o(i.LCD_SetColors) for LCD_SetColors
    lze_lcd.o(i.LCD_DotLine_H) refers to lze_lcd.o(i.LCD_DrawDotHLine) for LCD_DrawDotHLine
    lze_lcd.o(i.LCD_DotLine_V) refers to lze_lcd.o(i.LCD_SetColors) for LCD_SetColors
    lze_lcd.o(i.LCD_DotLine_V) refers to lze_lcd.o(i.LCD_DrawDotVLine) for LCD_DrawDotVLine
    lze_lcd.o(i.LCD_DrawChar) refers to lze_lcd.o(i.LCD_SetDisplayWindow) for LCD_SetDisplayWindow
    lze_lcd.o(i.LCD_DrawChar) refers to lze_lcd.o(i.LCD_WriteRAM_Prepare) for LCD_WriteRAM_Prepare
    lze_lcd.o(i.LCD_DrawChar) refers to lze_lcd.o(i.LCD_WriteRAM) for LCD_WriteRAM
    lze_lcd.o(i.LCD_DrawChar) refers to lze_lcd.o(.data) for LCD_Currentfonts
    lze_lcd.o(i.LCD_DrawChar) refers to lze_lcd.o(.bss) for LCD_Dev
    lze_lcd.o(i.LCD_DrawChineseChar) refers to lze_lcd.o(i.LCD_SetDisplayWindow) for LCD_SetDisplayWindow
    lze_lcd.o(i.LCD_DrawChineseChar) refers to lze_lcd.o(i.LCD_WriteRAM_Prepare) for LCD_WriteRAM_Prepare
    lze_lcd.o(i.LCD_DrawChineseChar) refers to lze_lcd.o(i.LCD_WriteRAM) for LCD_WriteRAM
    lze_lcd.o(i.LCD_DrawChineseChar) refers to lze_lcd.o(.data) for LCD_Currentfonts_CN
    lze_lcd.o(i.LCD_DrawChineseChar) refers to lze_lcd.o(.bss) for LCD_Dev
    lze_lcd.o(i.LCD_DrawDotHLine) refers to lze_lcd.o(i.LCD_SetDisplayWindow) for LCD_SetDisplayWindow
    lze_lcd.o(i.LCD_DrawDotHLine) refers to lze_lcd.o(i.LCD_WriteRAM_Prepare) for LCD_WriteRAM_Prepare
    lze_lcd.o(i.LCD_DrawDotHLine) refers to lze_lcd.o(i.LCD_WriteRAM) for LCD_WriteRAM
    lze_lcd.o(i.LCD_DrawDotHLine) refers to lze_lcd.o(.data) for BackColor
    lze_lcd.o(i.LCD_DrawDotHLine) refers to lze_lcd.o(.bss) for LCD_Dev
    lze_lcd.o(i.LCD_DrawDotVLine) refers to lze_lcd.o(i.LCD_SetDisplayWindow) for LCD_SetDisplayWindow
    lze_lcd.o(i.LCD_DrawDotVLine) refers to lze_lcd.o(i.LCD_WriteRAM_Prepare) for LCD_WriteRAM_Prepare
    lze_lcd.o(i.LCD_DrawDotVLine) refers to lze_lcd.o(i.LCD_WriteRAM) for LCD_WriteRAM
    lze_lcd.o(i.LCD_DrawDotVLine) refers to lze_lcd.o(.data) for BackColor
    lze_lcd.o(i.LCD_DrawDotVLine) refers to lze_lcd.o(.bss) for LCD_Dev
    lze_lcd.o(i.LCD_DrawFullRect) refers to lze_lcd.o(i.LCD_SetDisplayWindow) for LCD_SetDisplayWindow
    lze_lcd.o(i.LCD_DrawFullRect) refers to lze_lcd.o(i.LCD_WriteRAM_Prepare) for LCD_WriteRAM_Prepare
    lze_lcd.o(i.LCD_DrawFullRect) refers to lze_lcd.o(i.LCD_WriteRAM) for LCD_WriteRAM
    lze_lcd.o(i.LCD_DrawFullRect) refers to lze_lcd.o(.data) for BackColor
    lze_lcd.o(i.LCD_DrawFullRect) refers to lze_lcd.o(.bss) for LCD_Dev
    lze_lcd.o(i.LCD_DrawHLine) refers to lze_lcd.o(i.LCD_SetDisplayWindow) for LCD_SetDisplayWindow
    lze_lcd.o(i.LCD_DrawHLine) refers to lze_lcd.o(i.LCD_WriteRAM_Prepare) for LCD_WriteRAM_Prepare
    lze_lcd.o(i.LCD_DrawHLine) refers to lze_lcd.o(i.LCD_WriteRAM) for LCD_WriteRAM
    lze_lcd.o(i.LCD_DrawHLine) refers to lze_lcd.o(.data) for TextColor
    lze_lcd.o(i.LCD_DrawHLine) refers to lze_lcd.o(.bss) for LCD_Dev
    lze_lcd.o(i.LCD_DrawMonoPict) refers to lze_lcd.o(i.LCD_SetDisplayWindow) for LCD_SetDisplayWindow
    lze_lcd.o(i.LCD_DrawMonoPict) refers to lze_lcd.o(i.LCD_WriteRAM_Prepare) for LCD_WriteRAM_Prepare
    lze_lcd.o(i.LCD_DrawMonoPict) refers to lze_lcd.o(i.LCD_WriteRAM) for LCD_WriteRAM
    lze_lcd.o(i.LCD_DrawMonoPict) refers to lze_lcd.o(.data) for BackColor
    lze_lcd.o(i.LCD_DrawMonoPict) refers to lze_lcd.o(.bss) for LCD_Dev
    lze_lcd.o(i.LCD_DrawRect) refers to lze_lcd.o(i.LCD_DrawHLine) for LCD_DrawHLine
    lze_lcd.o(i.LCD_DrawRect) refers to lze_lcd.o(i.LCD_DrawVLine) for LCD_DrawVLine
    lze_lcd.o(i.LCD_DrawRgbPict) refers to lze_lcd.o(i.LCD_SetDisplayWindow) for LCD_SetDisplayWindow
    lze_lcd.o(i.LCD_DrawRgbPict) refers to lze_lcd.o(i.LCD_WriteRAM_Prepare) for LCD_WriteRAM_Prepare
    lze_lcd.o(i.LCD_DrawRgbPict) refers to lze_lcd.o(i.LCD_WriteRAM) for LCD_WriteRAM
    lze_lcd.o(i.LCD_DrawRgbPict) refers to lze_lcd.o(.bss) for LCD_Dev
    lze_lcd.o(i.LCD_DrawVLine) refers to lze_lcd.o(i.LCD_SetDisplayWindow) for LCD_SetDisplayWindow
    lze_lcd.o(i.LCD_DrawVLine) refers to lze_lcd.o(i.LCD_WriteRAM_Prepare) for LCD_WriteRAM_Prepare
    lze_lcd.o(i.LCD_DrawVLine) refers to lze_lcd.o(i.LCD_WriteRAM) for LCD_WriteRAM
    lze_lcd.o(i.LCD_DrawVLine) refers to lze_lcd.o(.data) for TextColor
    lze_lcd.o(i.LCD_DrawVLine) refers to lze_lcd.o(.bss) for LCD_Dev
    lze_lcd.o(i.LCD_FSMCConfig) refers to stm32f10x_rcc.o(i.RCC_AHBPeriphClockCmd) for RCC_AHBPeriphClockCmd
    lze_lcd.o(i.LCD_FSMCConfig) refers to stm32f10x_rcc.o(i.RCC_APB2PeriphClockCmd) for RCC_APB2PeriphClockCmd
    lze_lcd.o(i.LCD_FSMCConfig) refers to stm32f10x_fsmc.o(i.FSMC_NORSRAMInit) for FSMC_NORSRAMInit
    lze_lcd.o(i.LCD_FSMCConfig) refers to stm32f10x_fsmc.o(i.FSMC_NORSRAMCmd) for FSMC_NORSRAMCmd
    lze_lcd.o(i.LCD_FillBox) refers to lze_lcd.o(i.LCD_SetColors) for LCD_SetColors
    lze_lcd.o(i.LCD_FillBox) refers to lze_lcd.o(i.LCD_DrawFullRect) for LCD_DrawFullRect
    lze_lcd.o(i.LCD_FillBox) refers to lze_lcd.o(.data) for TextColor
    lze_lcd.o(i.LCD_GetColors) refers to lze_lcd.o(.data) for TextColor
    lze_lcd.o(i.LCD_Init) refers to lze_lcd.o(i.LCD_CtrlLinesConfig) for LCD_CtrlLinesConfig
    lze_lcd.o(i.LCD_Init) refers to lze_lcd.o(i.LCD_FSMCConfig) for LCD_FSMCConfig
    lze_lcd.o(i.LCD_Init) refers to delay.o(i.Delay_1ms) for Delay_1ms
    lze_lcd.o(i.LCD_Init) refers to stm32f10x_gpio.o(i.GPIO_ResetBits) for GPIO_ResetBits
    lze_lcd.o(i.LCD_Init) refers to stm32f10x_gpio.o(i.GPIO_SetBits) for GPIO_SetBits
    lze_lcd.o(i.LCD_Init) refers to lze_lcd.o(i.LCD_ReadReg) for LCD_ReadReg
    lze_lcd.o(i.LCD_Init) refers to lze_lcd.o(i.LCD_ReadRAM) for LCD_ReadRAM
    lze_lcd.o(i.LCD_Init) refers to lze_lcd.o(i.LCD_WR_REG) for LCD_WR_REG
    lze_lcd.o(i.LCD_Init) refers to lze_lcd.o(i.LCD_WR_DATA) for LCD_WR_DATA
    lze_lcd.o(i.LCD_Init) refers to lze_lcd.o(i.LCD_Display_Dir) for LCD_Display_Dir
    lze_lcd.o(i.LCD_Init) refers to lze_lcd.o(i.LCD_SetDisplayWindow) for LCD_SetDisplayWindow
    lze_lcd.o(i.LCD_Init) refers to lze_lcd.o(i.LCD_WriteReg) for LCD_WriteReg
    lze_lcd.o(i.LCD_Init) refers to lze_lcd.o(.bss) for LCD_Dev
    lze_lcd.o(i.LCD_Init) refers to lze_lcd.o(i.LCD_SetFont) for LCD_SetFont
    lze_lcd.o(i.LCD_Init) refers to lze_lcd.o(.data) for Font16_CN
    lze_lcd.o(i.LCD_LineBox) refers to lze_lcd.o(i.LCD_SetColors) for LCD_SetColors
    lze_lcd.o(i.LCD_LineBox) refers to lze_lcd.o(i.LCD_DrawRect) for LCD_DrawRect
    lze_lcd.o(i.LCD_LineBox) refers to lze_lcd.o(.data) for BackColor
    lze_lcd.o(i.LCD_Line_H) refers to lze_lcd.o(i.LCD_SetColors) for LCD_SetColors
    lze_lcd.o(i.LCD_Line_H) refers to lze_lcd.o(i.LCD_DrawHLine) for LCD_DrawHLine
    lze_lcd.o(i.LCD_Line_H) refers to lze_lcd.o(.data) for BackColor
    lze_lcd.o(i.LCD_Line_V) refers to lze_lcd.o(i.LCD_SetColors) for LCD_SetColors
    lze_lcd.o(i.LCD_Line_V) refers to lze_lcd.o(i.LCD_DrawVLine) for LCD_DrawVLine
    lze_lcd.o(i.LCD_Line_V) refers to lze_lcd.o(.data) for BackColor
    lze_lcd.o(i.LCD_PowerOn) refers to lze_lcd.o(i.LCD_WriteReg) for LCD_WriteReg
    lze_lcd.o(i.LCD_PowerOn) refers to delay.o(i.Delay_1ms) for Delay_1ms
    lze_lcd.o(i.LCD_PowerOn) refers to lze_lcd.o(.bss) for LCD_Dev
    lze_lcd.o(i.LCD_SetBackColor) refers to lze_lcd.o(.data) for BackColor
    lze_lcd.o(i.LCD_SetColors) refers to lze_lcd.o(.data) for TextColor
    lze_lcd.o(i.LCD_SetCursor) refers to lze_lcd.o(i.LCD_WR_REG) for LCD_WR_REG
    lze_lcd.o(i.LCD_SetCursor) refers to lze_lcd.o(i.LCD_WR_DATA) for LCD_WR_DATA
    lze_lcd.o(i.LCD_SetCursor) refers to lze_lcd.o(i.LCD_WriteReg) for LCD_WriteReg
    lze_lcd.o(i.LCD_SetCursor) refers to lze_lcd.o(.bss) for LCD_Dev
    lze_lcd.o(i.LCD_SetDisplayWindow) refers to lze_lcd.o(i.LCD_WR_REG) for LCD_WR_REG
    lze_lcd.o(i.LCD_SetDisplayWindow) refers to lze_lcd.o(i.LCD_WR_DATA) for LCD_WR_DATA
    lze_lcd.o(i.LCD_SetDisplayWindow) refers to lze_lcd.o(i.LCD_WriteReg) for LCD_WriteReg
    lze_lcd.o(i.LCD_SetDisplayWindow) refers to lze_lcd.o(i.LCD_SetCursor) for LCD_SetCursor
    lze_lcd.o(i.LCD_SetDisplayWindow) refers to lze_lcd.o(.bss) for LCD_Dev
    lze_lcd.o(i.LCD_SetFont) refers to lze_lcd.o(.data) for LCD_Currentfonts
    lze_lcd.o(i.LCD_SetPoint) refers to lze_lcd.o(i.LCD_SetCursor) for LCD_SetCursor
    lze_lcd.o(i.LCD_SetPoint) refers to lze_lcd.o(i.LCD_WriteRAM_Prepare) for LCD_WriteRAM_Prepare
    lze_lcd.o(i.LCD_SetPoint) refers to lze_lcd.o(i.LCD_WriteRAM) for LCD_WriteRAM
    lze_lcd.o(i.LCD_SetPoint) refers to lze_lcd.o(.bss) for LCD_Dev
    lze_lcd.o(i.LCD_SetTextColor) refers to lze_lcd.o(.data) for TextColor
    lze_lcd.o(i.LCD_WindowModeDisable) refers to lze_lcd.o(i.LCD_SetDisplayWindow) for LCD_SetDisplayWindow
    lze_lcd.o(i.LCD_WindowModeDisable) refers to lze_lcd.o(i.LCD_WriteReg) for LCD_WriteReg
    lze_lcd.o(i.LCD_WriteChinese24x24string) refers to lze_lcd.o(i.LCD_SetColors) for LCD_SetColors
    lze_lcd.o(i.LCD_WriteChinese24x24string) refers to lze_lcd.o(i.LCD_SetFont) for LCD_SetFont
    lze_lcd.o(i.LCD_WriteChinese24x24string) refers to lze_lcd.o(i.LCD_DisplayString) for LCD_DisplayString
    lze_lcd.o(i.LCD_WriteChinese24x24string) refers to lze_lcd.o(.data) for Font24_CN
    lze_lcd.o(i.LCD_WriteNumChar) refers to printf7.o(i.__0sprintf$7) for __2sprintf
    lze_lcd.o(i.LCD_WriteNumChar) refers to lze_lcd.o(i.LCD_WriteString) for LCD_WriteString
    lze_lcd.o(i.LCD_WriteNumInt) refers to printf7.o(i.__0sprintf$7) for __2sprintf
    lze_lcd.o(i.LCD_WriteNumInt) refers to lze_lcd.o(i.LCD_WriteString) for LCD_WriteString
    lze_lcd.o(i.LCD_WriteNumLong) refers to printf7.o(i.__0sprintf$7) for __2sprintf
    lze_lcd.o(i.LCD_WriteNumLong) refers to lze_lcd.o(i.LCD_WriteString) for LCD_WriteString
    lze_lcd.o(i.LCD_WriteRAM_Prepare) refers to lze_lcd.o(.bss) for LCD_Dev
    lze_lcd.o(i.LCD_WriteString) refers to lze_lcd.o(i.LCD_SetColors) for LCD_SetColors
    lze_lcd.o(i.LCD_WriteString) refers to lze_lcd.o(i.LCD_DisplayString) for LCD_DisplayString
    lze_lcd.o(i.PutPixel) refers to lze_lcd.o(i.LCD_DrawHLine) for LCD_DrawHLine
    lze_lcd.o(i.PutPixel) refers to lze_lcd.o(.bss) for LCD_Dev
    lze_lcd.o(.data) refers to lze_lcd.o(.constdata) for Font8_Table
    spi.o(i.SPI2_Init) refers to stm32f10x_rcc.o(i.RCC_APB2PeriphClockCmd) for RCC_APB2PeriphClockCmd
    spi.o(i.SPI2_Init) refers to stm32f10x_rcc.o(i.RCC_APB1PeriphClockCmd) for RCC_APB1PeriphClockCmd
    spi.o(i.SPI2_Init) refers to stm32f10x_gpio.o(i.GPIO_Init) for GPIO_Init
    spi.o(i.SPI2_Init) refers to stm32f10x_gpio.o(i.GPIO_SetBits) for GPIO_SetBits
    spi.o(i.SPI2_Init) refers to stm32f10x_spi.o(i.SPI_Init) for SPI_Init
    spi.o(i.SPI2_Init) refers to stm32f10x_spi.o(i.SPI_Cmd) for SPI_Cmd
    spi.o(i.SPI2_Init) refers to spi.o(i.SPI2_ReadWriteByte) for SPI2_ReadWriteByte
    spi.o(i.SPI2_ReadByte) refers to stm32f10x_spi.o(i.SPI_I2S_GetFlagStatus) for SPI_I2S_GetFlagStatus
    spi.o(i.SPI2_ReadByte) refers to stm32f10x_spi.o(i.SPI_I2S_ReceiveData) for SPI_I2S_ReceiveData
    spi.o(i.SPI2_ReadWriteByte) refers to stm32f10x_spi.o(i.SPI_I2S_GetFlagStatus) for SPI_I2S_GetFlagStatus
    spi.o(i.SPI2_ReadWriteByte) refers to stm32f10x_spi.o(i.SPI_I2S_SendData) for SPI_I2S_SendData
    spi.o(i.SPI2_ReadWriteByte) refers to stm32f10x_spi.o(i.SPI_I2S_ReceiveData) for SPI_I2S_ReceiveData
    spi.o(i.SPI2_SetSpeed) refers to stm32f10x_spi.o(i.SPI_Cmd) for SPI_Cmd
    spi.o(i.SPI2_WriteByte) refers to stm32f10x_spi.o(i.SPI_I2S_GetFlagStatus) for SPI_I2S_GetFlagStatus
    spi.o(i.SPI2_WriteByte) refers to stm32f10x_spi.o(i.SPI_I2S_SendData) for SPI_I2S_SendData
    dac8563.o(i.DAC8563_GPIO_Init) refers to stm32f10x_rcc.o(i.RCC_APB2PeriphClockCmd) for RCC_APB2PeriphClockCmd
    dac8563.o(i.DAC8563_GPIO_Init) refers to stm32f10x_gpio.o(i.GPIO_Init) for GPIO_Init
    dac8563.o(i.DAC8563_GPIO_Init) refers to stm32f10x_gpio.o(i.GPIO_SetBits) for GPIO_SetBits
    dac8563.o(i.DAC8563_GPIO_Init) refers to spi.o(i.SPI2_Init) for SPI2_Init
    dac8563.o(i.DAC8563_GPIO_Init) refers to dac8563.o(i.DAC8563_Write_Reg) for DAC8563_Write_Reg
    dac8563.o(i.DAC8563_Write_CHA) refers to dac8563.o(i.DAC8563_Write_Reg) for DAC8563_Write_Reg
    dac8563.o(i.DAC8563_Write_CHA_CHB) refers to dac8563.o(i.DAC8563_Write_Reg) for DAC8563_Write_Reg
    dac8563.o(i.DAC8563_Write_CHB) refers to dac8563.o(i.DAC8563_Write_Reg) for DAC8563_Write_Reg
    dac8563.o(i.DAC8563_Write_Reg) refers to stm32f10x_gpio.o(i.GPIO_ResetBits) for GPIO_ResetBits
    dac8563.o(i.DAC8563_Write_Reg) refers to spi.o(i.SPI2_ReadWriteByte) for SPI2_ReadWriteByte
    dac8563.o(i.DAC8563_Write_Reg) refers to stm32f10x_gpio.o(i.GPIO_SetBits) for GPIO_SetBits
    ad.o(i.AD_GetValue) refers to stm32f10x_adc.o(i.ADC_SoftwareStartConvCmd) for ADC_SoftwareStartConvCmd
    ad.o(i.AD_GetValue) refers to stm32f10x_adc.o(i.ADC_GetFlagStatus) for ADC_GetFlagStatus
    ad.o(i.AD_GetValue) refers to stm32f10x_adc.o(i.ADC_GetConversionValue) for ADC_GetConversionValue
    ad.o(i.AD_Init) refers to stm32f10x_rcc.o(i.RCC_APB2PeriphClockCmd) for RCC_APB2PeriphClockCmd
    ad.o(i.AD_Init) refers to stm32f10x_rcc.o(i.RCC_ADCCLKConfig) for RCC_ADCCLKConfig
    ad.o(i.AD_Init) refers to stm32f10x_gpio.o(i.GPIO_Init) for GPIO_Init
    ad.o(i.AD_Init) refers to stm32f10x_adc.o(i.ADC_RegularChannelConfig) for ADC_RegularChannelConfig
    ad.o(i.AD_Init) refers to stm32f10x_adc.o(i.ADC_Init) for ADC_Init
    ad.o(i.AD_Init) refers to stm32f10x_adc.o(i.ADC_Cmd) for ADC_Cmd
    ad.o(i.AD_Init) refers to stm32f10x_adc.o(i.ADC_ResetCalibration) for ADC_ResetCalibration
    ad.o(i.AD_Init) refers to stm32f10x_adc.o(i.ADC_GetResetCalibrationStatus) for ADC_GetResetCalibrationStatus
    ad.o(i.AD_Init) refers to stm32f10x_adc.o(i.ADC_StartCalibration) for ADC_StartCalibration
    ad.o(i.AD_Init) refers to stm32f10x_adc.o(i.ADC_GetCalibrationStatus) for ADC_GetCalibrationStatus
    stm32f10x_gpio.o(i.GPIO_AFIODeInit) refers to stm32f10x_rcc.o(i.RCC_APB2PeriphResetCmd) for RCC_APB2PeriphResetCmd
    stm32f10x_gpio.o(i.GPIO_DeInit) refers to stm32f10x_rcc.o(i.RCC_APB2PeriphResetCmd) for RCC_APB2PeriphResetCmd
    stm32f10x_rcc.o(i.RCC_GetClocksFreq) refers to stm32f10x_rcc.o(.data) for APBAHBPrescTable
    stm32f10x_rcc.o(i.RCC_WaitForHSEStartUp) refers to stm32f10x_rcc.o(i.RCC_GetFlagStatus) for RCC_GetFlagStatus
    stm32f10x_spi.o(i.I2S_Init) refers to stm32f10x_rcc.o(i.RCC_GetClocksFreq) for RCC_GetClocksFreq
    stm32f10x_spi.o(i.SPI_I2S_DeInit) refers to stm32f10x_rcc.o(i.RCC_APB2PeriphResetCmd) for RCC_APB2PeriphResetCmd
    stm32f10x_spi.o(i.SPI_I2S_DeInit) refers to stm32f10x_rcc.o(i.RCC_APB1PeriphResetCmd) for RCC_APB1PeriphResetCmd
    stm32f10x_adc.o(i.ADC_DeInit) refers to stm32f10x_rcc.o(i.RCC_APB2PeriphResetCmd) for RCC_APB2PeriphResetCmd
    system_stm32f10x.o(i.SetSysClock) refers to system_stm32f10x.o(i.SetSysClockTo72) for SetSysClockTo72
    system_stm32f10x.o(i.SystemCoreClockUpdate) refers to system_stm32f10x.o(.data) for SystemCoreClock
    system_stm32f10x.o(i.SystemInit) refers to system_stm32f10x.o(i.SetSysClock) for SetSysClock
    startup_stm32f10x_hd.o(RESET) refers to startup_stm32f10x_hd.o(STACK) for __initial_sp
    startup_stm32f10x_hd.o(RESET) refers to startup_stm32f10x_hd.o(.text) for Reset_Handler
    startup_stm32f10x_hd.o(.text) refers to system_stm32f10x.o(i.SystemInit) for SystemInit
    startup_stm32f10x_hd.o(.text) refers to entry.o(.ARM.Collect$$$$00000000) for __main
    entry.o(.ARM.Collect$$$$00000000) refers (Special) to entry10a.o(.ARM.Collect$$$$0000000F) for __rt_final_cpp
    entry.o(.ARM.Collect$$$$00000000) refers (Special) to entry11a.o(.ARM.Collect$$$$00000011) for __rt_final_exit
    entry.o(.ARM.Collect$$$$00000000) refers (Special) to entry12b.o(.ARM.Collect$$$$0000000E) for __rt_lib_shutdown_fini
    entry.o(.ARM.Collect$$$$00000000) refers (Special) to entry7b.o(.ARM.Collect$$$$00000008) for _main_clock
    entry.o(.ARM.Collect$$$$00000000) refers (Special) to entry8b.o(.ARM.Collect$$$$0000000A) for _main_cpp_init
    entry.o(.ARM.Collect$$$$00000000) refers (Special) to entry9a.o(.ARM.Collect$$$$0000000B) for _main_init
    entry.o(.ARM.Collect$$$$00000000) refers (Special) to entry5.o(.ARM.Collect$$$$00000004) for _main_scatterload
    entry.o(.ARM.Collect$$$$00000000) refers (Special) to entry2.o(.ARM.Collect$$$$00000001) for _main_stk
    printfb.o(i.__0fprintf$bare) refers to printfb.o(i._printf_core) for _printf_core
    printfb.o(i.__0fprintf$bare) refers to fputc.o(i.fputc) for fputc
    printfb.o(i.__0printf$bare) refers to printfb.o(i._printf_core) for _printf_core
    printfb.o(i.__0printf$bare) refers to fputc.o(i.fputc) for fputc
    printfb.o(i.__0printf$bare) refers to stdout.o(.data) for __stdout
    printfb.o(i.__0snprintf$bare) refers to printfb.o(i._printf_core) for _printf_core
    printfb.o(i.__0snprintf$bare) refers to printfb.o(i._snputc) for _snputc
    printfb.o(i.__0sprintf$bare) refers to printfb.o(i._printf_core) for _printf_core
    printfb.o(i.__0sprintf$bare) refers to printfb.o(i._sputc) for _sputc
    printfb.o(i.__0vfprintf$bare) refers to printfb.o(i._printf_core) for _printf_core
    printfb.o(i.__0vfprintf$bare) refers to fputc.o(i.fputc) for fputc
    printfb.o(i.__0vprintf$bare) refers to printfb.o(i._printf_core) for _printf_core
    printfb.o(i.__0vprintf$bare) refers to fputc.o(i.fputc) for fputc
    printfb.o(i.__0vprintf$bare) refers to stdout.o(.data) for __stdout
    printfb.o(i.__0vsnprintf$bare) refers to printfb.o(i._printf_core) for _printf_core
    printfb.o(i.__0vsnprintf$bare) refers to printfb.o(i._snputc) for _snputc
    printfb.o(i.__0vsprintf$bare) refers to printfb.o(i._printf_core) for _printf_core
    printfb.o(i.__0vsprintf$bare) refers to printfb.o(i._sputc) for _sputc
    printf0.o(i.__0fprintf$0) refers to printf0.o(i._printf_core) for _printf_core
    printf0.o(i.__0fprintf$0) refers to fputc.o(i.fputc) for fputc
    printf0.o(i.__0printf$0) refers to printf0.o(i._printf_core) for _printf_core
    printf0.o(i.__0printf$0) refers to fputc.o(i.fputc) for fputc
    printf0.o(i.__0printf$0) refers to stdout.o(.data) for __stdout
    printf0.o(i.__0snprintf$0) refers to printf0.o(i._printf_core) for _printf_core
    printf0.o(i.__0snprintf$0) refers to printf0.o(i._snputc) for _snputc
    printf0.o(i.__0sprintf$0) refers to printf0.o(i._printf_core) for _printf_core
    printf0.o(i.__0sprintf$0) refers to printf0.o(i._sputc) for _sputc
    printf0.o(i.__0vfprintf$0) refers to printf0.o(i._printf_core) for _printf_core
    printf0.o(i.__0vfprintf$0) refers to fputc.o(i.fputc) for fputc
    printf0.o(i.__0vprintf$0) refers to printf0.o(i._printf_core) for _printf_core
    printf0.o(i.__0vprintf$0) refers to fputc.o(i.fputc) for fputc
    printf0.o(i.__0vprintf$0) refers to stdout.o(.data) for __stdout
    printf0.o(i.__0vsnprintf$0) refers to printf0.o(i._printf_core) for _printf_core
    printf0.o(i.__0vsnprintf$0) refers to printf0.o(i._snputc) for _snputc
    printf0.o(i.__0vsprintf$0) refers to printf0.o(i._printf_core) for _printf_core
    printf0.o(i.__0vsprintf$0) refers to printf0.o(i._sputc) for _sputc
    printf1.o(i.__0fprintf$1) refers to printf1.o(i._printf_core) for _printf_core
    printf1.o(i.__0fprintf$1) refers to fputc.o(i.fputc) for fputc
    printf1.o(i.__0printf$1) refers to printf1.o(i._printf_core) for _printf_core
    printf1.o(i.__0printf$1) refers to fputc.o(i.fputc) for fputc
    printf1.o(i.__0printf$1) refers to stdout.o(.data) for __stdout
    printf1.o(i.__0snprintf$1) refers to printf1.o(i._printf_core) for _printf_core
    printf1.o(i.__0snprintf$1) refers to printf1.o(i._snputc) for _snputc
    printf1.o(i.__0sprintf$1) refers to printf1.o(i._printf_core) for _printf_core
    printf1.o(i.__0sprintf$1) refers to printf1.o(i._sputc) for _sputc
    printf1.o(i.__0vfprintf$1) refers to printf1.o(i._printf_core) for _printf_core
    printf1.o(i.__0vfprintf$1) refers to fputc.o(i.fputc) for fputc
    printf1.o(i.__0vprintf$1) refers to printf1.o(i._printf_core) for _printf_core
    printf1.o(i.__0vprintf$1) refers to fputc.o(i.fputc) for fputc
    printf1.o(i.__0vprintf$1) refers to stdout.o(.data) for __stdout
    printf1.o(i.__0vsnprintf$1) refers to printf1.o(i._printf_core) for _printf_core
    printf1.o(i.__0vsnprintf$1) refers to printf1.o(i._snputc) for _snputc
    printf1.o(i.__0vsprintf$1) refers to printf1.o(i._printf_core) for _printf_core
    printf1.o(i.__0vsprintf$1) refers to printf1.o(i._sputc) for _sputc
    printf1.o(i._printf_core) refers to uidiv.o(.text) for __aeabi_uidivmod
    printf2.o(i.__0fprintf$2) refers to printf2.o(i._printf_core) for _printf_core
    printf2.o(i.__0fprintf$2) refers to fputc.o(i.fputc) for fputc
    printf2.o(i.__0printf$2) refers to printf2.o(i._printf_core) for _printf_core
    printf2.o(i.__0printf$2) refers to fputc.o(i.fputc) for fputc
    printf2.o(i.__0printf$2) refers to stdout.o(.data) for __stdout
    printf2.o(i.__0snprintf$2) refers to printf2.o(i._printf_core) for _printf_core
    printf2.o(i.__0snprintf$2) refers to printf2.o(i._snputc) for _snputc
    printf2.o(i.__0sprintf$2) refers to printf2.o(i._printf_core) for _printf_core
    printf2.o(i.__0sprintf$2) refers to printf2.o(i._sputc) for _sputc
    printf2.o(i.__0vfprintf$2) refers to printf2.o(i._printf_core) for _printf_core
    printf2.o(i.__0vfprintf$2) refers to fputc.o(i.fputc) for fputc
    printf2.o(i.__0vprintf$2) refers to printf2.o(i._printf_core) for _printf_core
    printf2.o(i.__0vprintf$2) refers to fputc.o(i.fputc) for fputc
    printf2.o(i.__0vprintf$2) refers to stdout.o(.data) for __stdout
    printf2.o(i.__0vsnprintf$2) refers to printf2.o(i._printf_core) for _printf_core
    printf2.o(i.__0vsnprintf$2) refers to printf2.o(i._snputc) for _snputc
    printf2.o(i.__0vsprintf$2) refers to printf2.o(i._printf_core) for _printf_core
    printf2.o(i.__0vsprintf$2) refers to printf2.o(i._sputc) for _sputc
    printf3.o(i.__0fprintf$3) refers to printf3.o(i._printf_core) for _printf_core
    printf3.o(i.__0fprintf$3) refers to fputc.o(i.fputc) for fputc
    printf3.o(i.__0printf$3) refers to printf3.o(i._printf_core) for _printf_core
    printf3.o(i.__0printf$3) refers to fputc.o(i.fputc) for fputc
    printf3.o(i.__0printf$3) refers to stdout.o(.data) for __stdout
    printf3.o(i.__0snprintf$3) refers to printf3.o(i._printf_core) for _printf_core
    printf3.o(i.__0snprintf$3) refers to printf3.o(i._snputc) for _snputc
    printf3.o(i.__0sprintf$3) refers to printf3.o(i._printf_core) for _printf_core
    printf3.o(i.__0sprintf$3) refers to printf3.o(i._sputc) for _sputc
    printf3.o(i.__0vfprintf$3) refers to printf3.o(i._printf_core) for _printf_core
    printf3.o(i.__0vfprintf$3) refers to fputc.o(i.fputc) for fputc
    printf3.o(i.__0vprintf$3) refers to printf3.o(i._printf_core) for _printf_core
    printf3.o(i.__0vprintf$3) refers to fputc.o(i.fputc) for fputc
    printf3.o(i.__0vprintf$3) refers to stdout.o(.data) for __stdout
    printf3.o(i.__0vsnprintf$3) refers to printf3.o(i._printf_core) for _printf_core
    printf3.o(i.__0vsnprintf$3) refers to printf3.o(i._snputc) for _snputc
    printf3.o(i.__0vsprintf$3) refers to printf3.o(i._printf_core) for _printf_core
    printf3.o(i.__0vsprintf$3) refers to printf3.o(i._sputc) for _sputc
    printf3.o(i._printf_core) refers to uidiv.o(.text) for __aeabi_uidivmod
    printf4.o(i.__0fprintf$4) refers to printf4.o(i._printf_core) for _printf_core
    printf4.o(i.__0fprintf$4) refers to fputc.o(i.fputc) for fputc
    printf4.o(i.__0printf$4) refers to printf4.o(i._printf_core) for _printf_core
    printf4.o(i.__0printf$4) refers to fputc.o(i.fputc) for fputc
    printf4.o(i.__0printf$4) refers to stdout.o(.data) for __stdout
    printf4.o(i.__0snprintf$4) refers to printf4.o(i._printf_core) for _printf_core
    printf4.o(i.__0snprintf$4) refers to printf4.o(i._snputc) for _snputc
    printf4.o(i.__0sprintf$4) refers to printf4.o(i._printf_core) for _printf_core
    printf4.o(i.__0sprintf$4) refers to printf4.o(i._sputc) for _sputc
    printf4.o(i.__0vfprintf$4) refers to printf4.o(i._printf_core) for _printf_core
    printf4.o(i.__0vfprintf$4) refers to fputc.o(i.fputc) for fputc
    printf4.o(i.__0vprintf$4) refers to printf4.o(i._printf_core) for _printf_core
    printf4.o(i.__0vprintf$4) refers to fputc.o(i.fputc) for fputc
    printf4.o(i.__0vprintf$4) refers to stdout.o(.data) for __stdout
    printf4.o(i.__0vsnprintf$4) refers to printf4.o(i._printf_core) for _printf_core
    printf4.o(i.__0vsnprintf$4) refers to printf4.o(i._snputc) for _snputc
    printf4.o(i.__0vsprintf$4) refers to printf4.o(i._printf_core) for _printf_core
    printf4.o(i.__0vsprintf$4) refers to printf4.o(i._sputc) for _sputc
    printf4.o(i._printf_core) refers to uldiv.o(.text) for __aeabi_uldivmod
    printf5.o(i.__0fprintf$5) refers to printf5.o(i._printf_core) for _printf_core
    printf5.o(i.__0fprintf$5) refers to fputc.o(i.fputc) for fputc
    printf5.o(i.__0printf$5) refers to printf5.o(i._printf_core) for _printf_core
    printf5.o(i.__0printf$5) refers to fputc.o(i.fputc) for fputc
    printf5.o(i.__0printf$5) refers to stdout.o(.data) for __stdout
    printf5.o(i.__0snprintf$5) refers to printf5.o(i._printf_core) for _printf_core
    printf5.o(i.__0snprintf$5) refers to printf5.o(i._snputc) for _snputc
    printf5.o(i.__0sprintf$5) refers to printf5.o(i._printf_core) for _printf_core
    printf5.o(i.__0sprintf$5) refers to printf5.o(i._sputc) for _sputc
    printf5.o(i.__0vfprintf$5) refers to printf5.o(i._printf_core) for _printf_core
    printf5.o(i.__0vfprintf$5) refers to fputc.o(i.fputc) for fputc
    printf5.o(i.__0vprintf$5) refers to printf5.o(i._printf_core) for _printf_core
    printf5.o(i.__0vprintf$5) refers to fputc.o(i.fputc) for fputc
    printf5.o(i.__0vprintf$5) refers to stdout.o(.data) for __stdout
    printf5.o(i.__0vsnprintf$5) refers to printf5.o(i._printf_core) for _printf_core
    printf5.o(i.__0vsnprintf$5) refers to printf5.o(i._snputc) for _snputc
    printf5.o(i.__0vsprintf$5) refers to printf5.o(i._printf_core) for _printf_core
    printf5.o(i.__0vsprintf$5) refers to printf5.o(i._sputc) for _sputc
    printf5.o(i._printf_core) refers to uldiv.o(.text) for __aeabi_uldivmod
    printf6.o(i.__0fprintf$6) refers to printf6.o(i._printf_core) for _printf_core
    printf6.o(i.__0fprintf$6) refers to fputc.o(i.fputc) for fputc
    printf6.o(i.__0printf$6) refers to printf6.o(i._printf_core) for _printf_core
    printf6.o(i.__0printf$6) refers to fputc.o(i.fputc) for fputc
    printf6.o(i.__0printf$6) refers to stdout.o(.data) for __stdout
    printf6.o(i.__0snprintf$6) refers to printf6.o(i._printf_core) for _printf_core
    printf6.o(i.__0snprintf$6) refers to printf6.o(i._snputc) for _snputc
    printf6.o(i.__0sprintf$6) refers to printf6.o(i._printf_core) for _printf_core
    printf6.o(i.__0sprintf$6) refers to printf6.o(i._sputc) for _sputc
    printf6.o(i.__0vfprintf$6) refers to printf6.o(i._printf_core) for _printf_core
    printf6.o(i.__0vfprintf$6) refers to fputc.o(i.fputc) for fputc
    printf6.o(i.__0vprintf$6) refers to printf6.o(i._printf_core) for _printf_core
    printf6.o(i.__0vprintf$6) refers to fputc.o(i.fputc) for fputc
    printf6.o(i.__0vprintf$6) refers to stdout.o(.data) for __stdout
    printf6.o(i.__0vsnprintf$6) refers to printf6.o(i._printf_core) for _printf_core
    printf6.o(i.__0vsnprintf$6) refers to printf6.o(i._snputc) for _snputc
    printf6.o(i.__0vsprintf$6) refers to printf6.o(i._printf_core) for _printf_core
    printf6.o(i.__0vsprintf$6) refers to printf6.o(i._sputc) for _sputc
    printf6.o(i._printf_core) refers to printf6.o(i._printf_pre_padding) for _printf_pre_padding
    printf6.o(i._printf_core) refers to uidiv.o(.text) for __aeabi_uidivmod
    printf6.o(i._printf_core) refers to printf6.o(i._printf_post_padding) for _printf_post_padding
    printf7.o(i.__0fprintf$7) refers to printf7.o(i._printf_core) for _printf_core
    printf7.o(i.__0fprintf$7) refers to fputc.o(i.fputc) for fputc
    printf7.o(i.__0printf$7) refers to printf7.o(i._printf_core) for _printf_core
    printf7.o(i.__0printf$7) refers to fputc.o(i.fputc) for fputc
    printf7.o(i.__0printf$7) refers to stdout.o(.data) for __stdout
    printf7.o(i.__0snprintf$7) refers to printf7.o(i._printf_core) for _printf_core
    printf7.o(i.__0snprintf$7) refers to printf7.o(i._snputc) for _snputc
    printf7.o(i.__0sprintf$7) refers to printf7.o(i._printf_core) for _printf_core
    printf7.o(i.__0sprintf$7) refers to printf7.o(i._sputc) for _sputc
    printf7.o(i.__0vfprintf$7) refers to printf7.o(i._printf_core) for _printf_core
    printf7.o(i.__0vfprintf$7) refers to fputc.o(i.fputc) for fputc
    printf7.o(i.__0vprintf$7) refers to printf7.o(i._printf_core) for _printf_core
    printf7.o(i.__0vprintf$7) refers to fputc.o(i.fputc) for fputc
    printf7.o(i.__0vprintf$7) refers to stdout.o(.data) for __stdout
    printf7.o(i.__0vsnprintf$7) refers to printf7.o(i._printf_core) for _printf_core
    printf7.o(i.__0vsnprintf$7) refers to printf7.o(i._snputc) for _snputc
    printf7.o(i.__0vsprintf$7) refers to printf7.o(i._printf_core) for _printf_core
    printf7.o(i.__0vsprintf$7) refers to printf7.o(i._sputc) for _sputc
    printf7.o(i._printf_core) refers to printf7.o(i._printf_pre_padding) for _printf_pre_padding
    printf7.o(i._printf_core) refers to uldiv.o(.text) for __aeabi_uldivmod
    printf7.o(i._printf_core) refers to printf7.o(i._printf_post_padding) for _printf_post_padding
    printf8.o(i.__0fprintf$8) refers to printf8.o(i._printf_core) for _printf_core
    printf8.o(i.__0fprintf$8) refers to fputc.o(i.fputc) for fputc
    printf8.o(i.__0printf$8) refers to printf8.o(i._printf_core) for _printf_core
    printf8.o(i.__0printf$8) refers to fputc.o(i.fputc) for fputc
    printf8.o(i.__0printf$8) refers to stdout.o(.data) for __stdout
    printf8.o(i.__0snprintf$8) refers to printf8.o(i._printf_core) for _printf_core
    printf8.o(i.__0snprintf$8) refers to printf8.o(i._snputc) for _snputc
    printf8.o(i.__0sprintf$8) refers to printf8.o(i._printf_core) for _printf_core
    printf8.o(i.__0sprintf$8) refers to printf8.o(i._sputc) for _sputc
    printf8.o(i.__0vfprintf$8) refers to printf8.o(i._printf_core) for _printf_core
    printf8.o(i.__0vfprintf$8) refers to fputc.o(i.fputc) for fputc
    printf8.o(i.__0vprintf$8) refers to printf8.o(i._printf_core) for _printf_core
    printf8.o(i.__0vprintf$8) refers to fputc.o(i.fputc) for fputc
    printf8.o(i.__0vprintf$8) refers to stdout.o(.data) for __stdout
    printf8.o(i.__0vsnprintf$8) refers to printf8.o(i._printf_core) for _printf_core
    printf8.o(i.__0vsnprintf$8) refers to printf8.o(i._snputc) for _snputc
    printf8.o(i.__0vsprintf$8) refers to printf8.o(i._printf_core) for _printf_core
    printf8.o(i.__0vsprintf$8) refers to printf8.o(i._sputc) for _sputc
    printf8.o(i._printf_core) refers to printf8.o(i._printf_pre_padding) for _printf_pre_padding
    printf8.o(i._printf_core) refers to uldiv.o(.text) for __aeabi_uldivmod
    printf8.o(i._printf_core) refers to printf8.o(i._printf_post_padding) for _printf_post_padding
    printfa.o(i.__0fprintf) refers (Special) to iusefp.o(.text) for __I$use$fp
    printfa.o(i.__0fprintf) refers to printfa.o(i._printf_core) for _printf_core
    printfa.o(i.__0fprintf) refers to fputc.o(i.fputc) for fputc
    printfa.o(i.__0printf) refers (Special) to iusefp.o(.text) for __I$use$fp
    printfa.o(i.__0printf) refers to printfa.o(i._printf_core) for _printf_core
    printfa.o(i.__0printf) refers to fputc.o(i.fputc) for fputc
    printfa.o(i.__0printf) refers to stdout.o(.data) for __stdout
    printfa.o(i.__0snprintf) refers (Special) to iusefp.o(.text) for __I$use$fp
    printfa.o(i.__0snprintf) refers to printfa.o(i._printf_core) for _printf_core
    printfa.o(i.__0snprintf) refers to printfa.o(i._snputc) for _snputc
    printfa.o(i.__0sprintf) refers (Special) to iusefp.o(.text) for __I$use$fp
    printfa.o(i.__0sprintf) refers to printfa.o(i._printf_core) for _printf_core
    printfa.o(i.__0sprintf) refers to printfa.o(i._sputc) for _sputc
    printfa.o(i.__0vfprintf) refers (Special) to iusefp.o(.text) for __I$use$fp
    printfa.o(i.__0vfprintf) refers to printfa.o(i._printf_core) for _printf_core
    printfa.o(i.__0vfprintf) refers to fputc.o(i.fputc) for fputc
    printfa.o(i.__0vprintf) refers (Special) to iusefp.o(.text) for __I$use$fp
    printfa.o(i.__0vprintf) refers to printfa.o(i._printf_core) for _printf_core
    printfa.o(i.__0vprintf) refers to fputc.o(i.fputc) for fputc
    printfa.o(i.__0vprintf) refers to stdout.o(.data) for __stdout
    printfa.o(i.__0vsnprintf) refers (Special) to iusefp.o(.text) for __I$use$fp
    printfa.o(i.__0vsnprintf) refers to printfa.o(i._printf_core) for _printf_core
    printfa.o(i.__0vsnprintf) refers to printfa.o(i._snputc) for _snputc
    printfa.o(i.__0vsprintf) refers (Special) to iusefp.o(.text) for __I$use$fp
    printfa.o(i.__0vsprintf) refers to printfa.o(i._printf_core) for _printf_core
    printfa.o(i.__0vsprintf) refers to printfa.o(i._sputc) for _sputc
    printfa.o(i._fp_digits) refers (Special) to iusefp.o(.text) for __I$use$fp
    printfa.o(i._fp_digits) refers to dmul.o(.text) for __aeabi_dmul
    printfa.o(i._fp_digits) refers to ddiv.o(.text) for __aeabi_ddiv
    printfa.o(i._fp_digits) refers to cdrcmple.o(.text) for __aeabi_cdrcmple
    printfa.o(i._fp_digits) refers to dadd.o(.text) for __aeabi_dadd
    printfa.o(i._fp_digits) refers to dfixul.o(.text) for __aeabi_d2ulz
    printfa.o(i._fp_digits) refers to uldiv.o(.text) for __aeabi_uldivmod
    printfa.o(i._printf_core) refers (Special) to iusefp.o(.text) for __I$use$fp
    printfa.o(i._printf_core) refers to printfa.o(i._printf_pre_padding) for _printf_pre_padding
    printfa.o(i._printf_core) refers to uldiv.o(.text) for __aeabi_uldivmod
    printfa.o(i._printf_core) refers to printfa.o(i._printf_post_padding) for _printf_post_padding
    printfa.o(i._printf_core) refers to printfa.o(i._fp_digits) for _fp_digits
    printfa.o(i._printf_core) refers to uidiv.o(.text) for __aeabi_uidivmod
    printfa.o(i._printf_post_padding) refers (Special) to iusefp.o(.text) for __I$use$fp
    printfa.o(i._printf_pre_padding) refers (Special) to iusefp.o(.text) for __I$use$fp
    printfa.o(i._snputc) refers (Special) to iusefp.o(.text) for __I$use$fp
    printfa.o(i._sputc) refers (Special) to iusefp.o(.text) for __I$use$fp
    fdiv.o(.text) refers (Special) to iusefp.o(.text) for __I$use$fp
    fdiv.o(.text) refers to fepilogue.o(.text) for _float_round
    dadd.o(.text) refers (Special) to iusefp.o(.text) for __I$use$fp
    dadd.o(.text) refers to llshl.o(.text) for __aeabi_llsl
    dadd.o(.text) refers to llsshr.o(.text) for __aeabi_lasr
    dadd.o(.text) refers to depilogue.o(.text) for _double_epilogue
    dmul.o(.text) refers (Special) to iusefp.o(.text) for __I$use$fp
    dmul.o(.text) refers to depilogue.o(.text) for _double_epilogue
    ddiv.o(.text) refers (Special) to iusefp.o(.text) for __I$use$fp
    ddiv.o(.text) refers to depilogue.o(.text) for _double_round
    ffltui.o(.text) refers (Special) to iusefp.o(.text) for __I$use$fp
    ffltui.o(.text) refers to fepilogue.o(.text) for _float_epilogue
    ffixui.o(.text) refers (Special) to iusefp.o(.text) for __I$use$fp
    f2d.o(.text) refers (Special) to iusefp.o(.text) for __I$use$fp
    d2f.o(.text) refers (Special) to iusefp.o(.text) for __I$use$fp
    d2f.o(.text) refers to fepilogue.o(.text) for _float_round
    entry2.o(.ARM.Collect$$$$00000001) refers to entry2.o(.ARM.Collect$$$$00002712) for __lit__00000000
    entry2.o(.ARM.Collect$$$$00002712) refers to startup_stm32f10x_hd.o(STACK) for __initial_sp
    entry2.o(__vectab_stack_and_reset_area) refers to startup_stm32f10x_hd.o(STACK) for __initial_sp
    entry2.o(__vectab_stack_and_reset_area) refers to entry.o(.ARM.Collect$$$$00000000) for __main
    entry5.o(.ARM.Collect$$$$00000004) refers to init.o(.text) for __scatterload
    entry9a.o(.ARM.Collect$$$$0000000B) refers to main.o(i.main) for main
    entry9b.o(.ARM.Collect$$$$0000000C) refers to main.o(i.main) for main
    fputc.o(i.fputc) refers (Special) to iusesemip.o(.text) for __I$use$semihosting$fputc
    fputc.o(i.fputc) refers (Special) to semi.o(.text) for __semihosting_library_function
    uldiv.o(.text) refers to llushr.o(.text) for __aeabi_llsr
    uldiv.o(.text) refers to llshl.o(.text) for __aeabi_llsl
    depilogue.o(.text) refers to llshl.o(.text) for __aeabi_llsl
    depilogue.o(.text) refers to llushr.o(.text) for __aeabi_llsr
    dfixul.o(.text) refers to llushr.o(.text) for __aeabi_llsr
    dfixul.o(.text) refers to llshl.o(.text) for __aeabi_llsl
    init.o(.text) refers to entry5.o(.ARM.Collect$$$$00000004) for __main_after_scatterload


==============================================================================

Removing Unused input sections from the image.

    Removing delay.o(i.Delay), (18 bytes).
    Removing delay.o(i.Delay_10us), (36 bytes).
    Removing delay.o(i.Delay_1ms), (36 bytes).
    Removing delay.o(i.Delay_1us), (26 bytes).
    Removing delay.o(i.Delay_250us), (36 bytes).
    Removing delay.o(i.Delay_2us), (26 bytes).
    Removing delay.o(i.Delay_50ms), (40 bytes).
    Removing delay.o(i.Delay_5ms), (38 bytes).
    Removing delay.o(i.Delay_882us), (26 bytes).
    Removing delay.o(i.Delay_ns), (12 bytes).
    Removing delay.o(i.TimingDelay_Decrement), (2 bytes).
    Removing key.o(i.Key_Init), (44 bytes).
    Removing key.o(i.Key_Scan), (168 bytes).
    Removing lze_lcd.o(i.GetChineseCode), (92 bytes).
    Removing lze_lcd.o(i.LCD_Clear), (60 bytes).
    Removing lze_lcd.o(i.LCD_CtrlLinesConfig), (116 bytes).
    Removing lze_lcd.o(i.LCD_DisplayChar), (68 bytes).
    Removing lze_lcd.o(i.LCD_DisplayChineseChar), (34 bytes).
    Removing lze_lcd.o(i.LCD_DisplayOff), (36 bytes).
    Removing lze_lcd.o(i.LCD_DisplayOn), (40 bytes).
    Removing lze_lcd.o(i.LCD_DisplayString), (124 bytes).
    Removing lze_lcd.o(i.LCD_Display_Dir), (332 bytes).
    Removing lze_lcd.o(i.LCD_DotLine_H), (38 bytes).
    Removing lze_lcd.o(i.LCD_DotLine_V), (38 bytes).
    Removing lze_lcd.o(i.LCD_DrawChar), (156 bytes).
    Removing lze_lcd.o(i.LCD_DrawChineseChar), (180 bytes).
    Removing lze_lcd.o(i.LCD_DrawDotHLine), (100 bytes).
    Removing lze_lcd.o(i.LCD_DrawDotVLine), (100 bytes).
    Removing lze_lcd.o(i.LCD_DrawFullRect), (80 bytes).
    Removing lze_lcd.o(i.LCD_DrawHLine), (72 bytes).
    Removing lze_lcd.o(i.LCD_DrawMonoPict), (124 bytes).
    Removing lze_lcd.o(i.LCD_DrawRect), (64 bytes).
    Removing lze_lcd.o(i.LCD_DrawRgbPict), (92 bytes).
    Removing lze_lcd.o(i.LCD_DrawVLine), (72 bytes).
    Removing lze_lcd.o(i.LCD_FSMCConfig), (108 bytes).
    Removing lze_lcd.o(i.LCD_FillBox), (48 bytes).
    Removing lze_lcd.o(i.LCD_GetColors), (24 bytes).
    Removing lze_lcd.o(i.LCD_Init), (1172 bytes).
    Removing lze_lcd.o(i.LCD_LineBox), (48 bytes).
    Removing lze_lcd.o(i.LCD_Line_H), (40 bytes).
    Removing lze_lcd.o(i.LCD_Line_V), (40 bytes).
    Removing lze_lcd.o(i.LCD_PowerOn), (136 bytes).
    Removing lze_lcd.o(i.LCD_ReadRAM), (12 bytes).
    Removing lze_lcd.o(i.LCD_ReadReg), (16 bytes).
    Removing lze_lcd.o(i.LCD_SetBackColor), (16 bytes).
    Removing lze_lcd.o(i.LCD_SetColors), (28 bytes).
    Removing lze_lcd.o(i.LCD_SetCursor), (104 bytes).
    Removing lze_lcd.o(i.LCD_SetDisplayWindow), (400 bytes).
    Removing lze_lcd.o(i.LCD_SetFont), (20 bytes).
    Removing lze_lcd.o(i.LCD_SetPoint), (136 bytes).
    Removing lze_lcd.o(i.LCD_SetTextColor), (16 bytes).
    Removing lze_lcd.o(i.LCD_WR_DATA), (12 bytes).
    Removing lze_lcd.o(i.LCD_WR_REG), (12 bytes).
    Removing lze_lcd.o(i.LCD_WindowModeDisable), (28 bytes).
    Removing lze_lcd.o(i.LCD_WriteChinese24x24string), (68 bytes).
    Removing lze_lcd.o(i.LCD_WriteNumChar), (52 bytes).
    Removing lze_lcd.o(i.LCD_WriteNumInt), (52 bytes).
    Removing lze_lcd.o(i.LCD_WriteNumLong), (56 bytes).
    Removing lze_lcd.o(i.LCD_WriteRAM), (12 bytes).
    Removing lze_lcd.o(i.LCD_WriteRAM_Prepare), (20 bytes).
    Removing lze_lcd.o(i.LCD_WriteReg), (16 bytes).
    Removing lze_lcd.o(i.LCD_WriteString), (38 bytes).
    Removing lze_lcd.o(i.PutPixel), (56 bytes).
    Removing lze_lcd.o(.bss), (16 bytes).
    Removing lze_lcd.o(.constdata), (19780 bytes).
    Removing lze_lcd.o(.data), (76 bytes).
    Removing spi.o(i.SPI2_ReadByte), (44 bytes).
    Removing spi.o(i.SPI2_SetSpeed), (40 bytes).
    Removing spi.o(i.SPI2_WriteByte), (48 bytes).
    Removing dac8563.o(i.DAC8563_Write_CHA_CHB), (14 bytes).
    Removing dac8563.o(.data), (2 bytes).
    Removing misc.o(i.NVIC_Init), (112 bytes).
    Removing misc.o(i.NVIC_PriorityGroupConfig), (20 bytes).
    Removing misc.o(i.NVIC_SetVectorTable), (20 bytes).
    Removing misc.o(i.NVIC_SystemLPConfig), (32 bytes).
    Removing misc.o(i.SysTick_CLKSourceConfig), (40 bytes).
    Removing stm32f10x_gpio.o(i.GPIO_AFIODeInit), (20 bytes).
    Removing stm32f10x_gpio.o(i.GPIO_DeInit), (200 bytes).
    Removing stm32f10x_gpio.o(i.GPIO_ETH_MediaInterfaceConfig), (12 bytes).
    Removing stm32f10x_gpio.o(i.GPIO_EXTILineConfig), (64 bytes).
    Removing stm32f10x_gpio.o(i.GPIO_EventOutputCmd), (12 bytes).
    Removing stm32f10x_gpio.o(i.GPIO_EventOutputConfig), (32 bytes).
    Removing stm32f10x_gpio.o(i.GPIO_PinLockConfig), (18 bytes).
    Removing stm32f10x_gpio.o(i.GPIO_PinRemapConfig), (144 bytes).
    Removing stm32f10x_gpio.o(i.GPIO_ReadInputData), (8 bytes).
    Removing stm32f10x_gpio.o(i.GPIO_ReadInputDataBit), (18 bytes).
    Removing stm32f10x_gpio.o(i.GPIO_ReadOutputData), (8 bytes).
    Removing stm32f10x_gpio.o(i.GPIO_ReadOutputDataBit), (18 bytes).
    Removing stm32f10x_gpio.o(i.GPIO_StructInit), (16 bytes).
    Removing stm32f10x_gpio.o(i.GPIO_Write), (4 bytes).
    Removing stm32f10x_gpio.o(i.GPIO_WriteBit), (10 bytes).
    Removing stm32f10x_rcc.o(i.RCC_AHBPeriphClockCmd), (32 bytes).
    Removing stm32f10x_rcc.o(i.RCC_APB1PeriphResetCmd), (32 bytes).
    Removing stm32f10x_rcc.o(i.RCC_APB2PeriphResetCmd), (32 bytes).
    Removing stm32f10x_rcc.o(i.RCC_AdjustHSICalibrationValue), (24 bytes).
    Removing stm32f10x_rcc.o(i.RCC_BackupResetCmd), (12 bytes).
    Removing stm32f10x_rcc.o(i.RCC_ClearFlag), (20 bytes).
    Removing stm32f10x_rcc.o(i.RCC_ClearITPendingBit), (12 bytes).
    Removing stm32f10x_rcc.o(i.RCC_ClockSecuritySystemCmd), (12 bytes).
    Removing stm32f10x_rcc.o(i.RCC_DeInit), (76 bytes).
    Removing stm32f10x_rcc.o(i.RCC_GetClocksFreq), (212 bytes).
    Removing stm32f10x_rcc.o(i.RCC_GetFlagStatus), (60 bytes).
    Removing stm32f10x_rcc.o(i.RCC_GetITStatus), (24 bytes).
    Removing stm32f10x_rcc.o(i.RCC_GetSYSCLKSource), (16 bytes).
    Removing stm32f10x_rcc.o(i.RCC_HCLKConfig), (24 bytes).
    Removing stm32f10x_rcc.o(i.RCC_HSEConfig), (76 bytes).
    Removing stm32f10x_rcc.o(i.RCC_HSICmd), (12 bytes).
    Removing stm32f10x_rcc.o(i.RCC_ITConfig), (32 bytes).
    Removing stm32f10x_rcc.o(i.RCC_LSEConfig), (52 bytes).
    Removing stm32f10x_rcc.o(i.RCC_LSICmd), (12 bytes).
    Removing stm32f10x_rcc.o(i.RCC_MCOConfig), (12 bytes).
    Removing stm32f10x_rcc.o(i.RCC_PCLK1Config), (24 bytes).
    Removing stm32f10x_rcc.o(i.RCC_PCLK2Config), (24 bytes).
    Removing stm32f10x_rcc.o(i.RCC_PLLCmd), (12 bytes).
    Removing stm32f10x_rcc.o(i.RCC_PLLConfig), (28 bytes).
    Removing stm32f10x_rcc.o(i.RCC_RTCCLKCmd), (12 bytes).
    Removing stm32f10x_rcc.o(i.RCC_RTCCLKConfig), (16 bytes).
    Removing stm32f10x_rcc.o(i.RCC_SYSCLKConfig), (24 bytes).
    Removing stm32f10x_rcc.o(i.RCC_USBCLKConfig), (12 bytes).
    Removing stm32f10x_rcc.o(i.RCC_WaitForHSEStartUp), (56 bytes).
    Removing stm32f10x_rcc.o(.data), (20 bytes).
    Removing stm32f10x_fsmc.o(i.FSMC_ClearFlag), (64 bytes).
    Removing stm32f10x_fsmc.o(i.FSMC_ClearITPendingBit), (72 bytes).
    Removing stm32f10x_fsmc.o(i.FSMC_GetECC), (28 bytes).
    Removing stm32f10x_fsmc.o(i.FSMC_GetFlagStatus), (56 bytes).
    Removing stm32f10x_fsmc.o(i.FSMC_GetITStatus), (68 bytes).
    Removing stm32f10x_fsmc.o(i.FSMC_ITConfig), (128 bytes).
    Removing stm32f10x_fsmc.o(i.FSMC_NANDCmd), (92 bytes).
    Removing stm32f10x_fsmc.o(i.FSMC_NANDDeInit), (68 bytes).
    Removing stm32f10x_fsmc.o(i.FSMC_NANDECCCmd), (92 bytes).
    Removing stm32f10x_fsmc.o(i.FSMC_NANDInit), (136 bytes).
    Removing stm32f10x_fsmc.o(i.FSMC_NANDStructInit), (54 bytes).
    Removing stm32f10x_fsmc.o(i.FSMC_NORSRAMCmd), (52 bytes).
    Removing stm32f10x_fsmc.o(i.FSMC_NORSRAMDeInit), (54 bytes).
    Removing stm32f10x_fsmc.o(i.FSMC_NORSRAMInit), (230 bytes).
    Removing stm32f10x_fsmc.o(i.FSMC_NORSRAMStructInit), (114 bytes).
    Removing stm32f10x_fsmc.o(i.FSMC_PCCARDCmd), (48 bytes).
    Removing stm32f10x_fsmc.o(i.FSMC_PCCARDDeInit), (40 bytes).
    Removing stm32f10x_fsmc.o(i.FSMC_PCCARDInit), (132 bytes).
    Removing stm32f10x_fsmc.o(i.FSMC_PCCARDStructInit), (60 bytes).
    Removing stm32f10x_spi.o(i.I2S_Cmd), (24 bytes).
    Removing stm32f10x_spi.o(i.I2S_Init), (232 bytes).
    Removing stm32f10x_spi.o(i.I2S_StructInit), (20 bytes).
    Removing stm32f10x_spi.o(i.SPI_BiDirectionalLineConfig), (28 bytes).
    Removing stm32f10x_spi.o(i.SPI_CalculateCRC), (24 bytes).
    Removing stm32f10x_spi.o(i.SPI_DataSizeConfig), (18 bytes).
    Removing stm32f10x_spi.o(i.SPI_GetCRC), (16 bytes).
    Removing stm32f10x_spi.o(i.SPI_GetCRCPolynomial), (6 bytes).
    Removing stm32f10x_spi.o(i.SPI_I2S_ClearFlag), (6 bytes).
    Removing stm32f10x_spi.o(i.SPI_I2S_ClearITPendingBit), (20 bytes).
    Removing stm32f10x_spi.o(i.SPI_I2S_DMACmd), (18 bytes).
    Removing stm32f10x_spi.o(i.SPI_I2S_DeInit), (88 bytes).
    Removing stm32f10x_spi.o(i.SPI_I2S_GetITStatus), (52 bytes).
    Removing stm32f10x_spi.o(i.SPI_I2S_ITConfig), (32 bytes).
    Removing stm32f10x_spi.o(i.SPI_NSSInternalSoftwareConfig), (30 bytes).
    Removing stm32f10x_spi.o(i.SPI_SSOutputCmd), (24 bytes).
    Removing stm32f10x_spi.o(i.SPI_StructInit), (24 bytes).
    Removing stm32f10x_spi.o(i.SPI_TransmitCRC), (10 bytes).
    Removing stm32f10x_adc.o(i.ADC_AnalogWatchdogCmd), (20 bytes).
    Removing stm32f10x_adc.o(i.ADC_AnalogWatchdogSingleChannelConfig), (16 bytes).
    Removing stm32f10x_adc.o(i.ADC_AnalogWatchdogThresholdsConfig), (6 bytes).
    Removing stm32f10x_adc.o(i.ADC_AutoInjectedConvCmd), (22 bytes).
    Removing stm32f10x_adc.o(i.ADC_ClearFlag), (6 bytes).
    Removing stm32f10x_adc.o(i.ADC_ClearITPendingBit), (10 bytes).
    Removing stm32f10x_adc.o(i.ADC_DMACmd), (22 bytes).
    Removing stm32f10x_adc.o(i.ADC_DeInit), (92 bytes).
    Removing stm32f10x_adc.o(i.ADC_DiscModeChannelCountConfig), (24 bytes).
    Removing stm32f10x_adc.o(i.ADC_DiscModeCmd), (22 bytes).
    Removing stm32f10x_adc.o(i.ADC_ExternalTrigConvCmd), (22 bytes).
    Removing stm32f10x_adc.o(i.ADC_ExternalTrigInjectedConvCmd), (22 bytes).
    Removing stm32f10x_adc.o(i.ADC_ExternalTrigInjectedConvConfig), (16 bytes).
    Removing stm32f10x_adc.o(i.ADC_GetDualModeConversionValue), (12 bytes).
    Removing stm32f10x_adc.o(i.ADC_GetITStatus), (36 bytes).
    Removing stm32f10x_adc.o(i.ADC_GetInjectedConversionValue), (28 bytes).
    Removing stm32f10x_adc.o(i.ADC_GetSoftwareStartConvStatus), (20 bytes).
    Removing stm32f10x_adc.o(i.ADC_GetSoftwareStartInjectedConvCmdStatus), (20 bytes).
    Removing stm32f10x_adc.o(i.ADC_ITConfig), (24 bytes).
    Removing stm32f10x_adc.o(i.ADC_InjectedChannelConfig), (130 bytes).
    Removing stm32f10x_adc.o(i.ADC_InjectedDiscModeCmd), (22 bytes).
    Removing stm32f10x_adc.o(i.ADC_InjectedSequencerLengthConfig), (24 bytes).
    Removing stm32f10x_adc.o(i.ADC_SetInjectedOffset), (20 bytes).
    Removing stm32f10x_adc.o(i.ADC_SoftwareStartInjectedConvCmd), (22 bytes).
    Removing stm32f10x_adc.o(i.ADC_StructInit), (18 bytes).
    Removing stm32f10x_adc.o(i.ADC_TempSensorVrefintCmd), (36 bytes).
    Removing core_cm3.o(.emb_text), (32 bytes).
    Removing system_stm32f10x.o(i.SystemCoreClockUpdate), (164 bytes).
    Removing system_stm32f10x.o(.data), (20 bytes).
    Removing startup_stm32f10x_hd.o(HEAP), (512 bytes).
    Removing dfixul.o(.text), (48 bytes).
    Removing cdrcmple.o(.text), (48 bytes).

190 unused section(s) (total 30948 bytes) removed from the image.

==============================================================================

Image Symbol Table

    Local Symbols

    Symbol Name                              Value     Ov Type        Size  Object(Section)

    ../clib/microlib/division.c              0x00000000   Number         0  uldiv.o ABSOLUTE
    ../clib/microlib/division.c              0x00000000   Number         0  uidiv.o ABSOLUTE
    ../clib/microlib/init/entry.s            0x00000000   Number         0  entry7a.o ABSOLUTE
    ../clib/microlib/init/entry.s            0x00000000   Number         0  entry5.o ABSOLUTE
    ../clib/microlib/init/entry.s            0x00000000   Number         0  entry.o ABSOLUTE
    ../clib/microlib/init/entry.s            0x00000000   Number         0  entry12b.o ABSOLUTE
    ../clib/microlib/init/entry.s            0x00000000   Number         0  entry12a.o ABSOLUTE
    ../clib/microlib/init/entry.s            0x00000000   Number         0  entry11b.o ABSOLUTE
    ../clib/microlib/init/entry.s            0x00000000   Number         0  entry11a.o ABSOLUTE
    ../clib/microlib/init/entry.s            0x00000000   Number         0  entry10b.o ABSOLUTE
    ../clib/microlib/init/entry.s            0x00000000   Number         0  entry10a.o ABSOLUTE
    ../clib/microlib/init/entry.s            0x00000000   Number         0  entry9b.o ABSOLUTE
    ../clib/microlib/init/entry.s            0x00000000   Number         0  entry9a.o ABSOLUTE
    ../clib/microlib/init/entry.s            0x00000000   Number         0  entry8b.o ABSOLUTE
    ../clib/microlib/init/entry.s            0x00000000   Number         0  entry8a.o ABSOLUTE
    ../clib/microlib/init/entry.s            0x00000000   Number         0  entry2.o ABSOLUTE
    ../clib/microlib/init/entry.s            0x00000000   Number         0  entry7b.o ABSOLUTE
    ../clib/microlib/longlong.c              0x00000000   Number         0  llsshr.o ABSOLUTE
    ../clib/microlib/longlong.c              0x00000000   Number         0  llshl.o ABSOLUTE
    ../clib/microlib/longlong.c              0x00000000   Number         0  llushr.o ABSOLUTE
    ../clib/microlib/printf/printf.c         0x00000000   Number         0  printfa.o ABSOLUTE
    ../clib/microlib/printf/printf.c         0x00000000   Number         0  printfb.o ABSOLUTE
    ../clib/microlib/printf/printf.c         0x00000000   Number         0  printf0.o ABSOLUTE
    ../clib/microlib/printf/printf.c         0x00000000   Number         0  printf1.o ABSOLUTE
    ../clib/microlib/printf/printf.c         0x00000000   Number         0  printf2.o ABSOLUTE
    ../clib/microlib/printf/printf.c         0x00000000   Number         0  printf3.o ABSOLUTE
    ../clib/microlib/printf/printf.c         0x00000000   Number         0  printf4.o ABSOLUTE
    ../clib/microlib/printf/printf.c         0x00000000   Number         0  printf5.o ABSOLUTE
    ../clib/microlib/printf/printf.c         0x00000000   Number         0  printf6.o ABSOLUTE
    ../clib/microlib/printf/printf.c         0x00000000   Number         0  printf7.o ABSOLUTE
    ../clib/microlib/printf/printf.c         0x00000000   Number         0  printf8.o ABSOLUTE
    ../clib/microlib/printf/stubs.s          0x00000000   Number         0  stubs.o ABSOLUTE
    ../clib/microlib/stdio/fputc.c           0x00000000   Number         0  fputc.o ABSOLUTE
    ../clib/microlib/stdio/semi.s            0x00000000   Number         0  semi.o ABSOLUTE
    ../clib/microlib/stdio/streams.c         0x00000000   Number         0  stdout.o ABSOLUTE
    ../clib/microlib/stubs.s                 0x00000000   Number         0  iusesemip.o ABSOLUTE
    ../clib/microlib/stubs.s                 0x00000000   Number         0  iusefp.o ABSOLUTE
    ../fplib/microlib/d2f.c                  0x00000000   Number         0  d2f.o ABSOLUTE
    ../fplib/microlib/f2d.c                  0x00000000   Number         0  f2d.o ABSOLUTE
    ../fplib/microlib/fpadd.c                0x00000000   Number         0  dadd.o ABSOLUTE
    ../fplib/microlib/fpdiv.c                0x00000000   Number         0  fdiv.o ABSOLUTE
    ../fplib/microlib/fpdiv.c                0x00000000   Number         0  ddiv.o ABSOLUTE
    ../fplib/microlib/fpepilogue.c           0x00000000   Number         0  depilogue.o ABSOLUTE
    ../fplib/microlib/fpepilogue.c           0x00000000   Number         0  fepilogue.o ABSOLUTE
    ../fplib/microlib/fpfix.c                0x00000000   Number         0  dfixul.o ABSOLUTE
    ../fplib/microlib/fpfix.c                0x00000000   Number         0  ffixui.o ABSOLUTE
    ../fplib/microlib/fpflt.c                0x00000000   Number         0  ffltui.o ABSOLUTE
    ../fplib/microlib/fpmul.c                0x00000000   Number         0  dmul.o ABSOLUTE
    ..\CMSIS\CoreSupport\core_cm3.c          0x00000000   Number         0  core_cm3.o ABSOLUTE
    ..\CMSIS\DeviceSupport\STM32F10x\startup_stm32f10x_hd.s 0x00000000   Number         0  startup_stm32f10x_hd.o ABSOLUTE
    ..\CMSIS\DeviceSupport\STM32F10x\system_stm32f10x.c 0x00000000   Number         0  system_stm32f10x.o ABSOLUTE
    ..\STM32F10x_StdPeriph_Driver\src\misc.c 0x00000000   Number         0  misc.o ABSOLUTE
    ..\STM32F10x_StdPeriph_Driver\src\stm32f10x_adc.c 0x00000000   Number         0  stm32f10x_adc.o ABSOLUTE
    ..\STM32F10x_StdPeriph_Driver\src\stm32f10x_fsmc.c 0x00000000   Number         0  stm32f10x_fsmc.o ABSOLUTE
    ..\STM32F10x_StdPeriph_Driver\src\stm32f10x_gpio.c 0x00000000   Number         0  stm32f10x_gpio.o ABSOLUTE
    ..\STM32F10x_StdPeriph_Driver\src\stm32f10x_rcc.c 0x00000000   Number         0  stm32f10x_rcc.o ABSOLUTE
    ..\STM32F10x_StdPeriph_Driver\src\stm32f10x_spi.c 0x00000000   Number         0  stm32f10x_spi.o ABSOLUTE
    ..\User\AD.c                             0x00000000   Number         0  ad.o ABSOLUTE
    ..\User\Delay.c                          0x00000000   Number         0  delay.o ABSOLUTE
    ..\User\PeripheralInit.c                 0x00000000   Number         0  peripheralinit.o ABSOLUTE
    ..\User\dac8563.c                        0x00000000   Number         0  dac8563.o ABSOLUTE
    ..\User\key.c                            0x00000000   Number         0  key.o ABSOLUTE
    ..\User\lze_lcd.c                        0x00000000   Number         0  lze_lcd.o ABSOLUTE
    ..\User\main.c                           0x00000000   Number         0  main.o ABSOLUTE
    ..\User\spi.c                            0x00000000   Number         0  spi.o ABSOLUTE
    ..\\CMSIS\\CoreSupport\\core_cm3.c       0x00000000   Number         0  core_cm3.o ABSOLUTE
    cdrcmple.s                               0x00000000   Number         0  cdrcmple.o ABSOLUTE
    dc.s                                     0x00000000   Number         0  dc.o ABSOLUTE
    handlers.s                               0x00000000   Number         0  handlers.o ABSOLUTE
    init.s                                   0x00000000   Number         0  init.o ABSOLUTE
    RESET                                    0x08000000   Section      304  startup_stm32f10x_hd.o(RESET)
    .ARM.Collect$$$$00000000                 0x08000130   Section        0  entry.o(.ARM.Collect$$$$00000000)
    .ARM.Collect$$$$00000001                 0x08000130   Section        4  entry2.o(.ARM.Collect$$$$00000001)
    .ARM.Collect$$$$00000004                 0x08000134   Section        4  entry5.o(.ARM.Collect$$$$00000004)
    .ARM.Collect$$$$00000008                 0x08000138   Section        0  entry7b.o(.ARM.Collect$$$$00000008)
    .ARM.Collect$$$$0000000A                 0x08000138   Section        0  entry8b.o(.ARM.Collect$$$$0000000A)
    .ARM.Collect$$$$0000000B                 0x08000138   Section        8  entry9a.o(.ARM.Collect$$$$0000000B)
    .ARM.Collect$$$$0000000E                 0x08000140   Section        4  entry12b.o(.ARM.Collect$$$$0000000E)
    .ARM.Collect$$$$0000000F                 0x08000144   Section        0  entry10a.o(.ARM.Collect$$$$0000000F)
    .ARM.Collect$$$$00000011                 0x08000144   Section        0  entry11a.o(.ARM.Collect$$$$00000011)
    .ARM.Collect$$$$00002712                 0x08000144   Section        4  entry2.o(.ARM.Collect$$$$00002712)
    __lit__00000000                          0x08000144   Data           4  entry2.o(.ARM.Collect$$$$00002712)
    .text                                    0x08000148   Section       36  startup_stm32f10x_hd.o(.text)
    .text                                    0x0800016c   Section        0  fdiv.o(.text)
    .text                                    0x080001e8   Section        0  dadd.o(.text)
    .text                                    0x08000336   Section        0  dmul.o(.text)
    .text                                    0x0800041a   Section        0  ddiv.o(.text)
    .text                                    0x080004f8   Section        0  ffltui.o(.text)
    .text                                    0x08000502   Section        0  ffixui.o(.text)
    .text                                    0x0800052a   Section        0  f2d.o(.text)
    .text                                    0x08000550   Section        0  d2f.o(.text)
    .text                                    0x08000588   Section        0  llshl.o(.text)
    .text                                    0x080005a6   Section        0  llsshr.o(.text)
    .text                                    0x080005ca   Section        0  iusefp.o(.text)
    .text                                    0x080005ca   Section        0  fepilogue.o(.text)
    .text                                    0x08000638   Section        0  depilogue.o(.text)
    .text                                    0x080006f4   Section       36  init.o(.text)
    .text                                    0x08000718   Section        0  llushr.o(.text)
    i.ADC_Cmd                                0x08000738   Section        0  stm32f10x_adc.o(i.ADC_Cmd)
    i.ADC_GetCalibrationStatus               0x0800074e   Section        0  stm32f10x_adc.o(i.ADC_GetCalibrationStatus)
    i.ADC_GetConversionValue                 0x08000762   Section        0  stm32f10x_adc.o(i.ADC_GetConversionValue)
    i.ADC_GetFlagStatus                      0x0800076a   Section        0  stm32f10x_adc.o(i.ADC_GetFlagStatus)
    i.ADC_GetResetCalibrationStatus          0x0800077c   Section        0  stm32f10x_adc.o(i.ADC_GetResetCalibrationStatus)
    i.ADC_Init                               0x08000790   Section        0  stm32f10x_adc.o(i.ADC_Init)
    i.ADC_RegularChannelConfig               0x080007e0   Section        0  stm32f10x_adc.o(i.ADC_RegularChannelConfig)
    i.ADC_ResetCalibration                   0x08000898   Section        0  stm32f10x_adc.o(i.ADC_ResetCalibration)
    i.ADC_SoftwareStartConvCmd               0x080008a2   Section        0  stm32f10x_adc.o(i.ADC_SoftwareStartConvCmd)
    i.ADC_StartCalibration                   0x080008b8   Section        0  stm32f10x_adc.o(i.ADC_StartCalibration)
    i.AD_GetValue                            0x080008c4   Section        0  ad.o(i.AD_GetValue)
    i.AD_Init                                0x080008e8   Section        0  ad.o(i.AD_Init)
    i.DAC8563_GPIO_Init                      0x08000988   Section        0  dac8563.o(i.DAC8563_GPIO_Init)
    i.DAC8563_Write_CHA                      0x080009dc   Section        0  dac8563.o(i.DAC8563_Write_CHA)
    i.DAC8563_Write_CHB                      0x080009ea   Section        0  dac8563.o(i.DAC8563_Write_CHB)
    i.DAC8563_Write_Reg                      0x080009f8   Section        0  dac8563.o(i.DAC8563_Write_Reg)
    i.GPIO_Init                              0x08000a2c   Section        0  stm32f10x_gpio.o(i.GPIO_Init)
    i.GPIO_ResetBits                         0x08000b42   Section        0  stm32f10x_gpio.o(i.GPIO_ResetBits)
    i.GPIO_SetBits                           0x08000b46   Section        0  stm32f10x_gpio.o(i.GPIO_SetBits)
    i.PeripheralInit                         0x08000b4a   Section        0  peripheralinit.o(i.PeripheralInit)
    i.RCC_ADCCLKConfig                       0x08000b58   Section        0  stm32f10x_rcc.o(i.RCC_ADCCLKConfig)
    i.RCC_APB1PeriphClockCmd                 0x08000b70   Section        0  stm32f10x_rcc.o(i.RCC_APB1PeriphClockCmd)
    i.RCC_APB2PeriphClockCmd                 0x08000b90   Section        0  stm32f10x_rcc.o(i.RCC_APB2PeriphClockCmd)
    i.SPI2_Init                              0x08000bb0   Section        0  spi.o(i.SPI2_Init)
    i.SPI2_ReadWriteByte                     0x08000c44   Section        0  spi.o(i.SPI2_ReadWriteByte)
    i.SPI_Cmd                                0x08000c98   Section        0  stm32f10x_spi.o(i.SPI_Cmd)
    i.SPI_I2S_GetFlagStatus                  0x08000cb0   Section        0  stm32f10x_spi.o(i.SPI_I2S_GetFlagStatus)
    i.SPI_I2S_ReceiveData                    0x08000cc2   Section        0  stm32f10x_spi.o(i.SPI_I2S_ReceiveData)
    i.SPI_I2S_SendData                       0x08000cc8   Section        0  stm32f10x_spi.o(i.SPI_I2S_SendData)
    i.SPI_Init                               0x08000ccc   Section        0  stm32f10x_spi.o(i.SPI_Init)
    i.SetSysClock                            0x08000d08   Section        0  system_stm32f10x.o(i.SetSysClock)
    SetSysClock                              0x08000d09   Thumb Code     8  system_stm32f10x.o(i.SetSysClock)
    i.SetSysClockTo72                        0x08000d10   Section        0  system_stm32f10x.o(i.SetSysClockTo72)
    SetSysClockTo72                          0x08000d11   Thumb Code   214  system_stm32f10x.o(i.SetSysClockTo72)
    i.SystemInit                             0x08000df0   Section        0  system_stm32f10x.o(i.SystemInit)
    i.__scatterload_copy                     0x08000e50   Section       14  handlers.o(i.__scatterload_copy)
    i.__scatterload_null                     0x08000e5e   Section        2  handlers.o(i.__scatterload_null)
    i.__scatterload_zeroinit                 0x08000e60   Section       14  handlers.o(i.__scatterload_zeroinit)
    i.main                                   0x08000e70   Section        0  main.o(i.main)
    STACK                                    0x20000000   Section     1024  startup_stm32f10x_hd.o(STACK)

    Global Symbols

    Symbol Name                              Value     Ov Type        Size  Object(Section)

    BuildAttributes$$THM_ISAv4$P$D$K$B$S$PE$A:L22UL41UL21$X:L11$S22US41US21$IEEE1$IW$USESV6$~STKCKD$USESV7$~SHL$OTIME$ROPI$EBA8$MICROLIB$REQ8$PRES8$EABIv2 0x00000000   Number         0  anon$$obj.o ABSOLUTE
    __ARM_use_no_argv                        0x00000000   Number         0  main.o ABSOLUTE
    _printf_a                                0x00000000   Number         0  stubs.o ABSOLUTE
    _printf_c                                0x00000000   Number         0  stubs.o ABSOLUTE
    _printf_charcount                        0x00000000   Number         0  stubs.o ABSOLUTE
    _printf_d                                0x00000000   Number         0  stubs.o ABSOLUTE
    _printf_e                                0x00000000   Number         0  stubs.o ABSOLUTE
    _printf_f                                0x00000000   Number         0  stubs.o ABSOLUTE
    _printf_flags                            0x00000000   Number         0  stubs.o ABSOLUTE
    _printf_fp_dec                           0x00000000   Number         0  stubs.o ABSOLUTE
    _printf_fp_hex                           0x00000000   Number         0  stubs.o ABSOLUTE
    _printf_g                                0x00000000   Number         0  stubs.o ABSOLUTE
    _printf_i                                0x00000000   Number         0  stubs.o ABSOLUTE
    _printf_int_dec                          0x00000000   Number         0  stubs.o ABSOLUTE
    _printf_l                                0x00000000   Number         0  stubs.o ABSOLUTE
    _printf_lc                               0x00000000   Number         0  stubs.o ABSOLUTE
    _printf_ll                               0x00000000   Number         0  stubs.o ABSOLUTE
    _printf_lld                              0x00000000   Number         0  stubs.o ABSOLUTE
    _printf_lli                              0x00000000   Number         0  stubs.o ABSOLUTE
    _printf_llo                              0x00000000   Number         0  stubs.o ABSOLUTE
    _printf_llu                              0x00000000   Number         0  stubs.o ABSOLUTE
    _printf_llx                              0x00000000   Number         0  stubs.o ABSOLUTE
    _printf_longlong_dec                     0x00000000   Number         0  stubs.o ABSOLUTE
    _printf_longlong_hex                     0x00000000   Number         0  stubs.o ABSOLUTE
    _printf_longlong_oct                     0x00000000   Number         0  stubs.o ABSOLUTE
    _printf_ls                               0x00000000   Number         0  stubs.o ABSOLUTE
    _printf_mbtowc                           0x00000000   Number         0  stubs.o ABSOLUTE
    _printf_n                                0x00000000   Number         0  stubs.o ABSOLUTE
    _printf_o                                0x00000000   Number         0  stubs.o ABSOLUTE
    _printf_p                                0x00000000   Number         0  stubs.o ABSOLUTE
    _printf_percent                          0x00000000   Number         0  stubs.o ABSOLUTE
    _printf_pre_padding                      0x00000000   Number         0  stubs.o ABSOLUTE
    _printf_return_value                     0x00000000   Number         0  stubs.o ABSOLUTE
    _printf_s                                0x00000000   Number         0  stubs.o ABSOLUTE
    _printf_sizespec                         0x00000000   Number         0  stubs.o ABSOLUTE
    _printf_str                              0x00000000   Number         0  stubs.o ABSOLUTE
    _printf_truncate_signed                  0x00000000   Number         0  stubs.o ABSOLUTE
    _printf_truncate_unsigned                0x00000000   Number         0  stubs.o ABSOLUTE
    _printf_u                                0x00000000   Number         0  stubs.o ABSOLUTE
    _printf_wc                               0x00000000   Number         0  stubs.o ABSOLUTE
    _printf_wctomb                           0x00000000   Number         0  stubs.o ABSOLUTE
    _printf_widthprec                        0x00000000   Number         0  stubs.o ABSOLUTE
    _printf_x                                0x00000000   Number         0  stubs.o ABSOLUTE
    __arm_fini_                               - Undefined Weak Reference
    __cpp_initialize__aeabi_                  - Undefined Weak Reference
    __cxa_finalize                            - Undefined Weak Reference
    __decompress                              - Undefined Weak Reference
    _clock_init                               - Undefined Weak Reference
    _microlib_exit                            - Undefined Weak Reference
    __Vectors_Size                           0x00000130   Number         0  startup_stm32f10x_hd.o ABSOLUTE
    __Vectors                                0x08000000   Data           4  startup_stm32f10x_hd.o(RESET)
    __Vectors_End                            0x08000130   Data           0  startup_stm32f10x_hd.o(RESET)
    __main                                   0x08000131   Thumb Code     0  entry.o(.ARM.Collect$$$$00000000)
    _main_stk                                0x08000131   Thumb Code     0  entry2.o(.ARM.Collect$$$$00000001)
    _main_scatterload                        0x08000135   Thumb Code     0  entry5.o(.ARM.Collect$$$$00000004)
    __main_after_scatterload                 0x08000139   Thumb Code     0  entry5.o(.ARM.Collect$$$$00000004)
    _main_clock                              0x08000139   Thumb Code     0  entry7b.o(.ARM.Collect$$$$00000008)
    _main_cpp_init                           0x08000139   Thumb Code     0  entry8b.o(.ARM.Collect$$$$0000000A)
    _main_init                               0x08000139   Thumb Code     0  entry9a.o(.ARM.Collect$$$$0000000B)
    __rt_lib_shutdown_fini                   0x08000141   Thumb Code     0  entry12b.o(.ARM.Collect$$$$0000000E)
    __rt_final_cpp                           0x08000145   Thumb Code     0  entry10a.o(.ARM.Collect$$$$0000000F)
    __rt_final_exit                          0x08000145   Thumb Code     0  entry11a.o(.ARM.Collect$$$$00000011)
    Reset_Handler                            0x08000149   Thumb Code     8  startup_stm32f10x_hd.o(.text)
    NMI_Handler                              0x08000151   Thumb Code     2  startup_stm32f10x_hd.o(.text)
    HardFault_Handler                        0x08000153   Thumb Code     2  startup_stm32f10x_hd.o(.text)
    MemManage_Handler                        0x08000155   Thumb Code     2  startup_stm32f10x_hd.o(.text)
    BusFault_Handler                         0x08000157   Thumb Code     2  startup_stm32f10x_hd.o(.text)
    UsageFault_Handler                       0x08000159   Thumb Code     2  startup_stm32f10x_hd.o(.text)
    SVC_Handler                              0x0800015b   Thumb Code     2  startup_stm32f10x_hd.o(.text)
    DebugMon_Handler                         0x0800015d   Thumb Code     2  startup_stm32f10x_hd.o(.text)
    PendSV_Handler                           0x0800015f   Thumb Code     2  startup_stm32f10x_hd.o(.text)
    SysTick_Handler                          0x08000161   Thumb Code     2  startup_stm32f10x_hd.o(.text)
    ADC1_2_IRQHandler                        0x08000163   Thumb Code     0  startup_stm32f10x_hd.o(.text)
    ADC3_IRQHandler                          0x08000163   Thumb Code     0  startup_stm32f10x_hd.o(.text)
    CAN1_RX1_IRQHandler                      0x08000163   Thumb Code     0  startup_stm32f10x_hd.o(.text)
    CAN1_SCE_IRQHandler                      0x08000163   Thumb Code     0  startup_stm32f10x_hd.o(.text)
    DMA1_Channel1_IRQHandler                 0x08000163   Thumb Code     0  startup_stm32f10x_hd.o(.text)
    DMA1_Channel2_IRQHandler                 0x08000163   Thumb Code     0  startup_stm32f10x_hd.o(.text)
    DMA1_Channel3_IRQHandler                 0x08000163   Thumb Code     0  startup_stm32f10x_hd.o(.text)
    DMA1_Channel4_IRQHandler                 0x08000163   Thumb Code     0  startup_stm32f10x_hd.o(.text)
    DMA1_Channel5_IRQHandler                 0x08000163   Thumb Code     0  startup_stm32f10x_hd.o(.text)
    DMA1_Channel6_IRQHandler                 0x08000163   Thumb Code     0  startup_stm32f10x_hd.o(.text)
    DMA1_Channel7_IRQHandler                 0x08000163   Thumb Code     0  startup_stm32f10x_hd.o(.text)
    DMA2_Channel1_IRQHandler                 0x08000163   Thumb Code     0  startup_stm32f10x_hd.o(.text)
    DMA2_Channel2_IRQHandler                 0x08000163   Thumb Code     0  startup_stm32f10x_hd.o(.text)
    DMA2_Channel3_IRQHandler                 0x08000163   Thumb Code     0  startup_stm32f10x_hd.o(.text)
    DMA2_Channel4_5_IRQHandler               0x08000163   Thumb Code     0  startup_stm32f10x_hd.o(.text)
    EXTI0_IRQHandler                         0x08000163   Thumb Code     0  startup_stm32f10x_hd.o(.text)
    EXTI15_10_IRQHandler                     0x08000163   Thumb Code     0  startup_stm32f10x_hd.o(.text)
    EXTI1_IRQHandler                         0x08000163   Thumb Code     0  startup_stm32f10x_hd.o(.text)
    EXTI2_IRQHandler                         0x08000163   Thumb Code     0  startup_stm32f10x_hd.o(.text)
    EXTI3_IRQHandler                         0x08000163   Thumb Code     0  startup_stm32f10x_hd.o(.text)
    EXTI4_IRQHandler                         0x08000163   Thumb Code     0  startup_stm32f10x_hd.o(.text)
    EXTI9_5_IRQHandler                       0x08000163   Thumb Code     0  startup_stm32f10x_hd.o(.text)
    FLASH_IRQHandler                         0x08000163   Thumb Code     0  startup_stm32f10x_hd.o(.text)
    FSMC_IRQHandler                          0x08000163   Thumb Code     0  startup_stm32f10x_hd.o(.text)
    I2C1_ER_IRQHandler                       0x08000163   Thumb Code     0  startup_stm32f10x_hd.o(.text)
    I2C1_EV_IRQHandler                       0x08000163   Thumb Code     0  startup_stm32f10x_hd.o(.text)
    I2C2_ER_IRQHandler                       0x08000163   Thumb Code     0  startup_stm32f10x_hd.o(.text)
    I2C2_EV_IRQHandler                       0x08000163   Thumb Code     0  startup_stm32f10x_hd.o(.text)
    PVD_IRQHandler                           0x08000163   Thumb Code     0  startup_stm32f10x_hd.o(.text)
    RCC_IRQHandler                           0x08000163   Thumb Code     0  startup_stm32f10x_hd.o(.text)
    RTCAlarm_IRQHandler                      0x08000163   Thumb Code     0  startup_stm32f10x_hd.o(.text)
    RTC_IRQHandler                           0x08000163   Thumb Code     0  startup_stm32f10x_hd.o(.text)
    SDIO_IRQHandler                          0x08000163   Thumb Code     0  startup_stm32f10x_hd.o(.text)
    SPI1_IRQHandler                          0x08000163   Thumb Code     0  startup_stm32f10x_hd.o(.text)
    SPI2_IRQHandler                          0x08000163   Thumb Code     0  startup_stm32f10x_hd.o(.text)
    SPI3_IRQHandler                          0x08000163   Thumb Code     0  startup_stm32f10x_hd.o(.text)
    TAMPER_IRQHandler                        0x08000163   Thumb Code     0  startup_stm32f10x_hd.o(.text)
    TIM1_BRK_IRQHandler                      0x08000163   Thumb Code     0  startup_stm32f10x_hd.o(.text)
    TIM1_CC_IRQHandler                       0x08000163   Thumb Code     0  startup_stm32f10x_hd.o(.text)
    TIM1_TRG_COM_IRQHandler                  0x08000163   Thumb Code     0  startup_stm32f10x_hd.o(.text)
    TIM1_UP_IRQHandler                       0x08000163   Thumb Code     0  startup_stm32f10x_hd.o(.text)
    TIM2_IRQHandler                          0x08000163   Thumb Code     0  startup_stm32f10x_hd.o(.text)
    TIM3_IRQHandler                          0x08000163   Thumb Code     0  startup_stm32f10x_hd.o(.text)
    TIM4_IRQHandler                          0x08000163   Thumb Code     0  startup_stm32f10x_hd.o(.text)
    TIM5_IRQHandler                          0x08000163   Thumb Code     0  startup_stm32f10x_hd.o(.text)
    TIM6_IRQHandler                          0x08000163   Thumb Code     0  startup_stm32f10x_hd.o(.text)
    TIM7_IRQHandler                          0x08000163   Thumb Code     0  startup_stm32f10x_hd.o(.text)
    TIM8_BRK_IRQHandler                      0x08000163   Thumb Code     0  startup_stm32f10x_hd.o(.text)
    TIM8_CC_IRQHandler                       0x08000163   Thumb Code     0  startup_stm32f10x_hd.o(.text)
    TIM8_TRG_COM_IRQHandler                  0x08000163   Thumb Code     0  startup_stm32f10x_hd.o(.text)
    TIM8_UP_IRQHandler                       0x08000163   Thumb Code     0  startup_stm32f10x_hd.o(.text)
    UART4_IRQHandler                         0x08000163   Thumb Code     0  startup_stm32f10x_hd.o(.text)
    UART5_IRQHandler                         0x08000163   Thumb Code     0  startup_stm32f10x_hd.o(.text)
    USART1_IRQHandler                        0x08000163   Thumb Code     0  startup_stm32f10x_hd.o(.text)
    USART2_IRQHandler                        0x08000163   Thumb Code     0  startup_stm32f10x_hd.o(.text)
    USART3_IRQHandler                        0x08000163   Thumb Code     0  startup_stm32f10x_hd.o(.text)
    USBWakeUp_IRQHandler                     0x08000163   Thumb Code     0  startup_stm32f10x_hd.o(.text)
    USB_HP_CAN1_TX_IRQHandler                0x08000163   Thumb Code     0  startup_stm32f10x_hd.o(.text)
    USB_LP_CAN1_RX0_IRQHandler               0x08000163   Thumb Code     0  startup_stm32f10x_hd.o(.text)
    WWDG_IRQHandler                          0x08000163   Thumb Code     0  startup_stm32f10x_hd.o(.text)
    __aeabi_fdiv                             0x0800016d   Thumb Code   124  fdiv.o(.text)
    __aeabi_dadd                             0x080001e9   Thumb Code   322  dadd.o(.text)
    __aeabi_dsub                             0x0800032b   Thumb Code     6  dadd.o(.text)
    __aeabi_drsub                            0x08000331   Thumb Code     6  dadd.o(.text)
    __aeabi_dmul                             0x08000337   Thumb Code   228  dmul.o(.text)
    __aeabi_ddiv                             0x0800041b   Thumb Code   222  ddiv.o(.text)
    __aeabi_ui2f                             0x080004f9   Thumb Code    10  ffltui.o(.text)
    __aeabi_f2uiz                            0x08000503   Thumb Code    40  ffixui.o(.text)
    __aeabi_f2d                              0x0800052b   Thumb Code    38  f2d.o(.text)
    __aeabi_d2f                              0x08000551   Thumb Code    56  d2f.o(.text)
    __aeabi_llsl                             0x08000589   Thumb Code    30  llshl.o(.text)
    _ll_shift_l                              0x08000589   Thumb Code     0  llshl.o(.text)
    __aeabi_lasr                             0x080005a7   Thumb Code    36  llsshr.o(.text)
    _ll_sshift_r                             0x080005a7   Thumb Code     0  llsshr.o(.text)
    __I$use$fp                               0x080005cb   Thumb Code     0  iusefp.o(.text)
    _float_round                             0x080005cb   Thumb Code    18  fepilogue.o(.text)
    _float_epilogue                          0x080005dd   Thumb Code    92  fepilogue.o(.text)
    _double_round                            0x08000639   Thumb Code    30  depilogue.o(.text)
    _double_epilogue                         0x08000657   Thumb Code   156  depilogue.o(.text)
    __scatterload                            0x080006f5   Thumb Code    28  init.o(.text)
    __scatterload_rt2                        0x080006f5   Thumb Code     0  init.o(.text)
    __aeabi_llsr                             0x08000719   Thumb Code    32  llushr.o(.text)
    _ll_ushift_r                             0x08000719   Thumb Code     0  llushr.o(.text)
    ADC_Cmd                                  0x08000739   Thumb Code    22  stm32f10x_adc.o(i.ADC_Cmd)
    ADC_GetCalibrationStatus                 0x0800074f   Thumb Code    20  stm32f10x_adc.o(i.ADC_GetCalibrationStatus)
    ADC_GetConversionValue                   0x08000763   Thumb Code     8  stm32f10x_adc.o(i.ADC_GetConversionValue)
    ADC_GetFlagStatus                        0x0800076b   Thumb Code    18  stm32f10x_adc.o(i.ADC_GetFlagStatus)
    ADC_GetResetCalibrationStatus            0x0800077d   Thumb Code    20  stm32f10x_adc.o(i.ADC_GetResetCalibrationStatus)
    ADC_Init                                 0x08000791   Thumb Code    70  stm32f10x_adc.o(i.ADC_Init)
    ADC_RegularChannelConfig                 0x080007e1   Thumb Code   184  stm32f10x_adc.o(i.ADC_RegularChannelConfig)
    ADC_ResetCalibration                     0x08000899   Thumb Code    10  stm32f10x_adc.o(i.ADC_ResetCalibration)
    ADC_SoftwareStartConvCmd                 0x080008a3   Thumb Code    22  stm32f10x_adc.o(i.ADC_SoftwareStartConvCmd)
    ADC_StartCalibration                     0x080008b9   Thumb Code    10  stm32f10x_adc.o(i.ADC_StartCalibration)
    AD_GetValue                              0x080008c5   Thumb Code    32  ad.o(i.AD_GetValue)
    AD_Init                                  0x080008e9   Thumb Code   150  ad.o(i.AD_Init)
    DAC8563_GPIO_Init                        0x08000989   Thumb Code    78  dac8563.o(i.DAC8563_GPIO_Init)
    DAC8563_Write_CHA                        0x080009dd   Thumb Code    14  dac8563.o(i.DAC8563_Write_CHA)
    DAC8563_Write_CHB                        0x080009eb   Thumb Code    14  dac8563.o(i.DAC8563_Write_CHB)
    DAC8563_Write_Reg                        0x080009f9   Thumb Code    46  dac8563.o(i.DAC8563_Write_Reg)
    GPIO_Init                                0x08000a2d   Thumb Code   278  stm32f10x_gpio.o(i.GPIO_Init)
    GPIO_ResetBits                           0x08000b43   Thumb Code     4  stm32f10x_gpio.o(i.GPIO_ResetBits)
    GPIO_SetBits                             0x08000b47   Thumb Code     4  stm32f10x_gpio.o(i.GPIO_SetBits)
    PeripheralInit                           0x08000b4b   Thumb Code    12  peripheralinit.o(i.PeripheralInit)
    RCC_ADCCLKConfig                         0x08000b59   Thumb Code    18  stm32f10x_rcc.o(i.RCC_ADCCLKConfig)
    RCC_APB1PeriphClockCmd                   0x08000b71   Thumb Code    26  stm32f10x_rcc.o(i.RCC_APB1PeriphClockCmd)
    RCC_APB2PeriphClockCmd                   0x08000b91   Thumb Code    26  stm32f10x_rcc.o(i.RCC_APB2PeriphClockCmd)
    SPI2_Init                                0x08000bb1   Thumb Code   138  spi.o(i.SPI2_Init)
    SPI2_ReadWriteByte                       0x08000c45   Thumb Code    78  spi.o(i.SPI2_ReadWriteByte)
    SPI_Cmd                                  0x08000c99   Thumb Code    24  stm32f10x_spi.o(i.SPI_Cmd)
    SPI_I2S_GetFlagStatus                    0x08000cb1   Thumb Code    18  stm32f10x_spi.o(i.SPI_I2S_GetFlagStatus)
    SPI_I2S_ReceiveData                      0x08000cc3   Thumb Code     6  stm32f10x_spi.o(i.SPI_I2S_ReceiveData)
    SPI_I2S_SendData                         0x08000cc9   Thumb Code     4  stm32f10x_spi.o(i.SPI_I2S_SendData)
    SPI_Init                                 0x08000ccd   Thumb Code    60  stm32f10x_spi.o(i.SPI_Init)
    SystemInit                               0x08000df1   Thumb Code    78  system_stm32f10x.o(i.SystemInit)
    __scatterload_copy                       0x08000e51   Thumb Code    14  handlers.o(i.__scatterload_copy)
    __scatterload_null                       0x08000e5f   Thumb Code     2  handlers.o(i.__scatterload_null)
    __scatterload_zeroinit                   0x08000e61   Thumb Code    14  handlers.o(i.__scatterload_zeroinit)
    main                                     0x08000e71   Thumb Code   364  main.o(i.main)
    Region$$Table$$Base                      0x08001000   Number         0  anon$$obj.o(Region$$Table)
    Region$$Table$$Limit                     0x08001010   Number         0  anon$$obj.o(Region$$Table)
    __initial_sp                             0x20000400   Data           0  startup_stm32f10x_hd.o(STACK)



==============================================================================

Memory Map of the image

  Image Entry point : 0x08000131

  Load Region LR_IROM1 (Base: 0x08000000, Size: 0x00001010, Max: 0x00010000, ABSOLUTE)

    Execution Region ER_IROM1 (Exec base: 0x08000000, Load base: 0x08000000, Size: 0x00001010, Max: 0x00010000, ABSOLUTE)

    Exec Addr    Load Addr    Size         Type   Attr      Idx    E Section Name        Object

    0x08000000   0x08000000   0x00000130   Data   RO         1510    RESET               startup_stm32f10x_hd.o
    0x08000130   0x08000130   0x00000000   Code   RO         1515  * .ARM.Collect$$$$00000000  mc_w.l(entry.o)
    0x08000130   0x08000130   0x00000004   Code   RO         1795    .ARM.Collect$$$$00000001  mc_w.l(entry2.o)
    0x08000134   0x08000134   0x00000004   Code   RO         1798    .ARM.Collect$$$$00000004  mc_w.l(entry5.o)
    0x08000138   0x08000138   0x00000000   Code   RO         1800    .ARM.Collect$$$$00000008  mc_w.l(entry7b.o)
    0x08000138   0x08000138   0x00000000   Code   RO         1802    .ARM.Collect$$$$0000000A  mc_w.l(entry8b.o)
    0x08000138   0x08000138   0x00000008   Code   RO         1803    .ARM.Collect$$$$0000000B  mc_w.l(entry9a.o)
    0x08000140   0x08000140   0x00000004   Code   RO         1810    .ARM.Collect$$$$0000000E  mc_w.l(entry12b.o)
    0x08000144   0x08000144   0x00000000   Code   RO         1805    .ARM.Collect$$$$0000000F  mc_w.l(entry10a.o)
    0x08000144   0x08000144   0x00000000   Code   RO         1807    .ARM.Collect$$$$00000011  mc_w.l(entry11a.o)
    0x08000144   0x08000144   0x00000004   Code   RO         1796    .ARM.Collect$$$$00002712  mc_w.l(entry2.o)
    0x08000148   0x08000148   0x00000024   Code   RO         1511    .text               startup_stm32f10x_hd.o
    0x0800016c   0x0800016c   0x0000007c   Code   RO         1779    .text               mf_w.l(fdiv.o)
    0x080001e8   0x080001e8   0x0000014e   Code   RO         1781    .text               mf_w.l(dadd.o)
    0x08000336   0x08000336   0x000000e4   Code   RO         1783    .text               mf_w.l(dmul.o)
    0x0800041a   0x0800041a   0x000000de   Code   RO         1785    .text               mf_w.l(ddiv.o)
    0x080004f8   0x080004f8   0x0000000a   Code   RO         1787    .text               mf_w.l(ffltui.o)
    0x08000502   0x08000502   0x00000028   Code   RO         1789    .text               mf_w.l(ffixui.o)
    0x0800052a   0x0800052a   0x00000026   Code   RO         1791    .text               mf_w.l(f2d.o)
    0x08000550   0x08000550   0x00000038   Code   RO         1793    .text               mf_w.l(d2f.o)
    0x08000588   0x08000588   0x0000001e   Code   RO         1818    .text               mc_w.l(llshl.o)
    0x080005a6   0x080005a6   0x00000024   Code   RO         1820    .text               mc_w.l(llsshr.o)
    0x080005ca   0x080005ca   0x00000000   Code   RO         1822    .text               mc_w.l(iusefp.o)
    0x080005ca   0x080005ca   0x0000006e   Code   RO         1823    .text               mf_w.l(fepilogue.o)
    0x08000638   0x08000638   0x000000ba   Code   RO         1825    .text               mf_w.l(depilogue.o)
    0x080006f2   0x080006f2   0x00000002   PAD
    0x080006f4   0x080006f4   0x00000024   Code   RO         1831    .text               mc_w.l(init.o)
    0x08000718   0x08000718   0x00000020   Code   RO         1834    .text               mc_w.l(llushr.o)
    0x08000738   0x08000738   0x00000016   Code   RO         1237    i.ADC_Cmd           stm32f10x_adc.o
    0x0800074e   0x0800074e   0x00000014   Code   RO         1245    i.ADC_GetCalibrationStatus  stm32f10x_adc.o
    0x08000762   0x08000762   0x00000008   Code   RO         1246    i.ADC_GetConversionValue  stm32f10x_adc.o
    0x0800076a   0x0800076a   0x00000012   Code   RO         1248    i.ADC_GetFlagStatus  stm32f10x_adc.o
    0x0800077c   0x0800077c   0x00000014   Code   RO         1251    i.ADC_GetResetCalibrationStatus  stm32f10x_adc.o
    0x08000790   0x08000790   0x00000050   Code   RO         1255    i.ADC_Init          stm32f10x_adc.o
    0x080007e0   0x080007e0   0x000000b8   Code   RO         1259    i.ADC_RegularChannelConfig  stm32f10x_adc.o
    0x08000898   0x08000898   0x0000000a   Code   RO         1260    i.ADC_ResetCalibration  stm32f10x_adc.o
    0x080008a2   0x080008a2   0x00000016   Code   RO         1262    i.ADC_SoftwareStartConvCmd  stm32f10x_adc.o
    0x080008b8   0x080008b8   0x0000000a   Code   RO         1264    i.ADC_StartCalibration  stm32f10x_adc.o
    0x080008c2   0x080008c2   0x00000002   PAD
    0x080008c4   0x080008c4   0x00000024   Code   RO          596    i.AD_GetValue       ad.o
    0x080008e8   0x080008e8   0x000000a0   Code   RO          597    i.AD_Init           ad.o
    0x08000988   0x08000988   0x00000054   Code   RO          554    i.DAC8563_GPIO_Init  dac8563.o
    0x080009dc   0x080009dc   0x0000000e   Code   RO          555    i.DAC8563_Write_CHA  dac8563.o
    0x080009ea   0x080009ea   0x0000000e   Code   RO          557    i.DAC8563_Write_CHB  dac8563.o
    0x080009f8   0x080009f8   0x00000034   Code   RO          558    i.DAC8563_Write_Reg  dac8563.o
    0x08000a2c   0x08000a2c   0x00000116   Code   RO          659    i.GPIO_Init         stm32f10x_gpio.o
    0x08000b42   0x08000b42   0x00000004   Code   RO          666    i.GPIO_ResetBits    stm32f10x_gpio.o
    0x08000b46   0x08000b46   0x00000004   Code   RO          667    i.GPIO_SetBits      stm32f10x_gpio.o
    0x08000b4a   0x08000b4a   0x0000000c   Code   RO           72    i.PeripheralInit    peripheralinit.o
    0x08000b56   0x08000b56   0x00000002   PAD
    0x08000b58   0x08000b58   0x00000018   Code   RO          767    i.RCC_ADCCLKConfig  stm32f10x_rcc.o
    0x08000b70   0x08000b70   0x00000020   Code   RO          769    i.RCC_APB1PeriphClockCmd  stm32f10x_rcc.o
    0x08000b90   0x08000b90   0x00000020   Code   RO          771    i.RCC_APB2PeriphClockCmd  stm32f10x_rcc.o
    0x08000bb0   0x08000bb0   0x00000094   Code   RO          512    i.SPI2_Init         spi.o
    0x08000c44   0x08000c44   0x00000054   Code   RO          514    i.SPI2_ReadWriteByte  spi.o
    0x08000c98   0x08000c98   0x00000018   Code   RO         1092    i.SPI_Cmd           stm32f10x_spi.o
    0x08000cb0   0x08000cb0   0x00000012   Code   RO         1100    i.SPI_I2S_GetFlagStatus  stm32f10x_spi.o
    0x08000cc2   0x08000cc2   0x00000006   Code   RO         1103    i.SPI_I2S_ReceiveData  stm32f10x_spi.o
    0x08000cc8   0x08000cc8   0x00000004   Code   RO         1104    i.SPI_I2S_SendData  stm32f10x_spi.o
    0x08000ccc   0x08000ccc   0x0000003c   Code   RO         1105    i.SPI_Init          stm32f10x_spi.o
    0x08000d08   0x08000d08   0x00000008   Code   RO         1464    i.SetSysClock       system_stm32f10x.o
    0x08000d10   0x08000d10   0x000000e0   Code   RO         1465    i.SetSysClockTo72   system_stm32f10x.o
    0x08000df0   0x08000df0   0x00000060   Code   RO         1467    i.SystemInit        system_stm32f10x.o
    0x08000e50   0x08000e50   0x0000000e   Code   RO         1839    i.__scatterload_copy  mc_w.l(handlers.o)
    0x08000e5e   0x08000e5e   0x00000002   Code   RO         1840    i.__scatterload_null  mc_w.l(handlers.o)
    0x08000e60   0x08000e60   0x0000000e   Code   RO         1841    i.__scatterload_zeroinit  mc_w.l(handlers.o)
    0x08000e6e   0x08000e6e   0x00000002   PAD
    0x08000e70   0x08000e70   0x00000190   Code   RO            1    i.main              main.o
    0x08001000   0x08001000   0x00000010   Data   RO         1837    Region$$Table       anon$$obj.o


    Execution Region RW_IRAM1 (Exec base: 0x20000000, Load base: 0x08001010, Size: 0x00000400, Max: 0x00005000, ABSOLUTE)

    Exec Addr    Load Addr    Size         Type   Attr      Idx    E Section Name        Object

    0x20000000        -       0x00000400   Zero   RW         1508    STACK               startup_stm32f10x_hd.o


==============================================================================

Image component sizes


      Code (inc. data)   RO Data    RW Data    ZI Data      Debug   Object Name

       196         14          0          0          0      10308   ad.o
         0          0          0          0          0         32   core_cm3.o
       164         12          0          0          0       2328   dac8563.o
       400         36          0          0          0     215591   main.o
        12          0          0          0          0        525   peripheralinit.o
       232         16          0          0          0       8361   spi.o
        36          8        304          0       1024        892   startup_stm32f10x_hd.o
       394         10          0          0          0       8965   stm32f10x_adc.o
       286          0          0          0          0       3380   stm32f10x_gpio.o
        88         18          0          0          0       1945   stm32f10x_rcc.o
       112          0          0          0          0       4350   stm32f10x_spi.o
       328         28          0          0          0       2341   system_stm32f10x.o

    ----------------------------------------------------------------------
      2252        142        320          0       1024     259018   Object Totals
         0          0         16          0          0          0   (incl. Generated)
         4          0          0          0          0          0   (incl. Padding)

    ----------------------------------------------------------------------

      Code (inc. data)   RO Data    RW Data    ZI Data      Debug   Library Member Name

         0          0          0          0          0          0   entry.o
         0          0          0          0          0          0   entry10a.o
         0          0          0          0          0          0   entry11a.o
         4          0          0          0          0          0   entry12b.o
         8          4          0          0          0          0   entry2.o
         4          0          0          0          0          0   entry5.o
         0          0          0          0          0          0   entry7b.o
         0          0          0          0          0          0   entry8b.o
         8          4          0          0          0          0   entry9a.o
        30          0          0          0          0          0   handlers.o
        36          8          0          0          0         68   init.o
         0          0          0          0          0          0   iusefp.o
        30          0          0          0          0         68   llshl.o
        36          0          0          0          0         68   llsshr.o
        32          0          0          0          0         68   llushr.o
        56          0          0          0          0         88   d2f.o
       334          0          0          0          0        148   dadd.o
       222          0          0          0          0        100   ddiv.o
       186          0          0          0          0        176   depilogue.o
       228          0          0          0          0         96   dmul.o
        38          0          0          0          0         68   f2d.o
       124          0          0          0          0         88   fdiv.o
       110          0          0          0          0        168   fepilogue.o
        40          0          0          0          0         68   ffixui.o
        10          0          0          0          0         68   ffltui.o

    ----------------------------------------------------------------------
      1540         16          0          0          0       1340   Library Totals
         4          0          0          0          0          0   (incl. Padding)

    ----------------------------------------------------------------------

      Code (inc. data)   RO Data    RW Data    ZI Data      Debug   Library Name

       188         16          0          0          0        272   mc_w.l
      1348          0          0          0          0       1068   mf_w.l

    ----------------------------------------------------------------------
      1540         16          0          0          0       1340   Library Totals

    ----------------------------------------------------------------------

==============================================================================


      Code (inc. data)   RO Data    RW Data    ZI Data      Debug   

      3792        158        320          0       1024     258274   Grand Totals
      3792        158        320          0       1024     258274   ELF Image Totals
      3792        158        320          0          0          0   ROM Totals

==============================================================================

    Total RO  Size (Code + RO Data)                 4112 (   4.02kB)
    Total RW  Size (RW Data + ZI Data)              1024 (   1.00kB)
    Total ROM Size (Code + RO Data + RW Data)       4112 (   4.02kB)

==============================================================================

